model_prepration/daily_sales.csv
Date,Item Name,Quantity Sold (kilo),Sales_count,Discount (Yes/No),Unit Selling Price (RMB/kg),monthOfyear
2020-07-01,Chinese Cabbage,14.748,16,0,3.2,7
2020-07-02,Chinese Cabbage,11.228,13,1,0.7,7
2020-07-03,Chinese Cabbage,10.446,15,0,3.6,7
2020-07-04,Chinese Cabbage,9.638,12,0,3.6,7
2020-07-05,Chinese Cabbage,9.698,10,0,4.0,7
2020-07-06,Chinese Cabbage,14.098,21,0,4.0,7
2020-07-07,Chinese Cabbage,14.828,24,1,3.5,7
2020-07-08,Chinese Cabbage,6.8100000000000005,9,0,4.0,7
2020-07-09,Chinese Cabbage,23.142,23,0,4.0,7
2020-07-10,Chinese Cabbage,16.759,19,1,3.6,7
2020-07-11,Chinese Cabbage,7.665,10,1,2.8,7
2020-07-12,Chinese Cabbage,17.036,20,1,3.6,7
2020-07-13,Chinese Cabbage,18.292,18,1,3.6,7
2020-07-14,Chinese Cabbage,13.620000000000001,14,0,4.0,7
2020-07-15,Chinese Cabbage,31.647,34,1,2.3,7
2020-07-16,Chinese Cabbage,22.319,28,1,2.7,7
2020-07-17,Chinese Cabbage,26.681,30,1,2.6,7
2020-07-18,Chinese Cabbage,15.537,18,1,2.6,7
2020-07-19,Chinese Cabbage,20.05,22,1,3.2,7
2020-07-20,Chinese Cabbage,21.031,22,1,3.3,7
2020-07-21,Chinese Cabbage,22.412,19,1,3.7,7
2020-07-22,Chinese Cabbage,24.174,23,1,3.7,7
2020-07-23,Chinese Cabbage,14.448,11,1,2.4,7
2020-07-25,Chinese Cabbage,14.079,14,1,3.1,7
2020-07-26,Chinese Cabbage,12.538,16,1,3.5,7
2020-07-27,Chinese Cabbage,14.195,18,1,3.6,7
2020-07-28,Chinese Cabbage,14.305,21,1,3.0,7
2020-07-29,Chinese Cabbage,15.783999999999999,21,1,3.1,7
2020-07-30,Chinese Cabbage,19.804000000000002,23,1,2.7,7
2020-07-31,Chinese Cabbage,28.859,41,0,3.6,7
2020-08-01,Chinese Cabbage,20.029,25,1,3.2,8
2020-08-02,Chinese Cabbage,15.756,20,0,3.6,8
2020-08-03,Chinese Cabbage,13.576,21,0,3.6,8
2020-08-04,Chinese Cabbage,28.185,26,0,3.6,8
2020-08-05,Chinese Cabbage,26.624,24,0,3.6,8
2020-08-06,Chinese Cabbage,34.693,40,0,3.6,8
2020-08-07,Chinese Cabbage,26.791,25,0,3.6,8
2020-08-08,Chinese Cabbage,20.506,26,0,3.6,8
2020-08-09,Chinese Cabbage,18.101,18,0,3.6,8
2020-08-10,Chinese Cabbage,7.263,11,0,3.6,8
2020-08-11,Chinese Cabbage,13.072,19,0,3.6,8
2020-08-12,Chinese Cabbage,21.456,21,0,3.6,8
2020-08-13,Chinese Cabbage,8.939,14,0,3.6,8
2020-08-14,Chinese Cabbage,20.98,24,0,3.6,8
2020-08-15,Chinese Cabbage,17.962,15,0,3.6,8
2020-08-16,Chinese Cabbage,16.357,14,0,4.0,8
2020-08-17,Chinese Cabbage,17.592,22,0,4.0,8
2020-08-18,Chinese Cabbage,13.069,21,0,4.0,8
2020-08-19,Chinese Cabbage,18.442,22,0,4.0,8
2020-08-20,Chinese Cabbage,20.126,15,0,4.0,8
2020-08-21,Chinese Cabbage,19.948999999999998,16,0,4.0,8
2020-08-22,Chinese Cabbage,18.644,18,0,4.0,8
2020-08-23,Chinese Cabbage,18.872,21,0,4.0,8
2020-08-24,Chinese Cabbage,10.522,14,0,5.0,8
2020-08-25,Chinese Cabbage,13.515,17,0,5.0,8
2020-08-26,Chinese Cabbage,23.375,22,0,5.0,8
2020-08-27,Chinese Cabbage,10.323,13,0,5.0,8
2020-08-28,Chinese Cabbage,15.101,23,0,5.0,8
2020-08-29,Chinese Cabbage,18.496,18,0,5.0,8
2020-08-30,Chinese Cabbage,14.237,15,0,5.0,8
2020-08-31,Chinese Cabbage,16.408,26,0,5.0,8
2020-09-01,Chinese Cabbage,5.7620000000000005,7,0,5.0,9
2020-09-02,Chinese Cabbage,13.82,15,0,4.0,9
2020-09-03,Chinese Cabbage,18.316,21,0,4.0,9
2020-09-04,Chinese Cabbage,18.218,16,0,4.0,9
2020-09-05,Chinese Cabbage,13.801,9,0,4.6,9
2020-09-06,Chinese Cabbage,29.983,27,0,5.0,9
2020-09-07,Chinese Cabbage,4.277,4,0,5.0,9
2020-09-08,Chinese Cabbage,13.032,14,0,5.0,9
2020-09-09,Chinese Cabbage,8.394,8,0,5.0,9
2020-09-10,Chinese Cabbage,12.65,11,0,5.0,9
2020-09-11,Chinese Cabbage,18.916,15,0,5.0,9
2020-09-12,Chinese Cabbage,19.36,19,0,5.0,9
2020-09-13,Chinese Cabbage,34.456,26,0,4.6,9
2020-09-14,Chinese Cabbage,15.96,11,0,4.6,9
2020-09-15,Chinese Cabbage,11.681000000000001,9,0,4.6,9
2020-09-16,Chinese Cabbage,18.298000000000002,14,0,4.6,9
2020-09-17,Chinese Cabbage,13.885,11,0,4.6,9
2020-09-18,Chinese Cabbage,7.991,6,0,4.0,9
2020-09-19,Chinese Cabbage,21.762999999999998,22,0,4.0,9
2020-09-20,Chinese Cabbage,30.196,26,0,3.6,9
2020-09-21,Chinese Cabbage,22.788,13,0,4.0,9
2020-09-22,Chinese Cabbage,25.452,28,0,4.0,9
2020-09-23,Chinese Cabbage,23.542,15,0,4.0,9
2020-09-24,Chinese Cabbage,19.221,19,0,4.0,9
2020-09-25,Chinese Cabbage,31.307,35,0,4.0,9
2020-09-26,Chinese Cabbage,39.118,40,0,4.0,9
2020-09-27,Chinese Cabbage,48.923,42,0,4.0,9
2020-09-28,Chinese Cabbage,20.702,26,0,4.0,9
2020-09-29,Chinese Cabbage,11.23,12,0,4.0,9
2020-09-30,Chinese Cabbage,27.01,23,0,4.0,9
2020-10-01,Chinese Cabbage,30.653,28,0,4.0,10
2020-10-02,Chinese Cabbage,32.464,29,0,4.0,10
2020-10-03,Chinese Cabbage,54.244,33,0,2.0,10
2020-10-04,Chinese Cabbage,48.186,31,0,2.0,10
2020-10-05,Chinese Cabbage,90.763,56,0,2.0,10
2020-10-06,Chinese Cabbage,83.416,78,0,4.0,10
2020-10-07,Chinese Cabbage,60.156,55,0,4.0,10
2020-10-08,Chinese Cabbage,43.945,33,0,4.0,10
2020-10-09,Chinese Cabbage,22.965,23,0,4.0,10
2020-10-10,Chinese Cabbage,21.611,20,0,4.0,10
2020-10-11,Chinese Cabbage,53.964,53,0,3.0,10
2020-10-12,Chinese Cabbage,37.42,38,0,3.0,10
2020-10-13,Chinese Cabbage,36.007,30,0,3.0,10
2020-10-14,Chinese Cabbage,37.553,31,0,3.0,10
2020-10-15,Chinese Cabbage,41.682,37,0,3.0,10
2020-10-16,Chinese Cabbage,34.868,37,0,3.0,10
2020-10-17,Chinese Cabbage,56.38,41,0,3.0,10
2020-10-18,Chinese Cabbage,43.257999999999996,34,0,3.0,10
2020-10-19,Chinese Cabbage,38.996,33,0,3.0,10
2020-10-20,Chinese Cabbage,26.41,28,0,3.0,10
2020-10-21,Chinese Cabbage,34.612,43,0,2.6,10
2020-10-22,Chinese Cabbage,26.394,32,0,2.6,10
2020-10-23,Chinese Cabbage,74.05,66,0,2.0,10
2020-10-24,Chinese Cabbage,73.495,67,0,2.0,10
2020-10-25,Chinese Cabbage,54.702,54,0,2.0,10
2020-10-26,Chinese Cabbage,43.492,37,0,2.0,10
2020-10-27,Chinese Cabbage,59.504,45,0,2.0,10
2020-10-28,Chinese Cabbage,52.582,48,0,2.0,10
2020-10-29,Chinese Cabbage,34.397,31,0,2.0,10
2020-10-30,Chinese Cabbage,45.71,34,0,2.0,10
2020-10-31,Chinese Cabbage,63.291,59,0,2.0,10
2020-11-01,Chinese Cabbage,60.06,62,0,2.0,11
2020-11-02,Chinese Cabbage,50.463,50,0,2.0,11
2020-11-03,Chinese Cabbage,38.391,42,0,2.0,11
2020-11-04,Chinese Cabbage,47.332,50,0,2.0,11
2020-11-05,Chinese Cabbage,39.855,46,0,2.0,11
2020-11-06,Chinese Cabbage,42.533,48,0,2.0,11
2020-11-07,Chinese Cabbage,44.248,50,0,2.0,11
2020-11-08,Chinese Cabbage,70.971,62,0,2.0,11
2020-11-09,Chinese Cabbage,43.591,33,0,2.0,11
2020-11-10,Chinese Cabbage,58.695,60,0,2.0,11
2020-11-11,Chinese Cabbage,50.219,47,0,1.4,11
2020-11-12,Chinese Cabbage,53.841,38,0,1.4,11
2020-11-13,Chinese Cabbage,59.93,41,0,1.4,11
2020-11-14,Chinese Cabbage,74.135,60,0,1.4,11
2020-11-15,Chinese Cabbage,71.229,52,0,1.4,11
2020-11-16,Chinese Cabbage,36.303,30,0,1.4,11
2020-11-17,Chinese Cabbage,85.255,65,0,1.2,11
2020-11-18,Chinese Cabbage,36.273,31,0,1.2,11
2020-11-19,Chinese Cabbage,94.497,68,0,1.0,11
2020-11-20,Chinese Cabbage,114.708,68,0,1.0,11
2020-11-21,Chinese Cabbage,217.458,168,0,1.0,11
2020-11-22,Chinese Cabbage,178.27100000000002,142,0,1.0,11
2020-11-23,Chinese Cabbage,121.434,71,0,1.0,11
2020-11-24,Chinese Cabbage,67.471,55,0,1.6,11
2020-11-25,Chinese Cabbage,94.998,73,0,1.4,11
2020-11-26,Chinese Cabbage,174.597,86,0,1.0,11
2020-11-27,Chinese Cabbage,115.725,77,0,1.0,11
2020-11-28,Chinese Cabbage,244.4,139,0,1.0,11
2020-11-29,Chinese Cabbage,137.562,102,0,1.0,11
2020-11-30,Chinese Cabbage,97.967,60,0,1.0,11
2020-12-01,Chinese Cabbage,155.423,97,0,1.0,12
2020-12-02,Chinese Cabbage,113.98400000000001,69,0,1.0,12
2020-12-03,Chinese Cabbage,167.255,84,0,1.0,12
2020-12-04,Chinese Cabbage,115.929,70,0,1.0,12
2020-12-05,Chinese Cabbage,175.524,105,0,1.0,12
2020-12-06,Chinese Cabbage,228.887,113,0,1.0,12
2020-12-07,Chinese Cabbage,106.64,67,0,1.0,12
2020-12-08,Chinese Cabbage,88.986,59,0,1.0,12
2020-12-09,Chinese Cabbage,93.782,62,0,1.0,12
2020-12-10,Chinese Cabbage,85.616,59,0,1.0,12
2020-12-11,Chinese Cabbage,118.274,83,0,1.0,12
2020-12-12,Chinese Cabbage,156.841,103,0,1.0,12
2020-12-13,Chinese Cabbage,221.55,151,0,1.0,12
2020-12-14,Chinese Cabbage,103.679,53,0,1.0,12
2020-12-15,Chinese Cabbage,102.046,74,0,1.0,12
2020-12-16,Chinese Cabbage,74.393,46,0,1.0,12
2020-12-17,Chinese Cabbage,87.351,56,0,1.0,12
2020-12-18,Chinese Cabbage,63.877,51,0,1.0,12
2020-12-19,Chinese Cabbage,134.189,99,0,1.0,12
2020-12-20,Chinese Cabbage,141.838,117,0,1.0,12
2020-12-21,Chinese Cabbage,58.980000000000004,43,0,1.0,12
2020-12-22,Chinese Cabbage,71.121,53,0,1.0,12
2020-12-23,Chinese Cabbage,62.14,48,0,1.0,12
2020-12-24,Chinese Cabbage,130.716,101,0,1.0,12
2020-12-25,Chinese Cabbage,65.106,38,0,1.0,12
2020-12-26,Chinese Cabbage,170.622,104,0,1.0,12
2020-12-27,Chinese Cabbage,181.735,144,0,1.0,12
2020-12-28,Chinese Cabbage,136.846,96,0,1.0,12
2020-12-29,Chinese Cabbage,144.505,93,0,1.0,12
2020-12-30,Chinese Cabbage,77.827,62,0,1.4,12
2020-12-31,Chinese Cabbage,71.16,56,0,1.4,12
2021-01-01,Chinese Cabbage,76.38,55,0,1.4,1
2021-01-02,Chinese Cabbage,86.453,59,0,1.4,1
2021-01-03,Chinese Cabbage,100.875,63,0,1.4,1
2021-01-04,Chinese Cabbage,75.438,51,0,1.4,1
2021-01-05,Chinese Cabbage,61.382,51,0,1.4,1
2021-01-06,Chinese Cabbage,84.567,61,0,1.4,1
2021-01-07,Chinese Cabbage,56.522,37,0,1.6,1
2021-01-08,Chinese Cabbage,113.548,73,0,1.6,1
2021-01-09,Chinese Cabbage,97.91799999999999,81,0,1.6,1
2021-01-10,Chinese Cabbage,127.47,100,0,1.6,1
2021-01-11,Chinese Cabbage,92.407,65,0,1.6,1
2021-01-12,Chinese Cabbage,98.387,60,0,2.0,1
2021-01-13,Chinese Cabbage,90.56400000000001,76,0,2.0,1
2021-01-14,Chinese Cabbage,76.323,65,0,2.0,1
2021-01-15,Chinese Cabbage,93.194,74,0,2.0,1
2021-01-16,Chinese Cabbage,122.787,94,0,2.0,1
2021-01-17,Chinese Cabbage,120.42099999999999,98,0,2.0,1
2021-01-18,Chinese Cabbage,68.993,72,0,2.6,1
2021-01-19,Chinese Cabbage,129.71,86,0,2.0,1
2021-01-20,Chinese Cabbage,84.858,81,0,2.0,1
2021-01-21,Chinese Cabbage,102.839,83,0,2.0,1
2021-01-22,Chinese Cabbage,94.451,70,0,2.0,1
2021-01-23,Chinese Cabbage,112.596,110,0,2.0,1
2021-01-24,Chinese Cabbage,146.376,109,0,2.0,1
2021-01-25,Chinese Cabbage,100.313,96,0,2.0,1
2021-01-26,Chinese Cabbage,76.321,60,0,2.0,1
2021-01-27,Chinese Cabbage,33.954,33,0,2.6,1
2021-01-28,Chinese Cabbage,63.604,57,0,2.6,1
2021-01-29,Chinese Cabbage,65.549,56,0,2.6,1
2021-01-30,Chinese Cabbage,70.472,61,0,2.6,1
2021-01-31,Chinese Cabbage,82.136,80,0,2.0,1
2021-02-01,Chinese Cabbage,43.743,41,0,2.0,2
2021-02-02,Chinese Cabbage,92.99,74,0,2.0,2
2021-02-03,Chinese Cabbage,115.415,90,0,2.0,2
2021-02-04,Chinese Cabbage,100.063,79,0,2.0,2
2021-02-05,Chinese Cabbage,74.35,56,0,2.0,2
2021-02-06,Chinese Cabbage,97.431,69,0,2.0,2
2021-02-07,Chinese Cabbage,95.764,66,0,2.0,2
2021-02-08,Chinese Cabbage,79.857,54,0,2.0,2
2021-02-09,Chinese Cabbage,57.217,45,0,3.0,2
2021-02-10,Chinese Cabbage,119.872,91,0,3.0,2
2021-02-13,Chinese Cabbage,42.717999999999996,29,0,3.0,2
2021-02-14,Chinese Cabbage,30.622,18,1,2.0,2
2021-02-15,Chinese Cabbage,67.075,40,0,2.0,2
2021-02-16,Chinese Cabbage,54.7,32,0,2.0,2
2021-02-17,Chinese Cabbage,45.407,26,0,2.0,2
2021-02-18,Chinese Cabbage,37.284,25,0,3.0,2
2021-02-19,Chinese Cabbage,32.363,20,0,1.8,2
2021-02-20,Chinese Cabbage,22.696,14,0,1.8,2
2021-02-21,Chinese Cabbage,8.765,5,0,1.8,2
2021-02-22,Chinese Cabbage,22.473,14,0,1.8,2
2021-02-23,Chinese Cabbage,22.173000000000002,13,0,2.0,2
2021-02-24,Chinese Cabbage,49.297,34,0,2.0,2
2021-02-25,Chinese Cabbage,16.114,16,0,2.0,2
2021-02-26,Chinese Cabbage,58.031,38,0,2.0,2
2021-02-27,Chinese Cabbage,75.052,39,0,2.0,2
2021-02-28,Chinese Cabbage,105.458,55,0,2.0,2
2021-03-01,Chinese Cabbage,63.74,40,0,2.0,3
2021-03-02,Chinese Cabbage,38.638,27,0,2.0,3
2021-03-03,Chinese Cabbage,37.175,28,0,2.0,3
2021-03-04,Chinese Cabbage,28.436,17,0,2.0,3
2021-03-05,Chinese Cabbage,66.469,41,0,2.0,3
2021-03-06,Chinese Cabbage,78.998,56,0,2.0,3
2021-03-07,Chinese Cabbage,74.65,42,0,2.0,3
2021-03-08,Chinese Cabbage,71.416,40,0,2.0,3
2021-03-09,Chinese Cabbage,43.386,25,0,2.0,3
2021-03-10,Chinese Cabbage,20.555,11,0,2.0,3
2021-03-11,Chinese Cabbage,31.467,21,0,2.0,3
2021-03-12,Chinese Cabbage,33.083,19,0,2.0,3
2021-03-13,Chinese Cabbage,17.931,13,0,2.0,3
2021-03-14,Chinese Cabbage,15.001,9,0,3.0,3
2021-03-15,Chinese Cabbage,13.357,9,0,3.0,3
2021-03-16,Chinese Cabbage,15.303,12,0,3.0,3
2021-03-17,Chinese Cabbage,11.914,10,0,3.0,3
2021-03-18,Chinese Cabbage,24.801000000000002,18,0,4.0,3
2021-03-19,Chinese Cabbage,13.77,10,0,4.0,3
2021-03-20,Chinese Cabbage,31.158,22,0,4.0,3
2021-03-21,Chinese Cabbage,46.461999999999996,37,0,4.0,3
2021-03-22,Chinese Cabbage,17.739,17,0,4.0,3
2021-03-23,Chinese Cabbage,33.292,28,0,4.0,3
2021-03-24,Chinese Cabbage,18.118000000000002,16,0,4.0,3
2021-03-25,Chinese Cabbage,2.6630000000000003,2,0,4.0,3
2021-03-26,Chinese Cabbage,16.774,12,1,2.0,3
2021-03-27,Chinese Cabbage,21.053,20,0,4.0,3
2021-03-28,Chinese Cabbage,27.164,25,0,4.0,3
2021-03-29,Chinese Cabbage,9.874,9,0,4.0,3
2021-03-30,Chinese Cabbage,27.993000000000002,24,0,4.0,3
2021-03-31,Chinese Cabbage,43.147,34,0,3.2,3
2021-04-01,Chinese Cabbage,28.184,19,0,2.0,4
2021-04-02,Chinese Cabbage,27.173000000000002,16,0,2.0,4
2021-04-03,Chinese Cabbage,26.124,17,0,2.6,4
2021-04-04,Chinese Cabbage,40.739,22,0,2.6,4
2021-04-05,Chinese Cabbage,30.003,22,0,2.6,4
2021-04-06,Chinese Cabbage,18.8,11,0,2.6,4
2021-04-07,Chinese Cabbage,45.816,25,0,2.6,4
2021-04-08,Chinese Cabbage,40.053,29,0,2.0,4
2021-04-09,Chinese Cabbage,27.225,18,0,2.0,4
2021-04-10,Chinese Cabbage,45.255,30,0,2.0,4
2021-04-11,Chinese Cabbage,42.428,29,0,2.0,4
2021-04-12,Chinese Cabbage,43.650999999999996,23,0,1.8,4
2021-04-13,Chinese Cabbage,23.203,12,0,1.8,4
2021-04-14,Chinese Cabbage,49.102,27,0,1.8,4
2021-04-15,Chinese Cabbage,37.303,23,0,1.8,4
2021-04-16,Chinese Cabbage,37.531,26,0,1.8,4
2021-04-17,Chinese Cabbage,41.63,32,0,1.8,4
2021-04-18,Chinese Cabbage,31.576999999999998,19,0,1.8,4
2021-04-19,Chinese Cabbage,24.045,11,0,1.8,4
2021-04-20,Chinese Cabbage,20.9,10,0,1.8,4
2021-04-21,Chinese Cabbage,41.235,23,0,1.8,4
2021-04-22,Chinese Cabbage,20.507,10,0,1.8,4
2021-04-23,Chinese Cabbage,26.742,15,0,1.8,4
2021-04-24,Chinese Cabbage,35.113,16,0,1.8,4
2021-04-25,Chinese Cabbage,48.879,23,0,1.8,4
2021-04-26,Chinese Cabbage,21.517,9,0,1.8,4
2021-04-27,Chinese Cabbage,35.956,20,0,1.8,4
2021-04-28,Chinese Cabbage,23.091,17,0,1.8,4
2021-04-29,Chinese Cabbage,27.976,22,0,1.8,4
2021-04-30,Chinese Cabbage,17.659,7,0,1.6,4
2021-05-01,Chinese Cabbage,22.026,11,0,1.6,5
2021-05-02,Chinese Cabbage,33.418,24,0,1.6,5
2021-05-03,Chinese Cabbage,40.0,27,0,1.6,5
2021-05-04,Chinese Cabbage,29.05,20,0,1.6,5
2021-05-05,Chinese Cabbage,23.483,19,0,1.6,5
2021-05-06,Chinese Cabbage,15.632,12,0,1.6,5
2021-05-07,Chinese Cabbage,22.912,19,0,1.6,5
2021-05-08,Chinese Cabbage,20.569,19,0,1.6,5
2021-05-09,Chinese Cabbage,23.102999999999998,22,0,1.6,5
2021-05-10,Chinese Cabbage,19.751,19,0,1.6,5
2021-05-11,Chinese Cabbage,32.61,24,0,1.4,5
2021-05-12,Chinese Cabbage,20.508,19,0,1.4,5
2021-05-13,Chinese Cabbage,14.638,14,0,1.4,5
2021-05-14,Chinese Cabbage,21.448,23,0,1.4,5
2021-05-15,Chinese Cabbage,53.985,52,0,1.4,5
2021-05-16,Chinese Cabbage,43.769,46,0,1.4,5
2021-05-17,Chinese Cabbage,32.32,26,0,1.4,5
2021-05-18,Chinese Cabbage,21.524,16,0,1.4,5
2021-05-19,Chinese Cabbage,26.015,21,0,1.4,5
2021-05-20,Chinese Cabbage,24.131999999999998,18,0,1.4,5
2021-05-21,Chinese Cabbage,14.131,12,0,1.4,5
2021-05-22,Chinese Cabbage,22.136,15,0,1.8,5
2021-05-23,Chinese Cabbage,26.12,27,0,1.8,5
2021-05-24,Chinese Cabbage,19.158,22,0,1.8,5
2021-05-25,Chinese Cabbage,8.652000000000001,10,0,1.8,5
2021-05-26,Chinese Cabbage,18.934,14,0,1.8,5
2021-05-27,Chinese Cabbage,22.476,15,0,2.0,5
2021-05-28,Chinese Cabbage,14.344,15,0,2.0,5
2021-05-29,Chinese Cabbage,26.217,26,0,2.0,5
2021-05-30,Chinese Cabbage,31.416,31,0,2.0,5
2021-05-31,Chinese Cabbage,23.387,19,0,2.0,5
2021-06-01,Chinese Cabbage,12.071,8,0,2.0,6
2021-06-02,Chinese Cabbage,22.376,15,0,2.0,6
2021-06-03,Chinese Cabbage,17.475,10,0,2.0,6
2021-06-04,Chinese Cabbage,9.85,7,0,2.0,6
2021-06-05,Chinese Cabbage,13.792,10,0,3.0,6
2021-06-06,Chinese Cabbage,34.496,23,0,3.0,6
2021-06-07,Chinese Cabbage,22.317,15,0,3.0,6
2021-06-08,Chinese Cabbage,10.872,6,0,3.0,6
2021-06-09,Chinese Cabbage,8.457,7,0,3.0,6
2021-06-10,Chinese Cabbage,10.202,11,0,3.0,6
2021-06-11,Chinese Cabbage,12.584999999999999,10,0,3.0,6
2021-06-12,Chinese Cabbage,29.231,31,0,3.0,6
2021-06-13,Chinese Cabbage,21.816,24,1,2.4,6
2021-06-14,Chinese Cabbage,20.0,17,0,3.0,6
2021-06-15,Chinese Cabbage,16.51,14,0,3.0,6
2021-06-16,Chinese Cabbage,8.557,6,0,3.0,6
2021-06-17,Chinese Cabbage,15.573,17,0,3.0,6
2021-06-18,Chinese Cabbage,25.035,25,0,3.0,6
2021-06-19,Chinese Cabbage,27.216,30,0,3.0,6
2021-06-20,Chinese Cabbage,24.13,22,0,3.0,6
2021-06-21,Chinese Cabbage,13.659,13,0,3.0,6
2021-06-22,Chinese Cabbage,8.725999999999999,10,0,3.0,6
2021-06-23,Chinese Cabbage,10.639,10,0,3.0,6
2021-06-24,Chinese Cabbage,15.068,17,0,3.0,6
2021-06-25,Chinese Cabbage,16.078,15,0,3.0,6
2021-06-26,Chinese Cabbage,26.913,28,0,3.0,6
2021-06-27,Chinese Cabbage,32.889,44,0,3.0,6
2021-06-28,Chinese Cabbage,10.907,9,0,3.0,6
2021-06-29,Chinese Cabbage,13.792,14,0,3.0,6
2021-06-30,Chinese Cabbage,5.0009999999999994,7,0,3.0,6
2021-07-01,Chinese Cabbage,9.9,11,0,3.0,7
2021-07-02,Chinese Cabbage,7.55,8,0,3.0,7
2021-07-03,Chinese Cabbage,18.591,10,0,3.0,7
2021-07-04,Chinese Cabbage,21.913,18,0,3.0,7
2021-07-05,Chinese Cabbage,17.619,19,0,3.0,7
2021-07-06,Chinese Cabbage,16.814,15,0,3.0,7
2021-07-07,Chinese Cabbage,15.067,15,0,3.0,7
2021-07-08,Chinese Cabbage,21.378,18,0,3.0,7
2021-07-09,Chinese Cabbage,7.014,8,0,3.0,7
2021-07-10,Chinese Cabbage,20.874,19,0,3.0,7
2021-07-11,Chinese Cabbage,19.33,17,0,3.0,7
2021-07-12,Chinese Cabbage,7.476,9,0,2.0,7
2021-07-13,Chinese Cabbage,6.871,10,0,2.0,7
2021-07-14,Chinese Cabbage,17.581,17,0,2.0,7
2021-07-15,Chinese Cabbage,14.445,11,0,2.0,7
2021-07-16,Chinese Cabbage,24.448999999999998,23,0,2.0,7
2021-07-17,Chinese Cabbage,20.052,18,0,2.0,7
2021-07-18,Chinese Cabbage,22.679,19,0,2.0,7
2021-07-19,Chinese Cabbage,15.507,17,0,2.0,7
2021-07-20,Chinese Cabbage,19.8,18,0,2.0,7
2021-07-21,Chinese Cabbage,16.769,13,0,2.0,7
2021-07-22,Chinese Cabbage,14.548,17,0,2.0,7
2021-07-23,Chinese Cabbage,11.264,11,0,2.0,7
2021-07-24,Chinese Cabbage,19.902,18,0,2.0,7
2021-07-25,Chinese Cabbage,29.387,29,0,2.0,7
