model_prepration/daily_sales.csv
Date,Item Name,Quantity Sold (kilo),Sales_count,Discount (Yes/No),Unit Selling Price (RMB/kg),monthOfyear
2021-07-26,Chinese Cabbage,3.1109999999999998,5,0,2.0,7
2021-07-27,Chinese Cabbage,7.9590000000000005,8,0,2.0,7
2021-07-28,Chinese Cabbage,22.346,20,0,2.0,7
2021-07-29,Chinese Cabbage,7.143,6,0,2.0,7
2021-07-30,Chinese Cabbage,13.824,14,0,2.0,7
2021-07-31,Chinese Cabbage,19.541,16,0,2.0,7
2021-08-01,Chinese Cabbage,22.496000000000002,24,1,1.7,8
2021-08-02,Chinese Cabbage,26.579,27,0,2.0,8
2021-08-03,Chinese Cabbage,23.116,19,0,2.0,8
2021-08-04,Chinese Cabbage,10.938,11,0,2.6,8
2021-08-05,Chinese Cabbage,22.735,23,0,2.6,8
2021-08-06,Chinese Cabbage,12.463,15,0,2.6,8
2021-08-07,Chinese Cabbage,27.423,31,0,2.6,8
2021-08-08,Chinese Cabbage,18.282,21,0,2.6,8
2021-08-09,Chinese Cabbage,16.161,18,0,2.8,8
2021-08-10,Chinese Cabbage,9.205,14,0,2.8,8
2021-08-11,Chinese Cabbage,8.587,8,0,2.8,8
2021-08-12,Chinese Cabbage,24.022000000000002,22,0,3.0,8
2021-08-13,Chinese Cabbage,23.417,24,0,3.2,8
2021-08-14,Chinese Cabbage,18.578,22,0,3.2,8
2021-08-15,Chinese Cabbage,20.697,20,0,3.2,8
2021-08-16,Chinese Cabbage,5.791,6,0,3.2,8
2021-08-17,Chinese Cabbage,9.873,12,0,3.2,8
2021-08-18,Chinese Cabbage,14.809,13,0,3.2,8
2021-08-19,Chinese Cabbage,15.19,14,0,3.2,8
2021-08-20,Chinese Cabbage,17.31,15,0,3.2,8
2021-08-21,Chinese Cabbage,20.951,16,0,3.2,8
2021-08-22,Chinese Cabbage,20.0,22,0,3.2,8
2021-08-23,Chinese Cabbage,7.466,8,0,3.0,8
2021-08-24,Chinese Cabbage,2.973,2,0,3.0,8
2021-08-26,Chinese Cabbage,26.926,28,0,3.0,8
2021-08-27,Chinese Cabbage,26.182000000000002,21,0,3.0,8
2021-08-28,Chinese Cabbage,21.319,23,0,3.0,8
2021-08-29,Chinese Cabbage,15.068,14,0,3.0,8
2021-08-30,Chinese Cabbage,7.399,11,0,3.0,8
2021-08-31,Chinese Cabbage,14.292,23,0,3.0,8
2021-09-01,Chinese Cabbage,21.284,30,0,3.0,9
2021-09-02,Chinese Cabbage,17.199,26,0,3.0,9
2021-09-03,Chinese Cabbage,17.232,19,0,3.0,9
2021-09-04,Chinese Cabbage,30.37,26,0,3.0,9
2021-09-05,Chinese Cabbage,42.602,34,0,3.0,9
2021-09-06,Chinese Cabbage,22.536,15,0,3.0,9
2021-09-07,Chinese Cabbage,12.128,15,0,3.0,9
2021-09-08,Chinese Cabbage,21.455,17,0,3.0,9
2021-09-09,Chinese Cabbage,13.615,9,0,3.0,9
2021-09-10,Chinese Cabbage,13.143,12,0,3.0,9
2021-09-11,Chinese Cabbage,43.924,33,1,2.0,9
2021-09-12,Chinese Cabbage,21.556,27,1,2.0,9
2021-09-13,Chinese Cabbage,37.298,37,1,2.0,9
2021-09-14,Chinese Cabbage,31.856,15,1,2.0,9
2021-09-15,Chinese Cabbage,24.664,20,1,2.0,9
2021-09-19,Chinese Cabbage,6.789,8,0,3.0,9
2021-09-20,Chinese Cabbage,5.1690000000000005,4,0,3.0,9
2021-10-06,Chinese Cabbage,26.876,22,1,2.6,10
2021-10-07,Chinese Cabbage,26.341,20,1,2.6,10
2021-10-08,Chinese Cabbage,23.601,16,1,2.6,10
2021-10-09,Chinese Cabbage,20.836,17,1,2.6,10
2021-10-10,Chinese Cabbage,33.156,28,1,2.6,10
2021-10-16,Chinese Cabbage,1.34,2,0,3.4,10
2021-11-05,Chinese Cabbage,0.774,1,0,3.4,11
2021-11-20,Chinese Cabbage,5.256,3,0,2.0,11
2021-12-16,Chinese Cabbage,1.25,1,0,1.4,12
2021-12-28,Chinese Cabbage,1.282,1,0,1.6,12
2021-12-31,Chinese Cabbage,1.859,2,0,1.6,12
2020-07-01,Huangbaicai (2),6.5489999999999995,11,0,9.0,7
2020-07-02,Huangbaicai (2),4.811,10,1,3.8,7
2020-07-03,Huangbaicai (2),9.991,19,0,9.0,7
2020-07-04,Huangbaicai (2),18.431,32,1,8.4,7
2020-07-05,Huangbaicai (2),14.811,31,0,9.0,7
2020-07-06,Huangbaicai (2),8.631,18,0,9.0,7
2020-07-07,Huangbaicai (2),8.897,19,0,9.0,7
2020-07-08,Huangbaicai (2),13.7,26,0,9.0,7
2020-07-09,Huangbaicai (2),8.298,16,0,9.0,7
2020-07-10,Huangbaicai (2),11.604,24,1,7.6,7
2020-07-11,Huangbaicai (2),31.025,56,1,0.5,7
2020-07-12,Huangbaicai (2),32.833999999999996,62,1,0.4,7
2020-07-13,Huangbaicai (2),11.192,22,1,4.6,7
2020-07-14,Huangbaicai (2),6.773,16,1,8.1,7
2020-07-15,Huangbaicai (2),19.145,38,0,9.0,7
2020-07-16,Huangbaicai (2),17.476,37,1,6.8,7
2020-07-17,Huangbaicai (2),8.62,17,1,5.4,7
2020-07-18,Huangbaicai (2),17.709,34,1,3.3,7
2020-07-19,Huangbaicai (2),26.876,55,1,7.2,7
2020-07-20,Huangbaicai (2),9.833,22,1,8.4,7
2020-07-21,Huangbaicai (2),19.686,38,1,8.3,7
2020-07-22,Huangbaicai (2),26.618,51,1,7.7,7
2020-07-23,Huangbaicai (2),21.929,44,1,7.7,7
2020-07-24,Huangbaicai (2),16.246000000000002,32,1,7.4,7
2020-07-25,Huangbaicai (2),14.956,26,1,8.4,7
2020-07-26,Huangbaicai (2),31.428,60,1,5.7,7
2020-07-27,Huangbaicai (2),9.728,20,1,7.2,7
2020-07-28,Huangbaicai (2),23.794,47,1,7.0,7
2020-07-29,Huangbaicai (2),19.36,42,1,7.6,7
2020-07-30,Huangbaicai (2),16.584,32,1,8.0,7
2020-07-31,Huangbaicai (2),11.739,21,0,9.0,7
2020-08-01,Huangbaicai (2),14.51,33,1,7.9,8
2020-08-02,Huangbaicai (2),10.706,20,0,9.0,8
2020-08-03,Huangbaicai (2),16.081,31,0,9.0,8
2020-08-04,Huangbaicai (2),8.898,19,0,9.0,8
2020-08-05,Huangbaicai (2),13.72,26,0,9.0,8
2020-08-06,Huangbaicai (2),14.012,29,0,9.0,8
2020-08-07,Huangbaicai (2),26.299,44,0,9.0,8
2020-08-08,Huangbaicai (2),46.43,82,0,7.4,8
2020-08-09,Huangbaicai (2),32.815,55,0,8.0,8
2020-08-10,Huangbaicai (2),25.261,48,0,7.0,8
2020-08-11,Huangbaicai (2),35.505,66,0,6.0,8
2020-08-12,Huangbaicai (2),16.945,34,0,8.0,8
2020-08-13,Huangbaicai (2),14.674,24,0,8.0,8
2020-08-14,Huangbaicai (2),13.959,28,0,8.0,8
2020-08-15,Huangbaicai (2),42.068,74,0,7.0,8
2020-08-16,Huangbaicai (2),45.549,82,0,7.0,8
2020-08-17,Huangbaicai (2),12.452,22,0,7.0,8
2020-08-18,Huangbaicai (2),43.469,79,0,7.0,8
2020-08-19,Huangbaicai (2),44.973,85,0,7.0,8
2020-08-20,Huangbaicai (2),36.895,72,0,7.0,8
2020-08-21,Huangbaicai (2),14.917,29,0,7.0,8
2020-08-22,Huangbaicai (2),45.365,76,0,7.0,8
2020-08-23,Huangbaicai (2),43.975,84,0,7.0,8
2020-08-24,Huangbaicai (2),74.578,108,0,4.0,8
2020-08-25,Huangbaicai (2),187.729,255,1,2.8,8
2020-08-26,Huangbaicai (2),26.025000000000002,49,0,5.0,8
2020-08-27,Huangbaicai (2),12.892,29,0,5.0,8
2020-08-28,Huangbaicai (2),42.261,75,0,6.0,8
2020-08-29,Huangbaicai (2),44.266,78,0,6.0,8
2020-08-30,Huangbaicai (2),29.681,62,0,6.0,8
2020-08-31,Huangbaicai (2),45.102000000000004,84,0,6.0,8
2020-09-01,Huangbaicai (2),39.267,78,0,6.0,9
2020-09-02,Huangbaicai (2),29.868,56,0,6.0,9
2020-09-03,Huangbaicai (2),28.63,52,0,6.0,9
2020-09-04,Huangbaicai (2),20.738,40,0,6.0,9
2020-09-05,Huangbaicai (2),41.832,74,0,6.0,9
2020-09-06,Huangbaicai (2),33.701,74,0,6.0,9
2020-09-07,Huangbaicai (2),23.834,44,0,6.0,9
2020-09-08,Huangbaicai (2),19.615000000000002,37,0,6.0,9
2020-09-09,Huangbaicai (2),13.027,27,0,6.0,9
2020-09-10,Huangbaicai (2),20.92,49,0,6.0,9
2020-09-11,Huangbaicai (2),18.546,33,0,6.0,9
2020-09-12,Huangbaicai (2),48.303,93,0,6.0,9
2020-09-13,Huangbaicai (2),17.126,33,0,6.0,9
2020-09-14,Huangbaicai (2),18.429,35,0,4.0,9
2020-09-15,Huangbaicai (2),21.29,42,0,6.0,9
2020-09-16,Huangbaicai (2),11.222,26,0,6.0,9
2020-09-17,Huangbaicai (2),8.111,19,0,6.0,9
2020-09-18,Huangbaicai (2),21.592,41,0,6.0,9
2020-09-19,Huangbaicai (2),33.084,68,0,6.0,9
2020-09-20,Huangbaicai (2),41.868,86,0,7.0,9
2020-09-21,Huangbaicai (2),22.539,49,0,7.0,9
2020-09-22,Huangbaicai (2),14.801,20,0,7.0,9
2020-09-23,Huangbaicai (2),19.486,41,0,8.0,9
2020-09-24,Huangbaicai (2),10.701,19,0,8.0,9
2020-09-25,Huangbaicai (2),4.786,11,0,8.0,9
2020-09-26,Huangbaicai (2),13.434,29,0,6.0,9
2020-09-27,Huangbaicai (2),9.627,21,0,8.0,9
2020-09-28,Huangbaicai (2),6.078,11,0,8.0,9
2020-09-29,Huangbaicai (2),26.042,21,0,8.0,9
2020-09-30,Huangbaicai (2),8.171,17,0,8.0,9
2020-10-01,Huangbaicai (2),9.411999999999999,21,0,8.0,10
2020-10-02,Huangbaicai (2),18.785,38,0,8.0,10
2020-10-03,Huangbaicai (2),18.061,39,0,8.0,10
2020-10-04,Huangbaicai (2),11.154,29,0,8.0,10
2020-10-05,Huangbaicai (2),17.215,30,0,10.0,10
2020-10-06,Huangbaicai (2),15.535,31,0,10.0,10
2020-10-07,Huangbaicai (2),6.574,14,0,10.0,10
2020-10-08,Huangbaicai (2),8.948,15,0,10.0,10
2020-10-09,Huangbaicai (2),8.337,16,0,10.0,10
2020-10-10,Huangbaicai (2),6.023,9,0,10.0,10
2020-10-11,Huangbaicai (2),7.657,17,0,10.0,10
2020-10-12,Huangbaicai (2),9.399000000000001,17,0,10.0,10
2020-10-13,Huangbaicai (2),6.835,12,0,10.0,10
2020-10-14,Huangbaicai (2),10.524,17,0,10.0,10
2020-10-15,Huangbaicai (2),10.709999999999999,21,0,10.0,10
2020-10-16,Huangbaicai (2),7.102,16,0,8.0,10
2020-10-17,Huangbaicai (2),5.265000000000001,9,0,9.0,10
2020-10-18,Huangbaicai (2),14.637,30,0,8.0,10
2020-10-19,Huangbaicai (2),7.795,14,0,8.0,10
2020-10-20,Huangbaicai (2),0.835,2,0,12.0,10
2020-10-21,Huangbaicai (2),4.758,7,0,12.0,10
2020-10-22,Huangbaicai (2),0.651,1,0,12.0,10
2020-10-23,Huangbaicai (2),3.423,8,0,12.0,10
2020-10-24,Huangbaicai (2),2.046,4,0,12.0,10
2020-10-25,Huangbaicai (2),2.5380000000000003,3,0,12.0,10
2020-10-26,Huangbaicai (2),1.394,3,0,10.0,10
2020-10-27,Huangbaicai (2),2.495,3,0,10.0,10
2020-10-28,Huangbaicai (2),2.345,4,0,10.0,10
2020-10-29,Huangbaicai (2),2.396,5,0,10.0,10
2020-10-30,Huangbaicai (2),0.792,1,0,10.0,10
2020-10-31,Huangbaicai (2),5.292,13,0,10.0,10
2020-11-01,Huangbaicai (2),4.572,10,0,10.0,11
2020-11-02,Huangbaicai (2),1.373,3,0,10.0,11
2020-11-03,Huangbaicai (2),1.343,3,0,10.0,11
2020-11-04,Huangbaicai (2),0.882,2,0,10.0,11
2020-11-05,Huangbaicai (2),1.444,3,0,10.0,11
2020-11-06,Huangbaicai (2),1.524,5,0,10.0,11
2020-11-07,Huangbaicai (2),3.528,6,0,6.0,11
2020-11-08,Huangbaicai (2),4.6160000000000005,11,0,6.0,11
2020-11-09,Huangbaicai (2),2.51,7,0,6.0,11
2020-11-10,Huangbaicai (2),0.853,2,0,6.0,11
2020-11-11,Huangbaicai (2),1.8559999999999999,3,0,6.0,11
2020-11-12,Huangbaicai (2),2.024,5,0,6.0,11
2020-11-13,Huangbaicai (2),2.458,4,0,6.0,11
2020-11-14,Huangbaicai (2),3.863,8,0,6.0,11
2020-11-15,Huangbaicai (2),4.433,12,0,6.0,11
2020-11-16,Huangbaicai (2),5.72,13,0,6.0,11
2020-11-17,Huangbaicai (2),2.324,5,0,6.0,11
2020-11-18,Huangbaicai (2),4.132,9,0,6.0,11
2020-11-19,Huangbaicai (2),4.833,9,0,6.0,11
2020-11-20,Huangbaicai (2),5.904,10,0,6.0,11
2020-11-21,Huangbaicai (2),9.432,19,0,6.0,11
2020-11-22,Huangbaicai (2),9.365,16,0,6.0,11
2020-11-23,Huangbaicai (2),15.635,28,0,6.0,11
2020-11-26,Huangbaicai (2),3.896,7,0,6.0,11
2020-11-27,Huangbaicai (2),3.68,8,0,6.0,11
2020-11-28,Huangbaicai (2),4.163,9,0,6.0,11
2020-11-29,Huangbaicai (2),7.108,15,0,6.0,11
2020-11-30,Huangbaicai (2),7.944,14,0,6.0,11
2020-12-01,Huangbaicai (2),18.796,30,0,4.0,12
2020-12-02,Huangbaicai (2),5.075,10,0,4.0,12
2020-12-03,Huangbaicai (2),2.035,3,0,4.0,12
2020-12-04,Huangbaicai (2),3.19,7,0,4.0,12
2020-12-05,Huangbaicai (2),4.096,9,0,4.0,12
2020-12-06,Huangbaicai (2),7.13,12,0,5.0,12
2020-12-07,Huangbaicai (2),4.299,7,0,5.0,12
2020-12-08,Huangbaicai (2),3.5949999999999998,6,0,5.0,12
2020-12-09,Huangbaicai (2),5.5649999999999995,10,0,5.0,12
2020-12-10,Huangbaicai (2),2.329,5,0,5.0,12
2020-12-11,Huangbaicai (2),2.8120000000000003,4,0,5.0,12
2020-12-12,Huangbaicai (2),2.189,4,0,5.0,12
2020-12-13,Huangbaicai (2),5.341,11,0,5.0,12
2020-12-14,Huangbaicai (2),8.535,12,0,5.0,12
2020-12-15,Huangbaicai (2),2.8120000000000003,6,0,5.0,12
2020-12-16,Huangbaicai (2),2.209,6,0,5.0,12
2020-12-17,Huangbaicai (2),2.531,4,0,5.0,12
2020-12-18,Huangbaicai (2),4.037,8,0,5.0,12
2020-12-19,Huangbaicai (2),2.7110000000000003,5,0,5.0,12
2020-12-20,Huangbaicai (2),7.572,13,0,5.0,12
2020-12-21,Huangbaicai (2),6.367,11,0,5.0,12
2020-12-22,Huangbaicai (2),6.043,9,0,5.0,12
2020-12-23,Huangbaicai (2),3.335,5,0,5.0,12
2020-12-24,Huangbaicai (2),2.208,4,0,5.0,12
2020-12-25,Huangbaicai (2),2.992,6,0,5.0,12
2020-12-26,Huangbaicai (2),5.522,11,0,5.0,12
2020-12-27,Huangbaicai (2),4.458,7,0,5.0,12
2020-12-28,Huangbaicai (2),7.49,10,0,5.0,12
2020-12-29,Huangbaicai (2),3.5549999999999997,5,0,5.0,12
2020-12-30,Huangbaicai (2),4.056,5,0,5.0,12
2020-12-31,Huangbaicai (2),2.37,4,0,5.0,12
2021-01-01,Huangbaicai (2),4.821,8,0,5.0,1
2021-01-02,Huangbaicai (2),7.148,10,0,5.0,1
2021-01-03,Huangbaicai (2),5.021,11,0,5.0,1
2021-01-04,Huangbaicai (2),5.462,8,0,5.0,1
2021-01-05,Huangbaicai (2),3.213,4,0,5.0,1
2021-01-06,Huangbaicai (2),4.8,6,0,5.0,1
2021-01-07,Huangbaicai (2),7.609999999999999,12,0,5.0,1
2021-01-08,Huangbaicai (2),7.391,13,0,5.0,1
2021-01-09,Huangbaicai (2),2.23,3,0,5.0,1
2021-01-10,Huangbaicai (2),9.558,15,0,5.0,1
2021-01-11,Huangbaicai (2),3.83,6,0,6.0,1
2021-01-13,Huangbaicai (2),5.771000000000001,7,0,6.0,1
2021-01-14,Huangbaicai (2),4.667,9,0,6.0,1
2021-01-15,Huangbaicai (2),1.02,3,0,6.0,1
2021-01-16,Huangbaicai (2),14.668000000000001,25,0,6.0,1
2021-01-17,Huangbaicai (2),8.161,12,0,6.0,1
2021-01-18,Huangbaicai (2),4.9,7,0,6.0,1
2021-01-19,Huangbaicai (2),2.966,4,0,7.0,1
2021-01-20,Huangbaicai (2),0.426,1,0,8.0,1
2021-01-21,Huangbaicai (2),4.888,8,0,8.0,1
2021-01-22,Huangbaicai (2),4.411,8,0,8.0,1
2021-01-23,Huangbaicai (2),11.042,21,0,8.0,1
2021-01-24,Huangbaicai (2),3.885,5,0,8.0,1
2021-01-25,Huangbaicai (2),5.189,12,0,8.0,1
2021-01-26,Huangbaicai (2),4.375,9,0,8.0,1
2021-01-27,Huangbaicai (2),2.92,5,0,8.0,1
2021-01-28,Huangbaicai (2),2.181,5,0,8.0,1
2021-01-29,Huangbaicai (2),3.094,4,0,8.0,1
2021-01-30,Huangbaicai (2),3.609,6,0,8.0,1
2021-01-31,Huangbaicai (2),8.763,13,0,6.0,1
2021-02-01,Huangbaicai (2),3.634,8,0,8.0,2
2021-02-02,Huangbaicai (2),4.185,7,0,8.0,2
2021-02-03,Huangbaicai (2),1.4409999999999998,3,0,8.0,2
2021-02-04,Huangbaicai (2),5.162999999999999,7,0,8.0,2
2021-02-05,Huangbaicai (2),4.636,10,0,8.0,2
2021-02-06,Huangbaicai (2),8.058,12,0,8.0,2
2021-02-07,Huangbaicai (2),2.067,4,0,8.0,2
2021-02-08,Huangbaicai (2),9.425,15,0,8.0,2
2021-02-09,Huangbaicai (2),8.021,11,0,8.0,2
2021-02-10,Huangbaicai (2),7.431,10,0,8.0,2
2021-02-13,Huangbaicai (2),15.654,22,0,8.0,2
2021-02-14,Huangbaicai (2),4.725,8,0,8.0,2
2021-02-15,Huangbaicai (2),9.323,16,0,8.0,2
2021-02-16,Huangbaicai (2),2.5429999999999997,5,0,8.0,2
2021-02-17,Huangbaicai (2),5.803,11,0,8.0,2
2021-02-18,Huangbaicai (2),4.224,8,0,8.0,2
2021-02-19,Huangbaicai (2),5.576,11,0,8.0,2
2021-02-20,Huangbaicai (2),7.82,12,0,8.0,2
2021-02-21,Huangbaicai (2),1.178,1,0,8.0,2
2021-02-23,Huangbaicai (2),2.124,4,0,6.0,2
2021-02-24,Huangbaicai (2),6.574,9,0,6.0,2
2021-02-25,Huangbaicai (2),5.184,9,0,6.0,2
2021-02-26,Huangbaicai (2),9.047,15,0,6.0,2
2021-02-27,Huangbaicai (2),0.234,1,0,6.0,2
2021-02-28,Huangbaicai (2),5.203,10,0,6.0,2
2021-03-01,Huangbaicai (2),4.147,11,0,6.0,3
2021-03-02,Huangbaicai (2),16.02,23,0,6.0,3
2021-03-03,Huangbaicai (2),6.807,10,0,6.0,3
2021-03-04,Huangbaicai (2),6.1370000000000005,8,0,6.0,3
2021-03-05,Huangbaicai (2),6.354,9,0,6.0,3
2021-03-06,Huangbaicai (2),7.8260000000000005,13,0,6.0,3
2021-03-07,Huangbaicai (2),9.381,14,0,6.0,3
2021-03-08,Huangbaicai (2),4.332,6,0,6.0,3
2021-03-09,Huangbaicai (2),4.111,6,0,8.0,3
2021-03-10,Huangbaicai (2),4.749,8,0,8.0,3
2021-03-11,Huangbaicai (2),7.018,10,0,8.0,3
2021-03-12,Huangbaicai (2),6.692,10,0,8.0,3
2021-03-13,Huangbaicai (2),3.785,7,0,8.0,3
2021-03-14,Huangbaicai (2),3.183,6,0,8.0,3
2021-03-15,Huangbaicai (2),4.286,6,0,8.0,3
2021-03-16,Huangbaicai (2),1.6920000000000002,3,0,8.0,3
2021-03-17,Huangbaicai (2),2.907,6,0,8.0,3
2021-03-18,Huangbaicai (2),7.92,16,0,8.0,3
2021-03-19,Huangbaicai (2),2.995,6,0,8.0,3
2021-03-20,Huangbaicai (2),15.177,23,0,8.0,3
2021-03-21,Huangbaicai (2),4.448,9,0,8.0,3
2021-03-22,Huangbaicai (2),6.465999999999999,9,0,8.0,3
2021-03-23,Huangbaicai (2),4.235,7,0,8.0,3
2021-03-24,Huangbaicai (2),2.418,4,0,8.0,3
2021-03-25,Huangbaicai (2),1.792,3,0,8.0,3
2021-03-26,Huangbaicai (2),8.621,15,0,8.0,3
2021-03-27,Huangbaicai (2),12.03,21,0,8.0,3
2021-03-28,Huangbaicai (2),7.532,10,0,8.0,3
2021-03-29,Huangbaicai (2),1.9289999999999998,4,0,8.0,3
2021-03-30,Huangbaicai (2),2.883,6,0,8.0,3
2021-03-31,Huangbaicai (2),5.715,8,0,8.0,3
2021-04-01,Huangbaicai (2),7.721,15,0,8.0,4
2021-04-02,Huangbaicai (2),7.189,14,0,6.0,4
2021-04-03,Huangbaicai (2),9.901,18,0,6.0,4
2021-04-04,Huangbaicai (2),6.071,13,0,6.0,4
2021-04-05,Huangbaicai (2),5.051,9,0,6.0,4
2021-04-06,Huangbaicai (2),1.103,2,0,6.0,4
2021-04-07,Huangbaicai (2),9.482,11,0,6.0,4
2021-04-08,Huangbaicai (2),6.406000000000001,9,0,6.0,4
2021-04-09,Huangbaicai (2),7.844,11,0,6.0,4
2021-04-10,Huangbaicai (2),19.113,23,0,6.0,4
2021-04-11,Huangbaicai (2),22.024,35,0,6.0,4
2021-04-12,Huangbaicai (2),4.5649999999999995,7,0,6.0,4
2021-04-13,Huangbaicai (2),9.065,16,0,6.0,4
2021-04-14,Huangbaicai (2),9.247,19,0,6.0,4
2021-04-15,Huangbaicai (2),9.72,16,0,5.0,4
2021-04-16,Huangbaicai (2),9.844,17,0,5.0,4
2021-04-17,Huangbaicai (2),13.898,24,0,6.0,4
2021-04-18,Huangbaicai (2),12.559,18,0,6.0,4
2021-04-19,Huangbaicai (2),5.954,11,0,6.0,4
2021-04-20,Huangbaicai (2),11.488,17,0,6.0,4
2021-04-21,Huangbaicai (2),14.6,24,0,6.0,4
2021-04-22,Huangbaicai (2),9.182,16,0,6.0,4
2021-04-23,Huangbaicai (2),3.346,6,0,6.0,4
2021-04-24,Huangbaicai (2),8.145,14,0,6.0,4
2021-04-25,Huangbaicai (2),9.081,16,0,6.0,4
2021-04-26,Huangbaicai (2),8.012,14,0,6.0,4
2021-04-27,Huangbaicai (2),11.155,18,0,6.0,4
2021-04-28,Huangbaicai (2),6.321,10,0,6.0,4
2021-04-29,Huangbaicai (2),8.78,16,0,6.0,4
2021-04-30,Huangbaicai (2),8.078,12,0,6.0,4
2021-05-01,Huangbaicai (2),11.07,16,0,6.0,5
2021-05-02,Huangbaicai (2),11.739,17,0,6.0,5
2021-05-03,Huangbaicai (2),20.054,38,0,6.0,5
2021-05-04,Huangbaicai (2),13.244,20,0,6.0,5
2021-05-05,Huangbaicai (2),10.202,16,0,6.0,5
2021-05-06,Huangbaicai (2),5.335,9,0,6.0,5
2021-05-07,Huangbaicai (2),8.646,15,0,6.0,5
2021-05-08,Huangbaicai (2),5.6530000000000005,9,0,6.0,5
2021-05-09,Huangbaicai (2),18.863,28,0,6.0,5
2021-05-10,Huangbaicai (2),5.953,10,0,6.0,5
2021-05-11,Huangbaicai (2),10.571,19,0,6.0,5
2021-05-12,Huangbaicai (2),7.593,12,0,6.0,5
2021-05-13,Huangbaicai (2),2.776,6,0,6.0,5
2021-05-14,Huangbaicai (2),11.976,20,0,6.0,5
2021-05-15,Huangbaicai (2),15.363,30,0,5.0,5
2021-05-16,Huangbaicai (2),17.354,33,0,5.0,5
2021-05-17,Huangbaicai (2),7.529,15,0,5.0,5
2021-05-18,Huangbaicai (2),6.867,11,0,5.0,5
2021-05-19,Huangbaicai (2),5.021,9,0,5.0,5
2021-05-20,Huangbaicai (2),3.83,5,0,6.0,5
2021-05-21,Huangbaicai (2),5.537,9,0,6.0,5
2021-05-22,Huangbaicai (2),21.643,37,0,6.0,5
2021-05-23,Huangbaicai (2),28.749,55,0,6.0,5
2021-05-24,Huangbaicai (2),1.1360000000000001,3,0,6.0,5
2021-05-25,Huangbaicai (2),7.526,13,0,6.0,5
2021-05-26,Huangbaicai (2),9.917,15,0,6.0,5
2021-05-27,Huangbaicai (2),6.672000000000001,11,0,6.0,5
2021-05-28,Huangbaicai (2),6.756,12,0,6.0,5
2021-05-29,Huangbaicai (2),7.458,12,0,6.0,5
