model_prepration/daily_sales.csv
Date,Item Name,Quantity Sold (kilo),Sales_count,Discount (Yes/No),Unit Selling Price (RMB/kg),monthOfyear
2021-05-30,Huangbaicai (2),9.014,15,0,6.0,5
2021-05-31,Huangbaicai (2),7.659,12,0,6.0,5
2021-06-01,Huangbaicai (2),5.001,6,0,6.0,6
2021-06-02,Huangbaicai (2),7.993,11,0,6.0,6
2021-06-03,Huangbaicai (2),5.568,9,0,6.0,6
2021-06-04,Huangbaicai (2),3.562,5,0,6.0,6
2021-06-05,Huangbaicai (2),2.96,6,0,6.0,6
2021-06-06,Huangbaicai (2),13.093,24,0,6.0,6
2021-06-07,Huangbaicai (2),7.392,16,0,6.0,6
2021-06-08,Huangbaicai (2),2.368,4,0,8.0,6
2021-06-09,Huangbaicai (2),3.709,7,0,8.0,6
2021-06-10,Huangbaicai (2),5.263999999999999,8,0,8.0,6
2021-06-11,Huangbaicai (2),7.9959999999999996,17,0,8.0,6
2021-06-12,Huangbaicai (2),4.022,6,0,8.0,6
2021-06-13,Huangbaicai (2),7.407,10,0,8.0,6
2021-06-14,Huangbaicai (2),8.445,14,0,8.0,6
2021-06-15,Huangbaicai (2),3.961,7,0,8.0,6
2021-06-16,Huangbaicai (2),4.713,11,0,8.0,6
2021-06-17,Huangbaicai (2),1.6920000000000002,4,0,8.0,6
2021-06-18,Huangbaicai (2),12.633000000000001,21,0,8.0,6
2021-06-19,Huangbaicai (2),3.081,10,0,7.0,6
2021-06-20,Huangbaicai (2),10.448,23,0,7.0,6
2021-06-21,Huangbaicai (2),4.771,8,0,7.0,6
2021-06-22,Huangbaicai (2),9.597999999999999,17,0,7.0,6
2021-06-23,Huangbaicai (2),9.499,19,0,7.0,6
2021-06-24,Huangbaicai (2),2.694,6,0,7.0,6
2021-06-25,Huangbaicai (2),11.322,24,0,7.0,6
2021-06-26,Huangbaicai (2),17.022,34,0,7.0,6
2021-06-27,Huangbaicai (2),12.474,19,0,6.0,6
2021-06-28,Huangbaicai (2),7.625,16,0,6.0,6
2021-06-29,Huangbaicai (2),6.021,10,0,6.0,6
2021-06-30,Huangbaicai (2),11.273,23,0,6.0,6
2021-07-01,Huangbaicai (2),2.876,5,0,6.0,7
2021-07-02,Huangbaicai (2),11.155000000000001,23,0,6.0,7
2021-07-03,Huangbaicai (2),4.8,9,0,6.0,7
2021-07-04,Huangbaicai (2),11.749,22,0,5.0,7
2021-07-05,Huangbaicai (2),14.841000000000001,27,0,5.0,7
2021-07-06,Huangbaicai (2),10.765,19,0,5.0,7
2021-07-07,Huangbaicai (2),8.274000000000001,17,0,5.0,7
2021-07-08,Huangbaicai (2),7.2490000000000006,19,0,5.0,7
2021-07-09,Huangbaicai (2),6.948,14,0,5.0,7
2021-07-10,Huangbaicai (2),8.615,16,0,5.0,7
2021-07-11,Huangbaicai (2),21.444,39,0,5.0,7
2021-07-12,Huangbaicai (2),14.618,24,0,6.0,7
2021-07-13,Huangbaicai (2),14.736,24,0,6.0,7
2021-07-14,Huangbaicai (2),11.322,23,0,6.0,7
2021-07-15,Huangbaicai (2),10.203,18,0,6.0,7
2021-07-16,Huangbaicai (2),11.672,20,0,6.0,7
2021-07-17,Huangbaicai (2),16.526,30,0,6.0,7
2021-07-18,Huangbaicai (2),27.765,52,0,6.0,7
2021-07-19,Huangbaicai (2),11.138,22,0,6.0,7
2021-07-20,Huangbaicai (2),14.23,25,0,6.0,7
2021-07-21,Huangbaicai (2),11.974,19,0,6.0,7
2021-07-22,Huangbaicai (2),7.944,14,0,6.0,7
2021-07-23,Huangbaicai (2),6.105,10,0,6.0,7
2021-07-24,Huangbaicai (2),15.036,31,1,5.8,7
2021-07-25,Huangbaicai (2),24.468,48,0,6.0,7
2021-07-26,Huangbaicai (2),12.486,25,0,6.0,7
2021-07-27,Huangbaicai (2),12.25,25,0,6.0,7
2021-07-28,Huangbaicai (2),11.746,20,0,6.0,7
2021-07-29,Huangbaicai (2),17.405,28,0,6.0,7
2021-07-30,Huangbaicai (2),13.388,23,0,6.0,7
2021-07-31,Huangbaicai (2),32.888,58,0,6.0,7
2021-08-01,Huangbaicai (2),22.451999999999998,32,1,5.3,8
2021-08-02,Huangbaicai (2),28.395,44,0,6.0,8
2021-08-03,Huangbaicai (2),33.764,56,0,6.0,8
2021-08-04,Huangbaicai (2),27.554,42,0,6.0,8
2021-08-05,Huangbaicai (2),36.367,68,0,6.0,8
2021-08-06,Huangbaicai (2),9.984,16,0,6.0,8
2021-08-07,Huangbaicai (2),10.389,24,0,6.0,8
2021-08-08,Huangbaicai (2),23.441,42,0,6.0,8
2021-08-09,Huangbaicai (2),39.736,71,0,6.0,8
2021-08-10,Huangbaicai (2),14.498,26,0,6.0,8
2021-08-11,Huangbaicai (2),17.066,27,0,6.0,8
2021-08-12,Huangbaicai (2),27.586,47,0,6.0,8
2021-08-13,Huangbaicai (2),26.614,46,0,6.0,8
2021-08-14,Huangbaicai (2),24.871,38,0,6.0,8
2021-08-15,Huangbaicai (2),14.757,29,0,7.0,8
2021-08-16,Huangbaicai (2),7.268,15,0,7.0,8
2021-08-17,Huangbaicai (2),7.732,15,0,7.0,8
2021-08-18,Huangbaicai (2),10.36,21,0,7.0,8
2021-08-19,Huangbaicai (2),12.604,25,0,7.0,8
2021-08-20,Huangbaicai (2),11.394,21,0,7.0,8
2021-08-21,Huangbaicai (2),24.501,49,0,7.0,8
2021-08-22,Huangbaicai (2),31.836000000000002,58,0,7.0,8
2021-08-23,Huangbaicai (2),22.114,43,0,7.0,8
2021-08-24,Huangbaicai (2),5.432,9,0,7.0,8
2021-08-25,Huangbaicai (2),6.582,12,0,7.0,8
2021-08-26,Huangbaicai (2),27.448,52,0,7.0,8
2021-08-27,Huangbaicai (2),14.155,25,0,7.0,8
2021-08-28,Huangbaicai (2),8.218,18,0,7.0,8
2021-08-29,Huangbaicai (2),33.307,59,0,7.0,8
2021-08-30,Huangbaicai (2),6.481,12,0,7.0,8
2021-08-31,Huangbaicai (2),6.81,15,0,8.0,8
2021-09-01,Huangbaicai (2),7.7940000000000005,19,0,7.2,9
2021-09-02,Huangbaicai (2),8.743,16,0,7.2,9
2021-09-03,Huangbaicai (2),5.294,15,0,7.2,9
2021-09-04,Huangbaicai (2),9.972,20,0,7.2,9
2021-09-05,Huangbaicai (2),5.81,13,0,7.2,9
2021-09-06,Huangbaicai (2),5.493,12,0,8.0,9
2021-09-07,Huangbaicai (2),16.079,30,0,8.0,9
2021-09-08,Huangbaicai (2),18.292,36,0,8.0,9
2021-09-09,Huangbaicai (2),12.114,23,0,8.0,9
2021-09-10,Huangbaicai (2),6.106,13,0,8.0,9
2021-09-11,Huangbaicai (2),20.758,39,0,8.0,9
2021-09-12,Huangbaicai (2),16.887,28,0,9.0,9
2021-09-13,Huangbaicai (2),13.584,24,0,9.0,9
2021-09-14,Huangbaicai (2),6.6770000000000005,12,0,9.0,9
2021-09-15,Huangbaicai (2),6.7299999999999995,14,0,9.0,9
2021-09-16,Huangbaicai (2),5.803,12,0,9.0,9
2021-09-17,Huangbaicai (2),16.015,28,0,9.0,9
2021-09-18,Huangbaicai (2),14.253,26,0,9.0,9
2021-09-19,Huangbaicai (2),11.897,19,0,9.0,9
2021-09-20,Huangbaicai (2),20.704,31,0,9.0,9
2021-09-21,Huangbaicai (2),15.269,27,1,8.0,9
2021-09-22,Huangbaicai (2),9.211,18,1,8.0,9
2021-09-23,Huangbaicai (2),10.134,22,1,8.0,9
2021-09-24,Huangbaicai (2),2.88,6,1,8.0,9
2021-09-25,Huangbaicai (2),16.677,35,1,7.9,9
2021-09-26,Huangbaicai (2),10.555,23,0,8.0,9
2021-09-27,Huangbaicai (2),3.177,7,0,8.0,9
2021-09-28,Huangbaicai (2),5.388,7,0,7.0,9
2021-09-29,Huangbaicai (2),7.154999999999999,12,0,7.0,9
2021-09-30,Huangbaicai (2),7.5,13,0,7.0,9
2021-10-01,Huangbaicai (2),7.1419999999999995,11,1,6.0,10
2021-10-02,Huangbaicai (2),13.895,26,1,6.0,10
2021-10-03,Huangbaicai (2),10.949,20,1,6.0,10
2021-10-04,Huangbaicai (2),27.672,56,1,6.0,10
2021-10-05,Huangbaicai (2),20.95,41,1,6.0,10
2021-10-06,Huangbaicai (2),18.835,37,0,7.0,10
2021-10-07,Huangbaicai (2),6.697,12,0,7.0,10
2021-10-09,Huangbaicai (2),0.546,1,0,7.0,10
2021-10-11,Huangbaicai (2),0.632,1,0,7.0,10
2021-10-12,Huangbaicai (2),1.221,3,0,7.0,10
2021-10-13,Huangbaicai (2),3.766,9,0,7.0,10
2021-10-14,Huangbaicai (2),3.707,8,0,7.0,10
2021-10-15,Huangbaicai (2),4.713,12,0,7.0,10
2021-10-16,Huangbaicai (2),7.572,20,0,7.0,10
2021-10-17,Huangbaicai (2),8.737,20,0,7.0,10
2021-10-18,Huangbaicai (2),2.573,5,0,7.0,10
2021-10-19,Huangbaicai (2),5.002,8,0,7.0,10
2021-10-20,Huangbaicai (2),16.309,27,0,8.0,10
2021-10-21,Huangbaicai (2),7.675,13,0,8.0,10
2021-10-22,Huangbaicai (2),3.783,9,0,8.0,10
2021-10-23,Huangbaicai (2),3.543,7,0,8.0,10
2021-10-24,Huangbaicai (2),2.474,5,0,8.0,10
2021-10-25,Huangbaicai (2),1.286,2,0,10.0,10
2021-10-26,Huangbaicai (2),1.617,4,0,10.0,10
2021-10-27,Huangbaicai (2),1.587,3,0,10.0,10
2021-10-28,Huangbaicai (2),3.927,7,0,10.0,10
2021-10-29,Huangbaicai (2),4.6290000000000004,9,0,10.0,10
2021-10-30,Huangbaicai (2),6.598,11,0,10.0,10
2021-10-31,Huangbaicai (2),9.798,18,1,8.0,10
2021-11-01,Huangbaicai (2),0.462,1,0,10.0,11
2021-11-02,Huangbaicai (2),0.633,1,1,8.0,11
2021-11-03,Huangbaicai (2),1.335,2,1,8.0,11
2021-11-04,Huangbaicai (2),1.135,3,1,8.0,11
2021-11-05,Huangbaicai (2),1.807,4,1,8.0,11
2021-11-06,Huangbaicai (2),5.6739999999999995,8,0,10.0,11
2021-11-07,Huangbaicai (2),7.481,13,0,10.0,11
2021-11-08,Huangbaicai (2),3.546,6,0,10.0,11
2021-11-09,Huangbaicai (2),1.3250000000000002,3,0,10.0,11
2021-11-10,Huangbaicai (2),0.613,2,0,10.0,11
2021-11-11,Huangbaicai (2),0.843,1,0,10.0,11
2021-11-12,Huangbaicai (2),0.883,2,0,10.0,11
2021-11-13,Huangbaicai (2),1.155,2,0,10.0,11
2021-11-14,Huangbaicai (2),2.567,4,0,6.0,11
2021-11-15,Huangbaicai (2),2.752,4,0,6.0,11
2021-11-16,Huangbaicai (2),3.5069999999999997,7,0,6.0,11
2021-11-17,Huangbaicai (2),2.4,4,0,7.0,11
2021-11-18,Huangbaicai (2),1.854,3,0,7.0,11
2021-11-20,Huangbaicai (2),2.787,5,0,7.0,11
2021-11-21,Huangbaicai (2),1.307,3,0,7.0,11
2021-11-22,Huangbaicai (2),2.4879999999999995,4,0,8.0,11
2021-11-23,Huangbaicai (2),2.374,3,0,8.0,11
2021-11-24,Huangbaicai (2),2.551,4,0,8.0,11
2021-11-25,Huangbaicai (2),0.472,1,0,10.0,11
2021-11-26,Huangbaicai (2),3.243,5,0,10.0,11
2021-11-27,Huangbaicai (2),4.105,7,0,10.0,11
2021-11-28,Huangbaicai (2),1.014,2,0,10.0,11
2021-11-29,Huangbaicai (2),0.592,1,0,10.0,11
2021-11-30,Huangbaicai (2),1.2850000000000001,2,0,10.0,11
2021-12-01,Huangbaicai (2),1.486,4,0,10.0,12
2021-12-02,Huangbaicai (2),0.763,2,0,10.0,12
2021-12-03,Huangbaicai (2),0.9640000000000001,2,0,10.0,12
2021-12-04,Huangbaicai (2),0.492,1,0,10.0,12
2021-12-05,Huangbaicai (2),1.044,1,0,10.0,12
2021-12-06,Huangbaicai (2),2.862,4,0,10.0,12
2021-12-07,Huangbaicai (2),0.452,1,0,10.0,12
2021-12-08,Huangbaicai (2),0.763,2,0,10.0,12
2021-12-09,Huangbaicai (2),0.864,2,0,10.0,12
2021-12-10,Huangbaicai (2),1.455,3,0,10.0,12
2021-12-11,Huangbaicai (2),3.142,6,0,10.0,12
2021-12-12,Huangbaicai (2),1.4060000000000001,2,0,10.0,12
2021-12-14,Huangbaicai (2),1.687,3,0,10.0,12
2021-12-15,Huangbaicai (2),2.159,2,0,10.0,12
2021-12-17,Huangbaicai (2),1.7269999999999999,3,0,10.0,12
2021-12-18,Huangbaicai (2),1.035,3,0,10.0,12
2021-12-19,Huangbaicai (2),1.927,3,0,10.0,12
2021-12-21,Huangbaicai (2),0.402,1,0,8.0,12
2021-12-22,Huangbaicai (2),0.792,1,0,8.0,12
2021-12-23,Huangbaicai (2),1.758,3,0,8.0,12
2021-12-24,Huangbaicai (2),1.264,3,0,7.0,12
2021-12-25,Huangbaicai (2),0.474,1,0,7.0,12
2021-12-26,Huangbaicai (2),2.587,4,0,7.0,12
2021-12-27,Huangbaicai (2),0.46,1,0,7.0,12
2021-12-28,Huangbaicai (2),1.25,2,0,7.0,12
2021-12-29,Huangbaicai (2),0.8899999999999999,3,0,7.0,12
2021-12-31,Huangbaicai (2),1.092,2,0,7.0,12
2022-01-01,Huangbaicai (2),1.897,4,0,7.0,1
2022-01-02,Huangbaicai (2),1.6949999999999998,5,0,6.0,1
2022-01-03,Huangbaicai (2),1.947,4,0,6.0,1
2022-01-04,Huangbaicai (2),1.175,1,0,6.0,1
2022-01-05,Huangbaicai (2),0.565,1,0,5.0,1
2022-01-07,Huangbaicai (2),0.484,1,0,5.0,1
2022-01-08,Huangbaicai (2),1.028,2,0,5.0,1
2022-01-09,Huangbaicai (2),0.888,2,0,5.0,1
2022-01-10,Huangbaicai (2),0.625,1,0,5.0,1
2022-01-11,Huangbaicai (2),0.604,1,0,6.0,1
2022-01-12,Huangbaicai (2),0.621,1,0,6.0,1
2022-01-13,Huangbaicai (2),1.573,2,0,5.0,1
2022-01-14,Huangbaicai (2),0.988,1,0,5.0,1
2022-01-15,Huangbaicai (2),1.593,3,0,5.0,1
2022-01-16,Huangbaicai (2),1.008,2,0,5.0,1
2022-01-17,Huangbaicai (2),2.823,5,0,5.0,1
2022-01-18,Huangbaicai (2),0.585,1,0,5.0,1
2022-01-19,Huangbaicai (2),0.686,1,0,5.0,1
2022-01-20,Huangbaicai (2),3.73,7,0,5.0,1
2022-01-21,Huangbaicai (2),4.516,7,0,5.0,1
2022-01-22,Huangbaicai (2),4.899,9,0,5.0,1
2022-01-24,Huangbaicai (2),3.267,5,0,5.0,1
2022-01-25,Huangbaicai (2),9.353,11,0,5.0,1
2022-01-26,Huangbaicai (2),1.275,2,0,6.0,1
2022-01-27,Huangbaicai (2),4.196,6,0,6.0,1
2022-01-28,Huangbaicai (2),6.1739999999999995,8,0,6.0,1
2022-01-29,Huangbaicai (2),10.253,11,0,6.0,1
2022-01-30,Huangbaicai (2),3.138,5,0,6.0,1
2022-02-01,Huangbaicai (2),4.278,7,0,6.0,2
2022-02-02,Huangbaicai (2),5.269,8,0,6.0,2
2022-02-03,Huangbaicai (2),5.335,7,0,6.0,2
2022-02-04,Huangbaicai (2),0.52,1,0,6.0,2
2022-02-05,Huangbaicai (2),3.188,6,0,6.0,2
2022-02-06,Huangbaicai (2),5.034,8,0,6.0,2
2022-02-07,Huangbaicai (2),2.6510000000000002,5,0,6.0,2
2022-02-08,Huangbaicai (2),1.963,4,0,6.0,2
2022-02-09,Huangbaicai (2),2.316,4,0,6.0,2
2022-02-10,Huangbaicai (2),3.859,4,0,6.0,2
2022-02-11,Huangbaicai (2),1.4100000000000001,4,0,6.0,2
2022-02-12,Huangbaicai (2),1.4929999999999999,2,0,6.0,2
2022-02-13,Huangbaicai (2),5.035,8,0,6.0,2
2022-02-14,Huangbaicai (2),1.728,3,0,6.0,2
2022-02-15,Huangbaicai (2),2.768,3,0,6.0,2
2020-07-01,Millet Pepper,4.383,45,0,25.8,7
2020-07-02,Millet Pepper,4.148,44,0,25.8,7
2020-07-03,Millet Pepper,3.935,42,0,25.8,7
2020-07-04,Millet Pepper,3.4210000000000003,42,0,25.8,7
2020-07-05,Millet Pepper,3.6990000000000003,43,0,25.8,7
2020-07-06,Millet Pepper,3.064,38,0,25.8,7
2020-07-07,Millet Pepper,2.738,39,0,25.8,7
2020-07-08,Millet Pepper,3.165,32,0,25.8,7
2020-07-09,Millet Pepper,1.875,31,0,25.8,7
2020-07-10,Millet Pepper,3.835,48,1,23.2,7
2020-07-11,Millet Pepper,4.151,40,1,16.3,7
2020-07-12,Millet Pepper,5.121,53,1,22.2,7
2020-07-13,Millet Pepper,3.457,28,1,22.7,7
2020-07-14,Millet Pepper,2.997,33,0,25.8,7
2020-07-15,Millet Pepper,1.188,14,0,25.8,7
2020-07-16,Millet Pepper,2.589,22,1,21.6,7
2020-07-17,Millet Pepper,2.32,27,1,21.9,7
2020-07-18,Millet Pepper,3.644,42,1,22.2,7
2020-07-19,Millet Pepper,3.107,36,1,23.8,7
2020-07-20,Millet Pepper,2.612,26,0,19.8,7
2020-07-21,Millet Pepper,2.012,20,1,18.3,7
2020-07-22,Millet Pepper,3.624,37,1,17.0,7
2020-07-23,Millet Pepper,3.7159999999999997,33,1,18.2,7
2020-07-24,Millet Pepper,3.316,33,1,17.2,7
2020-07-25,Millet Pepper,4.233,46,1,16.8,7
2020-07-26,Millet Pepper,2.802,29,1,19.8,7
2020-07-27,Millet Pepper,3.811,42,1,19.8,7
2020-07-28,Millet Pepper,2.047,26,1,17.5,7
2020-07-29,Millet Pepper,2.188,30,1,7.7,7
2020-07-30,Millet Pepper,1.802,13,0,14.0,7
2020-07-31,Millet Pepper,1.533,19,0,14.0,7
2020-08-01,Millet Pepper,3.178,37,1,12.2,8
2020-08-02,Millet Pepper,2.9379999999999997,36,0,14.0,8
2020-08-03,Millet Pepper,3.535,30,0,14.0,8
2020-08-04,Millet Pepper,2.44,32,0,14.0,8
2020-08-05,Millet Pepper,3.178,32,0,14.0,8
2020-08-06,Millet Pepper,2.754,31,0,16.0,8
2020-08-07,Millet Pepper,1.855,28,0,16.0,8
2020-08-08,Millet Pepper,3.0540000000000003,41,0,16.0,8
2020-08-09,Millet Pepper,3.274,31,0,12.0,8
2020-08-10,Millet Pepper,3.3600000000000003,33,0,12.0,8
2020-08-11,Millet Pepper,2.418,26,0,12.0,8
2020-08-12,Millet Pepper,2.442,19,0,10.0,8
2020-08-13,Millet Pepper,2.941,30,0,10.0,8
2020-08-14,Millet Pepper,2.392,26,0,10.0,8
2020-08-15,Millet Pepper,4.173,53,0,10.0,8
2020-08-16,Millet Pepper,3.742,40,0,10.0,8
2020-08-17,Millet Pepper,3.803,31,0,10.0,8
2020-08-18,Millet Pepper,4.654,30,0,10.0,8
2020-08-19,Millet Pepper,3.061,25,0,8.0,8
2020-08-20,Millet Pepper,3.083,36,0,8.0,8
2020-08-21,Millet Pepper,4.25,39,0,8.0,8
2020-08-22,Millet Pepper,5.595,41,0,10.0,8
2020-08-23,Millet Pepper,4.663,38,0,10.0,8
2020-08-24,Millet Pepper,3.052,28,0,10.0,8
2020-08-25,Millet Pepper,3.724,32,0,10.0,8
2020-08-26,Millet Pepper,2.451,28,0,10.0,8
2020-08-27,Millet Pepper,3.342,31,0,10.0,8
2020-08-28,Millet Pepper,3.623,33,0,10.0,8
2020-08-29,Millet Pepper,2.061,25,0,10.0,8
2020-08-30,Millet Pepper,4.032,47,0,10.0,8
2020-08-31,Millet Pepper,5.965,47,0,8.0,8
2020-09-01,Millet Pepper,3.948,33,0,8.0,9
2020-09-02,Millet Pepper,2.946,21,0,8.0,9
2020-09-03,Millet Pepper,2.823,26,0,10.0,9
2020-09-04,Millet Pepper,3.443,33,0,10.0,9
2020-09-05,Millet Pepper,3.358,41,0,12.0,9
2020-09-06,Millet Pepper,3.654,42,0,12.0,9
2020-09-07,Millet Pepper,2.67,28,0,12.0,9
2020-09-08,Millet Pepper,1.511,12,0,12.0,9
2020-09-09,Millet Pepper,1.729,20,0,12.0,9
2020-09-10,Millet Pepper,2.021,22,0,12.0,9
2020-09-11,Millet Pepper,2.17,25,0,12.0,9
2020-09-12,Millet Pepper,3.306,33,0,12.0,9
2020-09-13,Millet Pepper,1.998,26,0,12.0,9
2020-09-14,Millet Pepper,1.546,17,0,12.0,9
2020-09-15,Millet Pepper,1.612,17,0,12.0,9
2020-09-16,Millet Pepper,1.242,16,0,12.0,9
2020-09-17,Millet Pepper,1.244,24,0,12.0,9
2020-09-18,Millet Pepper,1.353,15,0,12.0,9
2020-09-19,Millet Pepper,2.632,30,0,12.0,9
2020-09-20,Millet Pepper,3.464,35,0,12.0,9
2020-09-21,Millet Pepper,2.048,25,0,12.0,9
2020-09-22,Millet Pepper,1.7870000000000001,18,0,12.0,9
2020-09-23,Millet Pepper,1.744,23,0,12.0,9
2020-09-24,Millet Pepper,1.713,15,0,12.0,9
2020-09-25,Millet Pepper,1.738,18,0,12.0,9
2020-09-26,Millet Pepper,1.486,19,0,12.0,9
2020-09-27,Millet Pepper,1.612,22,0,14.0,9
2020-09-28,Millet Pepper,0.538,8,0,14.0,9
2020-09-29,Millet Pepper,3.322,34,0,12.0,9
2020-09-30,Millet Pepper,3.2560000000000002,34,0,12.0,9
2020-10-01,Millet Pepper,3.254,37,0,12.0,10
2020-10-02,Millet Pepper,2.398,30,0,14.0,10
2020-10-03,Millet Pepper,3.632,32,0,16.0,10
2020-10-04,Millet Pepper,3.5,37,0,16.0,10
2020-10-05,Millet Pepper,1.923,23,0,16.0,10
2020-10-06,Millet Pepper,1.964,15,0,18.0,10
2020-10-07,Millet Pepper,3.9659999999999997,34,0,18.0,10
2020-10-08,Millet Pepper,2.82,25,0,19.8,10
2020-10-09,Millet Pepper,2.286,24,0,19.8,10
2020-10-10,Millet Pepper,2.037,22,0,18.0,10
2020-10-11,Millet Pepper,1.981,24,0,18.0,10
2020-10-12,Millet Pepper,1.738,16,0,18.0,10
2020-10-13,Millet Pepper,3.2720000000000002,26,0,18.0,10
2020-10-14,Millet Pepper,2.347,23,0,18.0,10
2020-10-15,Millet Pepper,1.738,22,0,18.0,10
2020-10-16,Millet Pepper,1.2750000000000001,19,0,18.0,10
2020-10-17,Millet Pepper,2.249,26,0,18.0,10
2020-10-18,Millet Pepper,3.446,30,0,18.0,10
2020-10-19,Millet Pepper,0.7070000000000001,11,0,19.8,10
2020-10-20,Millet Pepper,2.183,16,0,19.8,10
2020-10-21,Millet Pepper,2.82,25,0,23.8,10
2020-10-22,Millet Pepper,1.538,12,0,27.8,10
2020-10-23,Millet Pepper,1.77,19,0,29.8,10
2020-10-24,Millet Pepper,2.327,28,0,29.8,10
2020-10-25,Millet Pepper,2.206,25,0,29.8,10
2020-10-26,Millet Pepper,1.446,12,0,29.8,10
2020-10-27,Millet Pepper,1.158,13,0,29.8,10
2020-10-28,Millet Pepper,2.1310000000000002,19,0,29.8,10
2020-10-29,Millet Pepper,1.054,15,0,29.8,10
2020-10-30,Millet Pepper,2.112,24,0,29.8,10
2020-10-31,Millet Pepper,2.454,26,0,29.8,10
2020-11-01,Millet Pepper,2.694,26,0,29.8,11
2020-11-02,Millet Pepper,2.064,18,0,33.8,11
2020-11-03,Millet Pepper,1.725,15,0,33.8,11
2020-11-04,Millet Pepper,2.084,20,0,33.8,11
2020-11-05,Millet Pepper,1.6380000000000001,13,0,33.8,11
2020-11-06,Millet Pepper,1.512,15,0,33.8,11
2020-11-07,Millet Pepper,2.665,30,0,33.8,11
2020-11-08,Millet Pepper,2.9179999999999997,27,0,33.8,11
2020-11-09,Millet Pepper,1.288,17,0,33.8,11
2020-11-10,Millet Pepper,1.314,13,0,33.8,11
2020-11-11,Millet Pepper,1.308,12,0,33.8,11
2020-11-12,Millet Pepper,1.198,15,0,33.8,11
2020-11-13,Millet Pepper,1.2289999999999999,15,0,33.8,11
2020-11-14,Millet Pepper,3.057,36,0,33.8,11
2020-11-15,Millet Pepper,1.846,21,0,33.8,11
2020-11-16,Millet Pepper,1.711,13,0,33.8,11
2020-11-17,Millet Pepper,0.716,8,0,33.8,11
2020-11-18,Millet Pepper,2.292,23,0,33.8,11
