model_prepration/daily_sales.csv
Date,Item Name,Quantity Sold (kilo),Sales_count,Discount (Yes/No),Unit Selling Price (RMB/kg),monthOfyear
2020-11-19,Millet Pepper,1.164,16,0,33.8,11
2020-11-20,Millet Pepper,1.862,21,0,33.8,11
2020-11-21,Millet Pepper,2.483,29,0,33.8,11
2020-11-22,Millet Pepper,1.972,24,0,33.8,11
2020-11-23,Millet Pepper,1.096,15,0,33.8,11
2020-11-24,Millet Pepper,1.2249999999999999,16,0,33.8,11
2020-11-25,Millet Pepper,1.036,16,0,33.8,11
2020-11-26,Millet Pepper,1.467,17,0,33.8,11
2020-11-27,Millet Pepper,1.423,14,0,33.8,11
2020-11-28,Millet Pepper,1.056,15,0,33.8,11
2020-11-29,Millet Pepper,2.524,21,0,33.8,11
2020-11-30,Millet Pepper,1.378,13,0,33.8,11
2020-12-02,Millet Pepper,1.163,10,0,33.8,12
2020-12-03,Millet Pepper,1.548,12,0,33.8,12
2020-12-04,Millet Pepper,1.204,15,0,39.8,12
2020-12-05,Millet Pepper,1.959,19,0,39.8,12
2020-12-06,Millet Pepper,1.917,20,0,49.8,12
2020-12-07,Millet Pepper,1.437,15,0,55.8,12
2020-12-08,Millet Pepper,1.641,12,0,55.8,12
2020-12-09,Millet Pepper,1.424,10,0,55.8,12
2020-12-10,Millet Pepper,1.812,12,0,55.8,12
2020-12-11,Millet Pepper,1.198,10,0,55.8,12
2020-12-12,Millet Pepper,2.961,20,0,55.8,12
2020-12-13,Millet Pepper,2.05,13,0,55.8,12
2020-12-14,Millet Pepper,2.808,21,0,55.8,12
2020-12-15,Millet Pepper,1.796,13,0,59.8,12
2020-12-16,Millet Pepper,1.719,13,0,59.8,12
2020-12-17,Millet Pepper,1.369,11,0,59.8,12
2020-12-18,Millet Pepper,1.547,14,0,59.8,12
2020-12-19,Millet Pepper,2.597,21,0,59.8,12
2020-12-20,Millet Pepper,2.678,22,0,59.8,12
2020-12-21,Millet Pepper,1.366,13,0,59.8,12
2020-12-22,Millet Pepper,0.986,9,0,59.8,12
2020-12-23,Millet Pepper,1.603,15,0,59.8,12
2020-12-24,Millet Pepper,1.306,10,0,59.8,12
2020-12-25,Millet Pepper,1.6179999999999999,12,0,59.8,12
2020-12-26,Millet Pepper,3.54,26,0,59.8,12
2020-12-27,Millet Pepper,2.1310000000000002,18,0,59.8,12
2020-12-28,Millet Pepper,1.588,12,0,59.8,12
2020-12-29,Millet Pepper,1.854,14,0,59.8,12
2020-12-30,Millet Pepper,1.27,10,0,59.8,12
2020-12-31,Millet Pepper,2.326,17,0,59.8,12
2021-01-01,Millet Pepper,2.239,19,0,59.8,1
2021-01-02,Millet Pepper,1.304,11,0,59.8,1
2021-01-03,Millet Pepper,1.415,11,0,59.8,1
2021-01-04,Millet Pepper,1.873,13,0,59.8,1
2021-01-05,Millet Pepper,1.188,9,0,69.8,1
2021-01-06,Millet Pepper,0.979,8,0,69.8,1
2021-01-07,Millet Pepper,1.384,11,0,69.8,1
2021-01-08,Millet Pepper,0.72,5,0,69.8,1
2021-01-09,Millet Pepper,0.878,6,0,69.8,1
2021-01-10,Millet Pepper,2.091,18,0,69.8,1
2021-01-11,Millet Pepper,1.867,14,0,69.8,1
2021-01-12,Millet Pepper,1.143,9,0,69.8,1
2021-01-13,Millet Pepper,1.376,12,0,69.8,1
2021-01-14,Millet Pepper,1.869,13,0,69.8,1
2021-01-15,Millet Pepper,1.033,7,0,79.8,1
2021-01-16,Millet Pepper,2.051,16,0,69.8,1
2021-01-17,Millet Pepper,2.492,19,0,65.8,1
2021-01-18,Millet Pepper,1.58,11,0,59.8,1
2021-01-19,Millet Pepper,1.338,9,0,69.8,1
2021-01-20,Millet Pepper,2.082,12,0,69.8,1
2021-01-21,Millet Pepper,1.656,11,0,69.8,1
2021-01-22,Millet Pepper,1.156,9,0,69.8,1
2021-01-23,Millet Pepper,2.472,17,0,69.8,1
2021-01-24,Millet Pepper,2.439,17,0,69.8,1
2021-01-25,Millet Pepper,1.693,13,0,69.8,1
2021-01-26,Millet Pepper,2.399,17,0,69.8,1
2021-01-27,Millet Pepper,2.6310000000000002,19,0,69.8,1
2021-01-28,Millet Pepper,2.417,17,0,69.8,1
2021-01-29,Millet Pepper,1.428,11,0,69.8,1
2021-01-30,Millet Pepper,2.378,17,0,69.8,1
2021-01-31,Millet Pepper,2.291,15,0,69.8,1
2021-02-01,Millet Pepper,2.148,14,0,69.8,2
2021-02-02,Millet Pepper,0.948,9,0,69.8,2
2021-02-03,Millet Pepper,2.573,19,0,65.8,2
2021-02-04,Millet Pepper,2.687,19,0,65.8,2
2021-02-05,Millet Pepper,4.531,27,0,65.8,2
2021-02-06,Millet Pepper,3.412,24,0,65.8,2
2021-02-07,Millet Pepper,5.647,39,0,65.8,2
2021-02-08,Millet Pepper,11.002,79,0,65.8,2
2021-02-09,Millet Pepper,15.943,103,0,65.8,2
2021-02-10,Millet Pepper,30.453,210,0,65.8,2
2021-02-13,Millet Pepper,8.035,68,0,65.8,2
2021-02-14,Millet Pepper,11.063,87,0,59.8,2
2021-02-15,Millet Pepper,8.775,79,0,69.8,2
2021-02-16,Millet Pepper,7.788,71,0,69.8,2
2021-02-17,Millet Pepper,6.4799999999999995,61,0,69.8,2
2021-02-18,Millet Pepper,4.8549999999999995,51,0,69.8,2
2021-02-19,Millet Pepper,1.877,23,0,69.8,2
2021-02-20,Millet Pepper,2.258,23,0,69.8,2
2021-02-21,Millet Pepper,2.954,28,0,69.8,2
2021-02-22,Millet Pepper,2.58,25,0,59.8,2
2021-02-23,Millet Pepper,1.542,21,0,45.8,2
2021-02-24,Millet Pepper,0.765,12,0,45.8,2
2021-02-26,Millet Pepper,2.945,12,0,45.8,2
2021-02-27,Millet Pepper,2.794,19,0,45.8,2
2021-02-28,Millet Pepper,3.21,22,0,45.8,2
2021-03-01,Millet Pepper,2.137,13,0,39.8,3
2021-03-02,Millet Pepper,1.164,9,0,33.8,3
2021-03-03,Millet Pepper,4.64,36,0,31.8,3
2021-03-04,Millet Pepper,2.2119999999999997,15,0,31.8,3
2021-03-05,Millet Pepper,3.981,28,0,31.8,3
2021-03-06,Millet Pepper,5.676,38,0,31.8,3
2021-03-07,Millet Pepper,7.54,51,0,29.8,3
2021-03-08,Millet Pepper,1.786,12,0,25.8,3
2021-03-09,Millet Pepper,4.333,28,0,25.8,3
2021-03-10,Millet Pepper,3.376,23,0,23.8,3
2021-03-11,Millet Pepper,1.687,12,0,23.8,3
2021-03-12,Millet Pepper,1.938,14,0,23.8,3
2021-03-13,Millet Pepper,2.338,18,0,23.8,3
2021-03-14,Millet Pepper,2.409,24,0,23.8,3
2021-03-15,Millet Pepper,1.314,8,0,23.8,3
2021-03-16,Millet Pepper,0.693,8,0,23.8,3
2021-03-17,Millet Pepper,3.305,24,0,23.8,3
2021-03-18,Millet Pepper,1.6540000000000001,12,0,23.8,3
2021-03-19,Millet Pepper,4.218,30,0,23.8,3
2021-03-20,Millet Pepper,3.544,25,0,23.8,3
2021-03-21,Millet Pepper,1.542,12,0,23.8,3
2021-03-26,Millet Pepper,0.111,2,0,29.8,3
2021-03-27,Millet Pepper,2.226,14,0,29.8,3
2021-03-28,Millet Pepper,1.1400000000000001,12,0,29.8,3
2021-03-29,Millet Pepper,0.447,8,0,29.8,3
2021-03-30,Millet Pepper,1.9340000000000002,18,0,29.8,3
2021-03-31,Millet Pepper,1.693,22,0,35.8,3
2021-04-01,Millet Pepper,1.6019999999999999,20,0,35.8,4
2021-04-02,Millet Pepper,3.1270000000000002,28,0,35.8,4
2021-04-03,Millet Pepper,4.344,42,0,35.8,4
2021-04-04,Millet Pepper,2.027,24,0,35.8,4
2021-04-05,Millet Pepper,1.789,25,0,35.8,4
2021-04-06,Millet Pepper,1.1400000000000001,13,0,31.8,4
2021-04-07,Millet Pepper,2.235,22,0,31.8,4
2021-04-08,Millet Pepper,2.3209999999999997,19,0,29.8,4
2021-04-09,Millet Pepper,1.751,21,0,29.8,4
2021-04-10,Millet Pepper,2.051,21,0,25.8,4
2021-04-11,Millet Pepper,1.5030000000000001,19,0,25.8,4
2021-04-12,Millet Pepper,1.617,16,0,23.8,4
2021-04-13,Millet Pepper,0.774,10,0,23.8,4
2021-04-14,Millet Pepper,1.28,8,0,23.8,4
2021-04-15,Millet Pepper,1.976,13,0,23.8,4
2021-04-16,Millet Pepper,1.749,20,0,23.8,4
2021-04-17,Millet Pepper,2.657,29,0,19.8,4
2021-04-18,Millet Pepper,0.979,13,0,19.8,4
2021-04-19,Millet Pepper,1.625,13,0,18.0,4
2021-04-20,Millet Pepper,1.3800000000000001,18,0,18.0,4
2021-04-21,Millet Pepper,1.911,17,0,18.0,4
2021-04-22,Millet Pepper,1.614,16,0,18.0,4
2021-04-23,Millet Pepper,2.297,17,0,18.0,4
2021-04-24,Millet Pepper,2.659,25,0,18.0,4
2021-04-25,Millet Pepper,2.699,29,0,18.0,4
2021-04-26,Millet Pepper,2.115,25,0,18.0,4
2021-04-27,Millet Pepper,1.794,18,0,18.0,4
2021-04-28,Millet Pepper,1.196,16,0,18.0,4
2021-04-29,Millet Pepper,1.7530000000000001,20,0,18.0,4
2021-04-30,Millet Pepper,1.375,16,0,18.0,4
2021-05-01,Millet Pepper,3.182,30,0,18.0,5
2021-05-02,Millet Pepper,3.488,37,0,18.0,5
2021-05-03,Millet Pepper,0.106,1,0,16.0,5
2021-05-04,Millet Pepper,1.904,21,0,18.0,5
2021-05-05,Millet Pepper,2.923,27,0,19.8,5
2021-05-06,Millet Pepper,1.822,26,0,19.8,5
2021-05-07,Millet Pepper,1.412,17,0,19.8,5
2021-05-08,Millet Pepper,1.21,19,0,19.8,5
2021-05-09,Millet Pepper,3.405,41,0,19.8,5
2021-05-10,Millet Pepper,2.584,24,0,19.8,5
2021-05-11,Millet Pepper,0.8140000000000001,7,0,19.8,5
2021-05-12,Millet Pepper,3.403,31,0,19.8,5
2021-05-13,Millet Pepper,1.938,22,0,19.8,5
2021-05-14,Millet Pepper,2.335,25,0,19.8,5
2021-05-15,Millet Pepper,1.867,25,0,19.8,5
2021-05-16,Millet Pepper,4.477,43,0,19.8,5
2021-05-17,Millet Pepper,0.194,2,0,16.0,5
2021-05-18,Millet Pepper,1.865,19,0,18.0,5
2021-05-19,Millet Pepper,1.788,19,0,18.0,5
2021-05-20,Millet Pepper,1.97,23,0,18.0,5
2021-05-21,Millet Pepper,2.288,24,0,19.8,5
2021-05-22,Millet Pepper,2.5620000000000003,28,0,19.8,5
2021-05-23,Millet Pepper,1.738,24,0,19.8,5
2021-05-24,Millet Pepper,1.397,13,0,19.8,5
2021-05-25,Millet Pepper,2.178,27,0,19.8,5
2021-05-26,Millet Pepper,1.946,22,0,19.8,5
2021-05-27,Millet Pepper,1.8359999999999999,24,0,19.8,5
2021-05-28,Millet Pepper,1.75,19,0,19.8,5
2021-05-29,Millet Pepper,3.288,34,0,19.8,5
2021-05-30,Millet Pepper,1.8659999999999999,25,0,19.8,5
2021-05-31,Millet Pepper,0.955,10,0,19.8,5
2021-06-01,Millet Pepper,1.242,14,0,19.8,6
2021-06-02,Millet Pepper,1.378,15,0,19.8,6
2021-06-03,Millet Pepper,2.114,20,0,19.8,6
2021-06-04,Millet Pepper,1.815,23,0,19.8,6
2021-06-05,Millet Pepper,2.803,26,0,19.8,6
2021-06-06,Millet Pepper,2.743,29,1,17.5,6
2021-06-07,Millet Pepper,2.942,28,1,16.9,6
2021-06-08,Millet Pepper,2.387,30,0,19.8,6
2021-06-09,Millet Pepper,2.406,25,0,19.8,6
2021-06-10,Millet Pepper,1.45,17,0,19.8,6
2021-06-11,Millet Pepper,2.4210000000000003,23,0,19.8,6
2021-06-12,Millet Pepper,4.415,41,0,19.8,6
2021-06-13,Millet Pepper,3.352,41,1,13.3,6
2021-06-14,Millet Pepper,4.986,48,0,14.0,6
2021-06-15,Millet Pepper,3.776,37,0,14.0,6
2021-06-16,Millet Pepper,3.179,29,0,14.0,6
2021-06-17,Millet Pepper,0.109,5,0,14.0,6
2021-06-19,Millet Pepper,3.672,42,0,14.0,6
2021-06-20,Millet Pepper,2.507,30,0,14.0,6
2021-06-21,Millet Pepper,2.111,24,0,14.0,6
2021-06-22,Millet Pepper,3.864,33,0,14.0,6
2021-06-23,Millet Pepper,3.056,33,0,12.0,6
2021-06-24,Millet Pepper,2.996,34,0,12.0,6
2021-06-25,Millet Pepper,1.843,21,0,12.0,6
2021-06-26,Millet Pepper,4.837,49,0,12.0,6
2021-06-27,Millet Pepper,3.218,35,0,12.0,6
2021-06-28,Millet Pepper,2.313,26,0,12.0,6
2021-06-29,Millet Pepper,2.955,27,0,12.0,6
2021-06-30,Millet Pepper,4.223,32,0,12.0,6
2021-07-01,Millet Pepper,3.17,31,0,12.0,7
2021-07-02,Millet Pepper,3.324,23,0,12.0,7
2021-07-03,Millet Pepper,4.775,42,0,12.0,7
2021-07-04,Millet Pepper,3.133,24,0,12.0,7
2021-07-05,Millet Pepper,3.74,23,0,12.0,7
2021-07-06,Millet Pepper,3.199,31,0,16.0,7
2021-07-07,Millet Pepper,3.018,28,0,16.0,7
2021-07-08,Millet Pepper,2.705,31,0,16.0,7
2021-07-09,Millet Pepper,2.613,30,0,16.0,7
2021-07-10,Millet Pepper,3.027,40,0,16.0,7
2021-07-11,Millet Pepper,2.957,32,0,16.0,7
2021-07-12,Millet Pepper,2.61,24,0,16.0,7
2021-07-13,Millet Pepper,3.698,33,0,16.0,7
2021-07-14,Millet Pepper,1.903,21,0,16.0,7
2021-07-15,Millet Pepper,2.028,21,0,16.0,7
2021-07-16,Millet Pepper,3.716,37,0,16.0,7
2021-07-17,Millet Pepper,3.95,43,0,14.0,7
2021-07-18,Millet Pepper,4.087,38,0,14.0,7
2021-07-19,Millet Pepper,1.26,16,0,14.0,7
2021-07-20,Millet Pepper,0.1,3,0,14.0,7
2021-07-21,Millet Pepper,2.527,29,0,14.0,7
2021-07-22,Millet Pepper,1.302,16,0,14.0,7
2021-07-23,Millet Pepper,2.026,23,0,14.0,7
2021-07-24,Millet Pepper,3.112,37,0,14.0,7
2021-07-25,Millet Pepper,3.005,37,0,14.0,7
2021-07-26,Millet Pepper,2.474,26,0,14.0,7
2021-07-27,Millet Pepper,3.284,23,0,14.0,7
2021-07-28,Millet Pepper,3.151,24,0,14.0,7
2021-07-29,Millet Pepper,2.919,23,0,12.0,7
2021-07-30,Millet Pepper,2.351,22,0,12.0,7
2021-07-31,Millet Pepper,4.454,44,0,10.0,7
2021-08-01,Millet Pepper,3.509,34,0,10.0,8
2021-08-02,Millet Pepper,2.075,23,1,8.7,8
2021-08-03,Millet Pepper,4.042,37,0,10.0,8
2021-08-04,Millet Pepper,2.7600000000000002,25,0,10.0,8
2021-08-05,Millet Pepper,1.874,19,0,10.0,8
2021-08-06,Millet Pepper,2.537,30,0,10.0,8
2021-08-07,Millet Pepper,3.731,42,0,10.0,8
2021-08-08,Millet Pepper,1.483,18,0,10.0,8
2021-08-09,Millet Pepper,1.584,19,0,10.0,8
2021-08-11,Millet Pepper,2.709,28,0,12.0,8
2021-08-12,Millet Pepper,2.0500000000000003,23,0,12.0,8
2021-08-13,Millet Pepper,3.9410000000000003,40,0,12.0,8
2021-08-14,Millet Pepper,5.195,59,0,12.0,8
2021-08-15,Millet Pepper,5.688,51,1,11.2,8
2021-08-16,Millet Pepper,2.041,22,0,12.0,8
2021-08-17,Millet Pepper,2.326,25,0,12.0,8
2021-08-18,Millet Pepper,2.879,29,0,12.0,8
2021-08-19,Millet Pepper,1.982,18,0,12.0,8
2021-08-20,Millet Pepper,3.286,34,0,12.0,8
2021-08-21,Millet Pepper,4.828,32,0,10.0,8
2021-08-22,Millet Pepper,0.9420000000000001,14,0,10.0,8
2021-08-23,Millet Pepper,2.842,27,0,10.0,8
2021-08-24,Millet Pepper,2.988,32,0,10.0,8
2021-08-25,Millet Pepper,2.106,19,0,10.0,8
2021-08-26,Millet Pepper,2.968,30,0,10.0,8
2021-08-27,Millet Pepper,1.332,20,0,10.0,8
2021-08-28,Millet Pepper,3.87,39,0,10.0,8
2021-08-29,Millet Pepper,1.633,17,0,10.0,8
2021-08-30,Millet Pepper,1.954,21,0,10.0,8
2021-08-31,Millet Pepper,3.426,23,0,14.0,8
2021-09-01,Millet Pepper,0.698,14,0,14.0,9
2021-09-02,Millet Pepper,2.138,20,0,16.0,9
2021-09-03,Millet Pepper,1.366,12,0,16.0,9
2021-09-04,Millet Pepper,2.965,33,0,16.0,9
2021-09-05,Millet Pepper,2.909,29,0,16.0,9
2021-09-06,Millet Pepper,1.218,15,0,16.0,9
2021-09-07,Millet Pepper,1.786,18,1,15.1,9
2021-09-08,Millet Pepper,1.183,16,0,14.0,9
2021-09-09,Millet Pepper,2.308,23,0,14.0,9
2021-09-10,Millet Pepper,1.736,21,0,14.0,9
2021-09-11,Millet Pepper,2.56,30,0,14.0,9
2021-09-12,Millet Pepper,2.001,22,0,14.0,9
2021-09-13,Millet Pepper,1.4689999999999999,20,0,14.0,9
2021-09-14,Millet Pepper,2.55,22,0,14.0,9
2021-09-15,Millet Pepper,1.39,13,0,14.0,9
2021-09-16,Millet Pepper,2.437,21,0,14.0,9
2021-09-17,Millet Pepper,2.486,22,0,14.0,9
2021-09-18,Millet Pepper,3.4779999999999998,25,0,14.0,9
2021-09-19,Millet Pepper,2.983,31,0,14.0,9
2021-09-20,Millet Pepper,4.922,47,0,14.0,9
2021-09-21,Millet Pepper,2.766,28,0,14.0,9
2021-09-22,Millet Pepper,2.121,19,0,14.0,9
2021-09-23,Millet Pepper,2.127,17,0,14.0,9
2021-09-24,Millet Pepper,3.041,24,0,12.0,9
2021-09-25,Millet Pepper,1.932,21,0,12.0,9
2021-09-26,Millet Pepper,3.334,30,0,12.0,9
2021-09-27,Millet Pepper,1.096,9,0,12.0,9
2021-09-28,Millet Pepper,1.473,14,0,12.0,9
2021-09-29,Millet Pepper,3.068,24,0,12.0,9
2021-09-30,Millet Pepper,2.767,27,0,12.0,9
2021-10-01,Millet Pepper,3.1350000000000002,21,0,12.0,10
2021-10-02,Millet Pepper,2.184,22,0,12.0,10
2021-10-03,Millet Pepper,1.58,20,0,12.0,10
2021-10-04,Millet Pepper,2.149,20,0,12.0,10
2021-10-05,Millet Pepper,2.225,24,0,12.0,10
2021-10-06,Millet Pepper,2.238,26,0,12.0,10
2021-10-07,Millet Pepper,2.326,23,0,12.0,10
2021-10-08,Millet Pepper,1.816,19,0,12.0,10
2021-10-09,Millet Pepper,2.341,24,0,12.0,10
2021-10-10,Millet Pepper,3.312,26,0,12.0,10
2021-10-13,Millet Pepper,0.172,2,0,14.0,10
2021-10-16,Millet Pepper,0.319,4,0,16.0,10
2021-10-18,Millet Pepper,0.05,1,0,16.0,10
2021-10-21,Millet Pepper,0.084,1,0,18.0,10
2021-10-22,Millet Pepper,0.045,1,0,18.0,10
2021-10-23,Millet Pepper,0.05,1,0,18.0,10
2021-10-25,Millet Pepper,0.278,1,0,19.8,10
2021-10-29,Millet Pepper,0.05,1,0,16.0,10
2021-10-30,Millet Pepper,0.934,16,0,16.0,10
2021-10-31,Millet Pepper,1.6480000000000001,9,0,16.0,10
2021-11-01,Millet Pepper,0.707,10,0,16.0,11
2021-11-02,Millet Pepper,1.104,13,0,16.0,11
2021-11-03,Millet Pepper,0.489,4,0,16.0,11
2021-11-04,Millet Pepper,0.965,11,0,16.0,11
2021-11-05,Millet Pepper,0.28800000000000003,4,0,16.0,11
2021-11-06,Millet Pepper,0.8029999999999999,12,0,16.0,11
2021-11-07,Millet Pepper,1.996,24,0,16.0,11
2021-11-08,Millet Pepper,0.357,6,0,16.0,11
2021-11-09,Millet Pepper,0.163,3,0,16.0,11
2021-11-10,Millet Pepper,0.333,7,0,16.0,11
2021-11-11,Millet Pepper,1.051,3,0,19.8,11
2021-11-12,Millet Pepper,0.379,7,0,19.8,11
2021-11-13,Millet Pepper,0.526,9,0,19.8,11
2021-11-14,Millet Pepper,0.552,7,0,19.8,11
2021-11-15,Millet Pepper,1.364,14,0,21.6,11
2021-11-16,Millet Pepper,1.857,17,0,21.6,11
2021-11-17,Millet Pepper,0.907,12,0,21.6,11
2021-11-18,Millet Pepper,0.574,6,0,21.6,11
2021-11-19,Millet Pepper,0.786,8,0,21.6,11
2021-11-20,Millet Pepper,1.095,15,0,21.6,11
2021-11-21,Millet Pepper,0.46299999999999997,9,0,21.6,11
2021-11-22,Millet Pepper,0.46399999999999997,4,0,21.6,11
2021-11-23,Millet Pepper,0.302,4,0,21.6,11
2021-11-24,Millet Pepper,1.131,7,0,21.6,11
2021-11-25,Millet Pepper,1.283,8,0,21.6,11
2021-11-26,Millet Pepper,1.273,14,0,21.6,11
2021-11-27,Millet Pepper,0.754,11,0,21.6,11
2021-11-28,Millet Pepper,0.935,15,0,21.6,11
2021-11-29,Millet Pepper,1.079,9,0,21.6,11
2021-11-30,Millet Pepper,0.617,8,0,21.6,11
2021-12-01,Millet Pepper,0.328,6,0,21.6,12
2021-12-02,Millet Pepper,0.9359999999999999,10,0,21.6,12
2021-12-03,Millet Pepper,0.968,13,0,21.6,12
2021-12-04,Millet Pepper,1.786,23,0,23.8,12
2021-12-05,Millet Pepper,1.475,16,0,23.8,12
2021-12-06,Millet Pepper,1.204,8,0,25.8,12
2021-12-07,Millet Pepper,0.736,8,0,25.8,12
2021-12-08,Millet Pepper,0.895,8,0,25.8,12
2021-12-09,Millet Pepper,0.658,7,0,29.6,12
2021-12-10,Millet Pepper,0.066,1,0,33.6,12
2021-12-14,Millet Pepper,0.128,2,0,33.6,12
2021-12-20,Millet Pepper,0.098,1,0,31.6,12
2021-12-21,Millet Pepper,0.108,1,0,31.6,12
2021-12-25,Millet Pepper,0.076,1,0,31.6,12
2022-01-08,Millet Pepper,2.888,25,0,25.8,1
2022-01-09,Millet Pepper,2.6630000000000003,23,0,25.8,1
2022-01-10,Millet Pepper,2.2039999999999997,10,0,25.8,1
2022-01-11,Millet Pepper,2.067,17,0,25.8,1
2022-01-12,Millet Pepper,2.6,16,0,25.8,1
2022-01-13,Millet Pepper,2.028,17,0,25.8,1
2022-01-14,Millet Pepper,2.13,9,0,25.8,1
2022-01-15,Millet Pepper,3.883,27,0,25.8,1
2022-01-16,Millet Pepper,2.8680000000000003,23,0,25.8,1
2022-01-17,Millet Pepper,1.6720000000000002,12,0,25.8,1
2022-01-18,Millet Pepper,1.283,13,0,25.8,1
2022-01-19,Millet Pepper,2.204,20,0,25.8,1
2022-01-20,Millet Pepper,1.4629999999999999,12,0,31.6,1
2022-01-21,Millet Pepper,2.745,21,0,31.6,1
2022-01-22,Millet Pepper,2.622,21,0,39.8,1
2022-01-25,Millet Pepper,2.404,20,0,39.8,1
2022-01-26,Millet Pepper,2.333,21,0,45.8,1
2022-01-27,Millet Pepper,2.302,17,0,45.8,1
2022-01-28,Millet Pepper,0.322,5,0,49.6,1
2022-01-29,Millet Pepper,8.888,57,0,49.6,1
2022-01-30,Millet Pepper,21.418,137,0,49.6,1
2022-02-01,Millet Pepper,2.4979999999999998,21,0,49.6,2
2022-02-02,Millet Pepper,4.017,30,0,49.6,2
2022-02-03,Millet Pepper,11.838,35,0,49.6,2
2022-02-04,Millet Pepper,7.4510000000000005,64,0,49.6,2
2022-02-05,Millet Pepper,2.695,29,0,49.6,2
2022-02-06,Millet Pepper,2.996,31,0,45.8,2
2022-02-07,Millet Pepper,3.084,28,0,45.8,2
2022-02-08,Millet Pepper,2.991,17,0,49.6,2
2022-02-09,Millet Pepper,1.484,13,0,45.8,2
2022-02-10,Millet Pepper,1.437,14,0,45.8,2
2022-02-11,Millet Pepper,1.113,11,0,45.8,2
2022-02-12,Millet Pepper,0.604,8,0,45.8,2
2022-02-13,Millet Pepper,0.261,3,0,45.8,2
2022-02-14,Millet Pepper,0.158,3,0,45.8,2
