model_prepration/daily_sales.csv
Date,Item Name,Quantity Sold (kilo),Sales_count,Discount (Yes/No),Unit Selling Price (RMB/kg),monthOfyear
2020-07-01,Qinggengsanhua,12.086,24,0,9.0,7
2020-07-02,Qinggengsanhua,13.834,30,0,9.0,7
2020-07-03,Qinggengsanhua,15.616,32,0,8.0,7
2020-07-04,Qinggengsanhua,12.847,29,0,8.0,7
2020-07-05,Qinggengsanhua,13.109,24,0,8.0,7
2020-07-06,Qinggengsanhua,18.287,34,0,9.0,7
2020-07-07,Qinggengsanhua,22.699,49,0,9.0,7
2020-07-08,Qinggengsanhua,20.792,43,0,9.0,7
2020-07-09,Qinggengsanhua,15.926,35,0,9.0,7
2020-07-10,Qinggengsanhua,34.412,73,1,2.4,7
2020-07-11,Qinggengsanhua,39.842999999999996,72,1,1.7,7
2020-07-12,Qinggengsanhua,30.925,63,1,5.6,7
2020-07-13,Qinggengsanhua,16.404,38,1,5.2,7
2020-07-14,Qinggengsanhua,30.354,58,1,4.7,7
2020-07-15,Qinggengsanhua,19.162,37,1,5.2,7
2020-07-16,Qinggengsanhua,16.071,31,1,0.5,7
2020-07-17,Qinggengsanhua,19.049,37,1,5.4,7
2020-07-18,Qinggengsanhua,25.938,52,1,5.0,7
2020-07-19,Qinggengsanhua,31.561,60,1,4.9,7
2020-07-20,Qinggengsanhua,30.62,57,1,2.1,7
2020-07-21,Qinggengsanhua,26.942,57,1,5.4,7
2020-07-22,Qinggengsanhua,26.442,46,1,5.2,7
2020-07-23,Qinggengsanhua,21.518,38,1,6.9,7
2020-07-24,Qinggengsanhua,19.162,40,1,6.8,7
2020-07-25,Qinggengsanhua,28.65,51,1,5.5,7
2020-07-26,Qinggengsanhua,28.759,52,1,1.9,7
2020-07-27,Qinggengsanhua,21.18,36,1,1.1,7
2020-07-28,Qinggengsanhua,17.746,32,1,7.0,7
2020-07-29,Qinggengsanhua,16.519,37,1,7.2,7
2020-07-30,Qinggengsanhua,22.837,46,1,6.8,7
2020-07-31,Qinggengsanhua,21.682,45,1,3.9,7
2020-08-01,Qinggengsanhua,24.578,52,1,7.0,8
2020-08-02,Qinggengsanhua,22.094,45,0,8.0,8
2020-08-03,Qinggengsanhua,21.656,42,0,8.0,8
2020-08-04,Qinggengsanhua,23.181,45,0,8.0,8
2020-08-05,Qinggengsanhua,27.404,60,0,8.0,8
2020-08-06,Qinggengsanhua,29.517,55,0,8.0,8
2020-08-07,Qinggengsanhua,20.856,42,0,8.0,8
2020-08-08,Qinggengsanhua,32.386,62,0,8.0,8
2020-08-09,Qinggengsanhua,18.839,37,0,8.0,8
2020-08-10,Qinggengsanhua,22.519000000000002,48,0,8.0,8
2020-08-11,Qinggengsanhua,28.922,64,0,9.0,8
2020-08-12,Qinggengsanhua,23.922,48,0,9.0,8
2020-08-13,Qinggengsanhua,24.463,55,0,8.0,8
2020-08-14,Qinggengsanhua,32.605,71,0,8.0,8
2020-08-15,Qinggengsanhua,70.22,148,0,8.0,8
2020-08-16,Qinggengsanhua,28.16,54,0,8.0,8
2020-08-17,Qinggengsanhua,27.518,59,0,8.0,8
2020-08-18,Qinggengsanhua,29.855,62,0,8.0,8
2020-08-19,Qinggengsanhua,24.652,48,0,8.0,8
2020-08-20,Qinggengsanhua,32.785,65,0,8.0,8
2020-08-21,Qinggengsanhua,23.271,47,0,8.0,8
2020-08-22,Qinggengsanhua,26.719,58,0,8.0,8
2020-08-23,Qinggengsanhua,30.991,61,0,8.0,8
2020-08-24,Qinggengsanhua,20.801,43,0,8.0,8
2020-08-25,Qinggengsanhua,23.343,48,0,9.0,8
2020-08-26,Qinggengsanhua,23.787,52,0,8.0,8
2020-08-27,Qinggengsanhua,20.054,42,0,8.0,8
2020-08-28,Qinggengsanhua,23.026,49,0,8.0,8
2020-08-29,Qinggengsanhua,24.474,50,0,8.0,8
2020-08-30,Qinggengsanhua,38.412,75,0,8.0,8
2020-08-31,Qinggengsanhua,27.433,59,0,8.0,8
2020-09-01,Qinggengsanhua,25.906,53,0,8.0,9
2020-09-02,Qinggengsanhua,17.659,38,0,8.0,9
2020-09-03,Qinggengsanhua,20.089,39,0,8.0,9
2020-09-04,Qinggengsanhua,24.814,48,0,8.0,9
2020-09-05,Qinggengsanhua,27.869,55,0,8.0,9
2020-09-06,Qinggengsanhua,23.053,53,0,10.0,9
2020-09-07,Qinggengsanhua,10.865,23,0,10.0,9
2020-09-08,Qinggengsanhua,13.609,29,0,10.0,9
2020-09-09,Qinggengsanhua,14.56,28,0,10.0,9
2020-09-10,Qinggengsanhua,8.378,16,0,10.0,9
2020-09-11,Qinggengsanhua,21.697,43,1,7.0,9
2020-09-12,Qinggengsanhua,12.596,25,0,9.0,9
2020-09-13,Qinggengsanhua,12.982,26,0,8.0,9
2020-09-14,Qinggengsanhua,14.801,27,0,9.0,9
2020-09-15,Qinggengsanhua,11.405,21,0,9.0,9
2020-09-16,Qinggengsanhua,13.487,23,0,9.0,9
2020-09-17,Qinggengsanhua,13.867,28,0,9.0,9
2020-09-18,Qinggengsanhua,12.495,24,0,9.0,9
2020-09-19,Qinggengsanhua,25.69,46,0,7.0,9
2020-09-20,Qinggengsanhua,32.308,50,0,7.0,9
2020-09-21,Qinggengsanhua,20.717,36,0,7.0,9
2020-09-22,Qinggengsanhua,14.4,24,0,8.0,9
2020-09-23,Qinggengsanhua,13.818999999999999,24,0,10.0,9
2020-09-24,Qinggengsanhua,16.313,30,0,10.0,9
2020-09-25,Qinggengsanhua,9.049,19,0,10.0,9
2020-09-26,Qinggengsanhua,34.505,66,0,10.0,9
2020-09-27,Qinggengsanhua,20.793,42,0,10.0,9
2020-09-28,Qinggengsanhua,11.784,22,0,10.0,9
2020-09-29,Qinggengsanhua,12.975,23,0,10.0,9
2020-09-30,Qinggengsanhua,20.739,32,0,9.0,9
2020-10-01,Qinggengsanhua,27.87,48,0,8.0,10
2020-10-02,Qinggengsanhua,20.716,32,0,8.0,10
2020-10-03,Qinggengsanhua,15.290000000000001,32,0,8.0,10
2020-10-04,Qinggengsanhua,14.298,21,0,8.0,10
2020-10-05,Qinggengsanhua,52.465,87,0,6.0,10
2020-10-06,Qinggengsanhua,88.508,145,0,6.0,10
2020-10-07,Qinggengsanhua,27.73,48,0,6.0,10
2020-10-08,Qinggengsanhua,29.772,44,0,6.0,10
2020-10-09,Qinggengsanhua,18.754,30,0,7.0,10
2020-10-10,Qinggengsanhua,20.474,28,0,7.0,10
2020-10-11,Qinggengsanhua,24.24,42,0,7.0,10
2020-10-12,Qinggengsanhua,21.52,40,0,7.0,10
2020-10-13,Qinggengsanhua,29.936,56,0,6.0,10
2020-10-14,Qinggengsanhua,24.098,39,0,6.0,10
2020-10-15,Qinggengsanhua,23.566,43,0,6.0,10
2020-10-16,Qinggengsanhua,43.543,68,0,6.0,10
2020-10-17,Qinggengsanhua,26.273,43,0,6.0,10
2020-10-18,Qinggengsanhua,24.416,43,0,6.0,10
2020-10-19,Qinggengsanhua,20.954,40,0,6.0,10
2020-10-20,Qinggengsanhua,16.636,33,0,7.0,10
2020-10-21,Qinggengsanhua,16.192999999999998,31,0,7.0,10
2020-10-22,Qinggengsanhua,12.866,21,0,7.0,10
2020-10-23,Qinggengsanhua,10.219,22,0,7.0,10
2020-10-24,Qinggengsanhua,15.976,30,0,7.0,10
2020-10-25,Qinggengsanhua,22.691,39,0,7.0,10
2020-10-26,Qinggengsanhua,8.181,15,0,7.0,10
2020-10-27,Qinggengsanhua,1.376,3,0,7.0,10
2020-10-28,Qinggengsanhua,14.299,23,0,8.0,10
2020-10-29,Qinggengsanhua,11.002,17,0,8.0,10
2020-10-30,Qinggengsanhua,10.487,20,0,7.0,10
2020-10-31,Qinggengsanhua,21.966,44,0,7.0,10
2020-11-01,Qinggengsanhua,15.152000000000001,26,0,6.0,11
2020-11-02,Qinggengsanhua,11.923,18,0,6.0,11
2020-11-03,Qinggengsanhua,11.758,20,0,6.0,11
2020-11-04,Qinggengsanhua,14.822,31,0,5.0,11
2020-11-05,Qinggengsanhua,13.575,24,0,5.0,11
2020-11-06,Qinggengsanhua,73.574,126,0,4.0,11
2020-11-07,Qinggengsanhua,60.909,114,0,4.0,11
2020-11-08,Qinggengsanhua,57.943,96,0,4.0,11
2020-11-09,Qinggengsanhua,17.967,32,0,4.0,11
2020-11-10,Qinggengsanhua,15.120000000000001,26,0,5.0,11
2020-11-11,Qinggengsanhua,7.614,13,0,4.0,11
2020-11-12,Qinggengsanhua,1.331,3,0,4.0,11
2020-11-13,Qinggengsanhua,14.65,17,0,4.0,11
2020-11-14,Qinggengsanhua,8.14,13,0,4.0,11
2020-11-15,Qinggengsanhua,7.739,10,0,4.0,11
2020-11-16,Qinggengsanhua,7.289000000000001,12,0,4.0,11
2020-11-17,Qinggengsanhua,3.543,6,0,4.0,11
2020-11-18,Qinggengsanhua,11.458,20,0,4.0,11
2020-11-19,Qinggengsanhua,16.818,30,0,3.6,11
2020-11-20,Qinggengsanhua,14.901,30,0,3.0,11
2020-11-21,Qinggengsanhua,41.247,72,0,3.0,11
2020-11-22,Qinggengsanhua,37.444,61,0,2.6,11
2020-11-23,Qinggengsanhua,28.414,43,0,2.6,11
2020-11-24,Qinggengsanhua,24.382,42,0,2.6,11
2020-11-25,Qinggengsanhua,21.953,38,0,2.8,11
2020-11-26,Qinggengsanhua,14.463000000000001,22,0,2.8,11
2020-11-27,Qinggengsanhua,14.47,22,0,3.4,11
2020-11-28,Qinggengsanhua,23.795,45,0,4.0,11
2020-11-29,Qinggengsanhua,20.458000000000002,36,0,4.0,11
2020-11-30,Qinggengsanhua,21.004,38,0,4.6,11
2020-12-01,Qinggengsanhua,13.468,26,0,4.0,12
2020-12-02,Qinggengsanhua,12.236,21,0,4.0,12
2020-12-03,Qinggengsanhua,12.054,21,0,4.6,12
2020-12-04,Qinggengsanhua,11.565999999999999,21,0,5.0,12
2020-12-05,Qinggengsanhua,17.008,31,0,5.4,12
2020-12-06,Qinggengsanhua,28.48,45,0,6.0,12
2020-12-07,Qinggengsanhua,17.578,30,0,6.0,12
2020-12-08,Qinggengsanhua,13.044,21,0,6.0,12
2020-12-09,Qinggengsanhua,9.984,17,0,6.0,12
2020-12-10,Qinggengsanhua,12.895,25,0,6.0,12
2020-12-11,Qinggengsanhua,12.343,21,0,6.0,12
2020-12-12,Qinggengsanhua,20.605,34,0,6.0,12
2020-12-13,Qinggengsanhua,34.27,56,0,6.0,12
2020-12-14,Qinggengsanhua,19.265,35,0,6.0,12
2020-12-15,Qinggengsanhua,22.026,40,0,6.0,12
2020-12-16,Qinggengsanhua,9.183,15,0,6.0,12
2020-12-17,Qinggengsanhua,19.87,33,0,6.0,12
2020-12-18,Qinggengsanhua,12.593,20,0,6.0,12
2020-12-19,Qinggengsanhua,24.884,43,0,6.0,12
2020-12-20,Qinggengsanhua,34.938,70,0,6.0,12
2020-12-21,Qinggengsanhua,15.452,27,0,6.0,12
2020-12-22,Qinggengsanhua,9.734,17,0,6.0,12
2020-12-23,Qinggengsanhua,8.052,12,0,7.0,12
2020-12-24,Qinggengsanhua,25.543,48,0,7.0,12
2020-12-25,Qinggengsanhua,16.366,36,0,7.0,12
2020-12-26,Qinggengsanhua,29.127,52,0,7.0,12
2020-12-27,Qinggengsanhua,26.708000000000002,43,0,6.0,12
2020-12-28,Qinggengsanhua,20.589,40,0,6.0,12
2020-12-29,Qinggengsanhua,15.859,30,0,6.0,12
2020-12-30,Qinggengsanhua,17.008,30,0,7.0,12
2020-12-31,Qinggengsanhua,11.105,19,0,8.0,12
2021-01-01,Qinggengsanhua,28.261,47,0,8.0,1
2021-01-02,Qinggengsanhua,21.607,36,0,8.0,1
2021-01-03,Qinggengsanhua,18.448999999999998,34,0,8.0,1
2021-01-04,Qinggengsanhua,11.677999999999999,23,0,8.0,1
2021-01-05,Qinggengsanhua,26.706,52,0,8.0,1
2021-01-06,Qinggengsanhua,23.348,47,0,8.0,1
2021-01-07,Qinggengsanhua,22.322,42,0,8.0,1
2021-01-08,Qinggengsanhua,19.792,39,0,9.0,1
2021-01-09,Qinggengsanhua,20.164,43,0,10.0,1
2021-01-10,Qinggengsanhua,21.287,42,0,10.0,1
2021-01-11,Qinggengsanhua,18.09,34,0,11.0,1
2021-01-12,Qinggengsanhua,9.124,21,0,12.0,1
2021-01-13,Qinggengsanhua,7.845,18,0,13.0,1
2021-01-14,Qinggengsanhua,10.895,26,0,13.0,1
2021-01-15,Qinggengsanhua,16.067,31,0,13.0,1
2021-01-16,Qinggengsanhua,20.477,43,0,13.0,1
2021-01-17,Qinggengsanhua,24.231,49,0,14.0,1
2021-01-18,Qinggengsanhua,19.967,44,0,14.0,1
2021-01-19,Qinggengsanhua,11.703,26,0,14.0,1
2021-01-20,Qinggengsanhua,16.663,35,0,14.0,1
2021-01-21,Qinggengsanhua,14.053,31,0,14.0,1
2021-01-22,Qinggengsanhua,15.007,30,0,14.0,1
2021-01-23,Qinggengsanhua,12.814,29,0,14.0,1
2021-01-24,Qinggengsanhua,27.226,67,0,14.0,1
2021-01-25,Qinggengsanhua,19.147,42,0,12.0,1
2021-01-26,Qinggengsanhua,22.022,43,0,12.0,1
2021-01-27,Qinggengsanhua,33.007,76,0,10.0,1
2021-01-28,Qinggengsanhua,24.685,54,0,12.0,1
2021-01-29,Qinggengsanhua,22.099,47,0,10.0,1
2021-01-30,Qinggengsanhua,14.383,32,0,10.0,1
2021-01-31,Qinggengsanhua,20.687,46,0,10.0,1
2021-02-01,Qinggengsanhua,11.514,23,0,10.0,2
2021-02-02,Qinggengsanhua,20.144,42,0,10.0,2
2021-02-03,Qinggengsanhua,20.997,49,0,9.0,2
2021-02-04,Qinggengsanhua,21.004,44,0,9.0,2
2021-02-05,Qinggengsanhua,17.14,36,0,9.0,2
2021-02-06,Qinggengsanhua,27.775,58,0,9.0,2
2021-02-07,Qinggengsanhua,19.99,46,0,8.0,2
2021-02-08,Qinggengsanhua,65.089,114,0,6.0,2
2021-02-09,Qinggengsanhua,81.299,133,0,7.0,2
2021-02-10,Qinggengsanhua,81.146,121,0,8.0,2
2021-02-13,Qinggengsanhua,22.759,39,0,8.0,2
2021-02-14,Qinggengsanhua,5.981,11,1,7.0,2
2021-02-15,Qinggengsanhua,21.147,35,0,7.0,2
2021-02-16,Qinggengsanhua,9.031,18,0,6.0,2
2021-02-17,Qinggengsanhua,11.627,22,0,5.0,2
2021-02-18,Qinggengsanhua,25.251,49,0,6.0,2
2021-02-19,Qinggengsanhua,22.575,48,0,5.0,2
2021-02-20,Qinggengsanhua,10.304,20,0,5.0,2
2021-02-21,Qinggengsanhua,11.689,26,0,5.0,2
2021-02-22,Qinggengsanhua,13.166,27,0,4.0,2
2021-02-23,Qinggengsanhua,10.504,21,0,4.0,2
2021-02-24,Qinggengsanhua,16.024,27,0,6.0,2
2021-02-25,Qinggengsanhua,13.579,23,0,6.0,2
2021-02-26,Qinggengsanhua,34.922,68,0,6.0,2
2021-02-27,Qinggengsanhua,31.777,55,0,6.0,2
2021-02-28,Qinggengsanhua,22.994,35,0,6.0,2
2021-03-01,Qinggengsanhua,13.88,21,0,6.0,3
2021-03-02,Qinggengsanhua,11.774000000000001,17,0,6.0,3
2021-03-03,Qinggengsanhua,9.429,14,0,7.0,3
2021-03-04,Qinggengsanhua,9.513,14,0,7.0,3
2021-03-05,Qinggengsanhua,22.45,39,0,7.0,3
2021-03-06,Qinggengsanhua,34.67,55,0,7.0,3
2021-03-07,Qinggengsanhua,50.138,82,0,4.6,3
2021-03-08,Qinggengsanhua,31.896,64,0,6.0,3
2021-03-09,Qinggengsanhua,21.675,32,0,6.0,3
2021-03-10,Qinggengsanhua,14.299,26,0,7.0,3
2021-03-11,Qinggengsanhua,18.898,34,0,8.0,3
2021-03-12,Qinggengsanhua,13.934,23,0,8.0,3
2021-03-13,Qinggengsanhua,24.541,43,0,8.0,3
2021-03-14,Qinggengsanhua,17.472,27,0,8.0,3
2021-03-15,Qinggengsanhua,12.164,21,0,7.0,3
2021-03-16,Qinggengsanhua,8.927,18,0,7.0,3
2021-03-17,Qinggengsanhua,8.698,17,0,7.0,3
2021-03-18,Qinggengsanhua,17.051000000000002,32,0,7.0,3
2021-03-19,Qinggengsanhua,28.332,49,0,6.0,3
2021-03-20,Qinggengsanhua,13.563,24,0,6.0,3
2021-03-21,Qinggengsanhua,35.11,63,0,6.6,3
2021-03-22,Qinggengsanhua,16.729,30,0,7.6,3
2021-03-23,Qinggengsanhua,13.86,28,0,8.0,3
2021-03-24,Qinggengsanhua,16.664,32,0,8.0,3
2021-03-25,Qinggengsanhua,14.587,30,0,8.0,3
2021-03-26,Qinggengsanhua,28.296,61,0,8.0,3
2021-03-27,Qinggengsanhua,25.349,49,0,9.0,3
2021-03-28,Qinggengsanhua,22.995,39,0,8.0,3
2021-03-29,Qinggengsanhua,35.063,62,0,8.0,3
2021-03-30,Qinggengsanhua,9.078,17,0,9.0,3
2021-03-31,Qinggengsanhua,14.32,28,0,10.0,3
2021-04-01,Qinggengsanhua,20.317999999999998,39,0,8.0,4
2021-04-02,Qinggengsanhua,50.211,92,0,6.0,4
2021-04-03,Qinggengsanhua,29.954,53,0,6.0,4
2021-04-04,Qinggengsanhua,37.267,70,0,6.0,4
2021-04-05,Qinggengsanhua,26.592,47,1,6.0,4
2021-04-06,Qinggengsanhua,6.974,15,0,6.0,4
2021-04-07,Qinggengsanhua,11.347,20,0,5.0,4
2021-04-08,Qinggengsanhua,8.228,16,0,6.0,4
2021-04-09,Qinggengsanhua,16.661,32,0,7.0,4
2021-04-10,Qinggengsanhua,21.748,44,0,7.0,4
2021-04-11,Qinggengsanhua,25.739,48,0,6.0,4
2021-04-12,Qinggengsanhua,15.653,28,0,4.0,4
2021-04-13,Qinggengsanhua,12.389,29,0,4.0,4
2021-04-14,Qinggengsanhua,12.125,24,0,3.6,4
2021-04-15,Qinggengsanhua,13.24,26,0,3.6,4
2021-04-16,Qinggengsanhua,26.711000000000002,44,0,3.6,4
2021-04-17,Qinggengsanhua,42.018,71,0,3.2,4
2021-04-18,Qinggengsanhua,24.972,40,0,3.0,4
2021-04-19,Qinggengsanhua,15.078,21,0,2.6,4
2021-04-20,Qinggengsanhua,13.683,23,0,2.6,4
2021-04-21,Qinggengsanhua,30.35,50,0,2.6,4
2021-04-22,Qinggengsanhua,22.519,39,0,2.6,4
2021-04-23,Qinggengsanhua,19.458000000000002,37,0,2.6,4
2021-04-24,Qinggengsanhua,34.922,52,0,2.6,4
2021-04-25,Qinggengsanhua,28.646,48,0,2.6,4
2021-04-26,Qinggengsanhua,14.652000000000001,21,0,2.6,4
2021-04-27,Qinggengsanhua,6.513,13,0,2.6,4
2021-04-28,Qinggengsanhua,14.528,20,0,3.4,4
2021-04-29,Qinggengsanhua,17.637,27,0,2.6,4
2021-04-30,Qinggengsanhua,16.783,27,0,2.6,4
2021-05-01,Qinggengsanhua,22.169999999999998,29,0,2.6,5
2021-05-02,Qinggengsanhua,11.163,21,0,2.6,5
2021-05-03,Qinggengsanhua,11.208,18,0,3.0,5
2021-05-04,Qinggengsanhua,18.639,35,0,3.4,5
2021-05-05,Qinggengsanhua,15.929,36,0,4.0,5
2021-05-06,Qinggengsanhua,0.7789999999999999,2,0,4.0,5
2021-05-07,Qinggengsanhua,11.329,20,0,5.0,5
2021-05-08,Qinggengsanhua,13.456,28,0,5.0,5
2021-05-09,Qinggengsanhua,15.406,27,0,5.0,5
2021-05-10,Qinggengsanhua,15.263,25,0,5.0,5
2021-05-11,Qinggengsanhua,12.231,23,0,5.0,5
2021-05-12,Qinggengsanhua,6.809,14,0,5.0,5
2021-05-13,Qinggengsanhua,6.084,12,0,5.0,5
2021-05-14,Qinggengsanhua,20.444,40,0,5.0,5
2021-05-15,Qinggengsanhua,13.575,25,0,5.0,5
2021-05-16,Qinggengsanhua,21.064,38,0,5.0,5
2021-05-17,Qinggengsanhua,15.242,28,0,5.0,5
2021-05-18,Qinggengsanhua,9.579,14,0,5.0,5
2021-05-19,Qinggengsanhua,10.747,20,0,5.0,5
2021-05-20,Qinggengsanhua,9.018,17,0,5.0,5
2021-05-21,Qinggengsanhua,11.154,18,0,6.0,5
2021-05-22,Qinggengsanhua,6.966,10,0,7.6,5
2021-05-23,Qinggengsanhua,18.536,28,0,7.6,5
2021-05-24,Qinggengsanhua,24.63,47,0,7.0,5
2021-05-25,Qinggengsanhua,11.693,22,0,7.0,5
2021-05-26,Qinggengsanhua,24.746000000000002,55,0,7.0,5
2021-05-27,Qinggengsanhua,16.202,30,0,7.0,5
2021-05-28,Qinggengsanhua,13.854,24,0,7.0,5
2021-05-29,Qinggengsanhua,12.978,23,0,6.0,5
2021-05-30,Qinggengsanhua,13.454,20,0,5.0,5
2021-05-31,Qinggengsanhua,12.491,20,0,5.0,5
2021-06-01,Qinggengsanhua,15.523,25,0,5.0,6
2021-06-02,Qinggengsanhua,25.405,46,0,6.0,6
2021-06-03,Qinggengsanhua,14.068,25,0,6.0,6
2021-06-04,Qinggengsanhua,11.069,21,0,6.0,6
2021-06-05,Qinggengsanhua,18.064,33,0,6.0,6
2021-06-06,Qinggengsanhua,17.426,30,0,6.0,6
2021-06-07,Qinggengsanhua,8.781,16,0,6.0,6
2021-06-08,Qinggengsanhua,13.446,22,0,6.0,6
2021-06-09,Qinggengsanhua,10.932,19,0,7.0,6
2021-06-10,Qinggengsanhua,10.517,20,0,7.0,6
2021-06-11,Qinggengsanhua,11.388,18,0,6.0,6
2021-06-12,Qinggengsanhua,15.737,24,0,6.0,6
2021-06-13,Qinggengsanhua,10.888,19,0,6.0,6
2021-06-14,Qinggengsanhua,18.614,32,0,6.0,6
2021-06-15,Qinggengsanhua,18.365,35,0,6.0,6
2021-06-16,Qinggengsanhua,4.734,9,0,6.0,6
2021-06-17,Qinggengsanhua,10.57,16,0,6.0,6
2021-06-18,Qinggengsanhua,17.309,25,0,6.0,6
2021-06-19,Qinggengsanhua,17.567,27,0,7.0,6
2021-06-20,Qinggengsanhua,20.389,27,0,7.0,6
2021-06-21,Qinggengsanhua,24.302,46,0,8.0,6
2021-06-22,Qinggengsanhua,12.97,21,0,8.0,6
2021-06-23,Qinggengsanhua,32.67,55,0,8.0,6
2021-06-24,Qinggengsanhua,17.52,33,0,8.0,6
2021-06-25,Qinggengsanhua,21.467,40,0,8.0,6
2021-06-26,Qinggengsanhua,19.312,33,0,8.0,6
2021-06-27,Qinggengsanhua,20.777,33,0,8.0,6
2021-06-28,Qinggengsanhua,14.714,31,0,8.0,6
2021-06-29,Qinggengsanhua,11.627,21,0,8.0,6
2021-06-30,Qinggengsanhua,10.613,19,0,8.0,6
2021-07-01,Qinggengsanhua,12.951,20,0,7.0,7
2021-07-02,Qinggengsanhua,6.016,9,0,7.0,7
2021-07-03,Qinggengsanhua,14.231,25,0,6.0,7
2021-07-04,Qinggengsanhua,14.784,30,0,6.0,7
2021-07-05,Qinggengsanhua,32.497,53,0,6.0,7
2021-07-06,Qinggengsanhua,13.744,25,0,6.0,7
2021-07-07,Qinggengsanhua,14.333,28,0,6.0,7
2021-07-08,Qinggengsanhua,33.398,44,0,6.0,7
2021-07-09,Qinggengsanhua,11.671,24,0,6.0,7
2021-07-10,Qinggengsanhua,21.477,34,0,7.0,7
2021-07-11,Qinggengsanhua,46.206,89,0,7.0,7
2021-07-12,Qinggengsanhua,1.491,3,0,7.0,7
2021-07-13,Qinggengsanhua,11.49,19,0,7.0,7
2021-07-14,Qinggengsanhua,31.839,53,0,7.0,7
2021-07-15,Qinggengsanhua,11.205,22,0,7.0,7
2021-07-16,Qinggengsanhua,14.572000000000001,28,0,7.0,7
2021-07-17,Qinggengsanhua,41.906,67,0,7.0,7
2021-07-18,Qinggengsanhua,27.637999999999998,46,0,7.0,7
2021-07-19,Qinggengsanhua,9.141,15,0,7.0,7
2021-07-20,Qinggengsanhua,8.295,11,0,7.0,7
2021-07-21,Qinggengsanhua,11.661999999999999,15,0,7.0,7
2021-07-22,Qinggengsanhua,7.632,11,0,8.0,7
2021-07-23,Qinggengsanhua,19.041,25,1,6.0,7
2021-07-24,Qinggengsanhua,20.861,31,1,6.0,7
2021-07-25,Qinggengsanhua,15.129,19,1,6.0,7
2021-07-26,Qinggengsanhua,14.168,25,1,6.0,7
2021-07-27,Qinggengsanhua,16.076,26,1,6.0,7
2021-07-28,Qinggengsanhua,15.817,23,0,8.0,7
2021-07-29,Qinggengsanhua,11.006,14,0,8.0,7
2021-07-30,Qinggengsanhua,11.76,19,0,8.0,7
2021-07-31,Qinggengsanhua,10.504,13,0,9.0,7
2021-08-03,Qinggengsanhua,0.301,1,0,9.0,8
2021-08-04,Qinggengsanhua,0.413,1,0,9.0,8
2021-08-05,Qinggengsanhua,4.61,8,0,9.0,8
