model_prepration/daily_sales.csv
Date,Item Name,Quantity Sold (kilo),Sales_count,Discount (Yes/No),Unit Selling Price (RMB/kg),monthOfyear
2021-08-06,Qinggengsanhua,2.221,3,0,9.0,8
2021-08-10,Qinggengsanhua,1.25,2,1,8.0,8
2021-08-12,Qinggengsanhua,9.858,14,0,10.0,8
2021-08-18,Qinggengsanhua,1.5670000000000002,3,1,8.0,8
2021-08-20,Qinggengsanhua,42.565,81,1,8.0,8
2021-08-21,Qinggengsanhua,28.566,50,1,8.0,8
2021-08-25,Qinggengsanhua,0.733,1,0,10.0,8
2021-08-26,Qinggengsanhua,0.663,1,0,10.0,8
2021-08-27,Qinggengsanhua,16.726,25,1,8.0,8
2021-08-28,Qinggengsanhua,19.348,35,1,8.0,8
2021-08-29,Qinggengsanhua,42.596,71,1,8.0,8
2021-08-30,Qinggengsanhua,40.697,72,1,8.0,8
2021-08-31,Qinggengsanhua,41.754,69,1,8.0,8
2021-09-05,Qinggengsanhua,0.763,2,0,10.0,9
2021-09-09,Qinggengsanhua,0.663,1,0,10.0,9
2021-09-11,Qinggengsanhua,0.723,1,0,10.0,9
2021-09-20,Qinggengsanhua,0.466,1,0,5.4,9
2021-09-28,Qinggengsanhua,0.682,1,0,4.0,9
2021-10-15,Qinggengsanhua,6.496,1,0,10.0,10
2021-11-05,Qinggengsanhua,0.702,2,0,10.0,11
2021-12-13,Qinggengsanhua,15.481,26,0,8.0,12
2021-12-23,Qinggengsanhua,0.705,1,0,6.0,12
2021-12-31,Qinggengsanhua,40.607,53,0,4.0,12
2022-01-09,Qinggengsanhua,0.53,1,0,4.0,1
2022-01-23,Qinggengsanhua,1.097,2,0,4.6,1
2022-01-30,Qinggengsanhua,4.058,7,0,4.6,1
2022-02-08,Qinggengsanhua,13.622,16,0,4.6,2
2020-07-01,Xixia Mushroom (1),7.693,40,1,16.0,7
2020-07-02,Xixia Mushroom (1),17.345,69,0,19.8,7
2020-07-03,Xixia Mushroom (1),15.29,69,0,19.8,7
2020-07-04,Xixia Mushroom (1),14.532,77,1,17.8,7
2020-07-05,Xixia Mushroom (1),18.406,83,0,19.8,7
2020-07-06,Xixia Mushroom (1),13.35,64,0,19.8,7
2020-07-07,Xixia Mushroom (1),14.533,77,0,19.8,7
2020-07-08,Xixia Mushroom (1),14.827,70,0,19.8,7
2020-07-09,Xixia Mushroom (1),10.544,51,0,19.8,7
2020-07-10,Xixia Mushroom (1),10.17,48,1,13.6,7
2020-07-11,Xixia Mushroom (1),19.213,81,1,15.3,7
2020-07-12,Xixia Mushroom (1),15.752,73,1,15.8,7
2020-07-13,Xixia Mushroom (1),13.317,57,1,16.8,7
2020-07-14,Xixia Mushroom (1),12.269,62,1,17.1,7
2020-07-15,Xixia Mushroom (1),7.755,40,1,17.6,7
2020-07-16,Xixia Mushroom (1),15.428,74,1,12.8,7
2020-07-17,Xixia Mushroom (1),15.599,74,1,4.8,7
2020-07-18,Xixia Mushroom (1),22.47,107,1,2.7,7
2020-07-19,Xixia Mushroom (1),33.406,166,1,8.7,7
2020-07-20,Xixia Mushroom (1),13.335,72,1,17.3,7
2020-07-21,Xixia Mushroom (1),11.977,63,1,17.9,7
2020-07-22,Xixia Mushroom (1),14.979,75,1,4.1,7
2020-07-23,Xixia Mushroom (1),10.538,50,1,17.0,7
2020-07-24,Xixia Mushroom (1),12.286,53,1,16.9,7
2020-07-25,Xixia Mushroom (1),19.229,88,1,14.1,7
2020-07-26,Xixia Mushroom (1),23.105999999999998,98,1,16.8,7
2020-07-27,Xixia Mushroom (1),15.158,75,1,5.0,7
2020-07-28,Xixia Mushroom (1),12.207,58,1,9.0,7
2020-07-29,Xixia Mushroom (1),14.093,68,1,16.9,7
2020-07-30,Xixia Mushroom (1),11.704,63,1,12.7,7
2020-07-31,Xixia Mushroom (1),10.265,49,0,19.8,7
2020-08-01,Xixia Mushroom (1),16.685,76,1,17.4,8
2020-08-02,Xixia Mushroom (1),10.957,54,0,19.8,8
2020-08-03,Xixia Mushroom (1),14.529,65,0,19.8,8
2020-08-04,Xixia Mushroom (1),12.721,54,0,19.8,8
2020-08-05,Xixia Mushroom (1),18.094,72,0,19.8,8
2020-08-06,Xixia Mushroom (1),13.599,61,0,19.8,8
2020-08-07,Xixia Mushroom (1),17.867,80,0,19.8,8
2020-08-08,Xixia Mushroom (1),15.141,71,0,18.0,8
2020-08-09,Xixia Mushroom (1),30.26,137,0,18.0,8
2020-08-10,Xixia Mushroom (1),11.581,50,0,19.8,8
2020-08-11,Xixia Mushroom (1),11.182,47,0,19.8,8
2020-08-12,Xixia Mushroom (1),10.717,52,0,19.8,8
2020-08-13,Xixia Mushroom (1),10.53,53,1,17.7,8
2020-08-14,Xixia Mushroom (1),10.48,55,0,19.8,8
2020-08-15,Xixia Mushroom (1),14.662,71,0,19.8,8
2020-08-16,Xixia Mushroom (1),16.105999999999998,77,0,19.8,8
2020-08-17,Xixia Mushroom (1),8.489,43,0,19.8,8
2020-08-18,Xixia Mushroom (1),10.522,50,0,19.8,8
2020-08-19,Xixia Mushroom (1),13.837,58,0,19.8,8
2020-08-20,Xixia Mushroom (1),13.159,57,0,19.8,8
2020-08-21,Xixia Mushroom (1),12.850999999999999,58,0,19.8,8
2020-08-22,Xixia Mushroom (1),11.61,54,0,19.8,8
2020-08-23,Xixia Mushroom (1),14.952,81,0,19.8,8
2020-08-24,Xixia Mushroom (1),9.491,44,0,19.8,8
2020-08-25,Xixia Mushroom (1),12.489,60,0,19.8,8
2020-08-26,Xixia Mushroom (1),12.263,60,0,23.8,8
2020-08-27,Xixia Mushroom (1),9.396,49,0,23.8,8
2020-08-28,Xixia Mushroom (1),11.118,60,0,23.8,8
2020-08-29,Xixia Mushroom (1),12.337,64,0,23.8,8
2020-08-30,Xixia Mushroom (1),13.612,69,0,21.8,8
2020-08-31,Xixia Mushroom (1),11.158,54,0,21.8,8
2020-09-01,Xixia Mushroom (1),9.87,47,0,21.8,9
2020-09-02,Xixia Mushroom (1),9.589,47,0,19.8,9
2020-09-03,Xixia Mushroom (1),9.921,47,0,19.8,9
2020-09-04,Xixia Mushroom (1),11.174,50,0,19.8,9
2020-09-05,Xixia Mushroom (1),14.957,76,0,19.8,9
2020-09-06,Xixia Mushroom (1),15.295,69,0,19.8,9
2020-09-07,Xixia Mushroom (1),8.362,46,0,19.8,9
2020-09-08,Xixia Mushroom (1),10.857,60,0,19.8,9
2020-09-09,Xixia Mushroom (1),9.715,45,0,19.8,9
2020-09-10,Xixia Mushroom (1),9.273,41,0,19.8,9
2020-09-11,Xixia Mushroom (1),11.877,60,0,19.8,9
2020-09-12,Xixia Mushroom (1),15.645,85,0,19.8,9
2020-09-13,Xixia Mushroom (1),25.428,129,0,19.8,9
2020-09-14,Xixia Mushroom (1),10.757,54,0,19.8,9
2020-09-15,Xixia Mushroom (1),11.045,56,0,19.8,9
2020-09-16,Xixia Mushroom (1),9.181,45,0,19.8,9
2020-09-17,Xixia Mushroom (1),6.109,35,0,19.8,9
2020-09-18,Xixia Mushroom (1),9.556000000000001,50,0,19.8,9
2020-09-19,Xixia Mushroom (1),11.004000000000001,45,1,14.0,9
2020-09-20,Xixia Mushroom (1),12.811,60,0,21.8,9
2020-09-21,Xixia Mushroom (1),9.967,53,0,21.8,9
2020-09-22,Xixia Mushroom (1),15.129,59,0,21.8,9
2020-09-23,Xixia Mushroom (1),7.7090000000000005,42,0,21.8,9
2020-09-24,Xixia Mushroom (1),13.37,61,0,21.8,9
2020-09-25,Xixia Mushroom (1),12.095,56,0,21.8,9
2020-09-26,Xixia Mushroom (1),17.196,74,0,21.8,9
2020-09-27,Xixia Mushroom (1),12.636,58,0,19.8,9
2020-09-28,Xixia Mushroom (1),11.822000000000001,54,0,19.8,9
2020-09-29,Xixia Mushroom (1),10.186,49,0,21.8,9
2020-09-30,Xixia Mushroom (1),35.064,121,0,21.8,9
2020-10-01,Xixia Mushroom (1),38.695,139,0,21.8,10
2020-10-02,Xixia Mushroom (1),16.372,69,0,21.8,10
2020-10-03,Xixia Mushroom (1),15.799,60,0,21.8,10
2020-10-04,Xixia Mushroom (1),9.716,37,0,21.8,10
2020-10-05,Xixia Mushroom (1),21.463,107,0,21.8,10
2020-10-06,Xixia Mushroom (1),17.258,82,0,21.8,10
2020-10-07,Xixia Mushroom (1),23.477,98,0,21.8,10
2020-10-08,Xixia Mushroom (1),14.098,58,0,19.8,10
2020-10-09,Xixia Mushroom (1),8.826,43,0,19.8,10
2020-10-10,Xixia Mushroom (1),21.722,87,0,19.8,10
2020-10-11,Xixia Mushroom (1),6.873,36,0,19.8,10
2020-10-12,Xixia Mushroom (1),7.061,33,0,19.8,10
2020-10-13,Xixia Mushroom (1),8.959,37,0,19.8,10
2020-10-14,Xixia Mushroom (1),13.565,53,0,19.8,10
2020-10-15,Xixia Mushroom (1),11.563,49,0,19.8,10
2020-10-16,Xixia Mushroom (1),19.951999999999998,82,0,17.6,10
2020-10-17,Xixia Mushroom (1),38.144,153,0,17.6,10
2020-10-18,Xixia Mushroom (1),45.805,168,0,17.6,10
2020-10-19,Xixia Mushroom (1),10.913,49,0,19.8,10
2020-10-20,Xixia Mushroom (1),9.234,40,0,19.8,10
2020-10-21,Xixia Mushroom (1),11.996,49,0,19.8,10
2020-10-22,Xixia Mushroom (1),34.885,125,0,16.0,10
2020-10-23,Xixia Mushroom (1),35.652,141,0,16.0,10
2020-10-24,Xixia Mushroom (1),21.246,93,0,18.0,10
2020-10-25,Xixia Mushroom (1),19.511,83,0,18.0,10
2020-10-26,Xixia Mushroom (1),12.406,53,0,18.0,10
2020-10-27,Xixia Mushroom (1),11.326,49,0,18.0,10
2020-10-28,Xixia Mushroom (1),13.792,48,0,18.0,10
2020-10-29,Xixia Mushroom (1),12.781,52,0,18.0,10
2020-10-30,Xixia Mushroom (1),17.127,78,0,18.0,10
2020-10-31,Xixia Mushroom (1),39.348,157,0,18.0,10
2020-11-01,Xixia Mushroom (1),36.332,129,0,18.0,11
2020-11-02,Xixia Mushroom (1),14.778,56,0,19.8,11
2020-11-03,Xixia Mushroom (1),11.695,49,0,19.8,11
2020-11-04,Xixia Mushroom (1),10.114,44,0,18.0,11
2020-11-05,Xixia Mushroom (1),13.285,58,0,18.0,11
2020-11-06,Xixia Mushroom (1),12.051,49,0,18.0,11
2020-11-07,Xixia Mushroom (1),38.902,131,0,18.0,11
2020-11-08,Xixia Mushroom (1),43.403,147,0,16.0,11
2020-11-09,Xixia Mushroom (1),11.328,50,0,16.0,11
2020-11-10,Xixia Mushroom (1),11.671,41,0,14.0,11
2020-11-11,Xixia Mushroom (1),6.531,29,0,14.0,11
2020-11-12,Xixia Mushroom (1),4.777,15,0,14.0,11
2020-11-13,Xixia Mushroom (1),9.366,31,0,14.0,11
2020-11-14,Xixia Mushroom (1),17.113,63,0,16.0,11
2020-11-15,Xixia Mushroom (1),5.1579999999999995,23,0,16.0,11
2020-11-16,Xixia Mushroom (1),3.932,18,0,16.0,11
2020-11-17,Xixia Mushroom (1),2.629,12,0,16.0,11
2020-11-18,Xixia Mushroom (1),5.526,26,0,16.0,11
2020-11-19,Xixia Mushroom (1),8.478,24,0,14.0,11
2020-11-20,Xixia Mushroom (1),2.6630000000000003,11,0,14.0,11
2020-11-21,Xixia Mushroom (1),11.103,42,0,14.0,11
2020-11-22,Xixia Mushroom (1),0.465,1,0,14.0,11
2020-11-23,Xixia Mushroom (1),5.7010000000000005,19,0,16.0,11
2020-11-24,Xixia Mushroom (1),6.729,24,0,16.0,11
2020-11-25,Xixia Mushroom (1),5.745,24,0,16.0,11
2020-11-26,Xixia Mushroom (1),6.023,22,0,16.0,11
2020-11-27,Xixia Mushroom (1),9.808,30,0,16.0,11
2020-11-28,Xixia Mushroom (1),8.758000000000001,31,0,16.0,11
2020-11-29,Xixia Mushroom (1),7.661,26,0,16.0,11
2020-11-30,Xixia Mushroom (1),4.843,20,0,16.0,11
2020-12-01,Xixia Mushroom (1),11.57,48,0,16.0,12
2020-12-02,Xixia Mushroom (1),30.014,95,0,16.0,12
2020-12-03,Xixia Mushroom (1),26.492,96,0,16.0,12
2020-12-04,Xixia Mushroom (1),22.294999999999998,84,0,16.0,12
2020-12-05,Xixia Mushroom (1),32.900999999999996,117,0,16.0,12
2020-12-06,Xixia Mushroom (1),44.006,134,0,16.0,12
2020-12-07,Xixia Mushroom (1),17.505,62,1,14.0,12
2020-12-08,Xixia Mushroom (1),20.565,79,0,16.0,12
2020-12-09,Xixia Mushroom (1),23.836,89,0,16.0,12
2020-12-10,Xixia Mushroom (1),22.108,86,0,16.0,12
2020-12-11,Xixia Mushroom (1),14.902,56,0,18.0,12
2020-12-12,Xixia Mushroom (1),35.096000000000004,124,0,18.0,12
2020-12-13,Xixia Mushroom (1),33.804,124,0,19.8,12
2020-12-14,Xixia Mushroom (1),19.4,75,0,19.8,12
2020-12-15,Xixia Mushroom (1),22.973,78,1,18.0,12
2020-12-16,Xixia Mushroom (1),15.921,67,0,19.8,12
2020-12-17,Xixia Mushroom (1),25.43,90,1,16.0,12
2020-12-18,Xixia Mushroom (1),26.287,103,0,16.0,12
2020-12-19,Xixia Mushroom (1),41.546,141,0,16.0,12
2020-12-20,Xixia Mushroom (1),36.251,136,0,16.0,12
2020-12-21,Xixia Mushroom (1),28.482,101,0,16.0,12
2020-12-22,Xixia Mushroom (1),18.589,75,0,16.0,12
2020-12-23,Xixia Mushroom (1),14.246,61,0,17.0,12
2020-12-24,Xixia Mushroom (1),14.253,61,0,17.0,12
2020-12-25,Xixia Mushroom (1),53.037,171,0,14.0,12
2020-12-26,Xixia Mushroom (1),32.399,121,0,14.0,12
2020-12-27,Xixia Mushroom (1),41.518,143,0,14.0,12
2020-12-28,Xixia Mushroom (1),17.289,70,0,18.0,12
2020-12-29,Xixia Mushroom (1),15.989,62,0,18.0,12
2020-12-30,Xixia Mushroom (1),14.453,60,0,18.0,12
2020-12-31,Xixia Mushroom (1),23.186,88,0,18.0,12
2021-01-01,Xixia Mushroom (1),30.684,125,0,18.0,1
2021-01-02,Xixia Mushroom (1),24.013,93,0,18.0,1
2021-01-03,Xixia Mushroom (1),24.028,99,0,18.0,1
2021-01-04,Xixia Mushroom (1),17.813,79,0,18.0,1
2021-01-05,Xixia Mushroom (1),21.113,96,0,16.0,1
2021-01-06,Xixia Mushroom (1),22.354,96,0,16.0,1
2021-01-07,Xixia Mushroom (1),31.837,107,0,16.0,1
2021-01-08,Xixia Mushroom (1),24.013,88,0,17.0,1
2021-01-09,Xixia Mushroom (1),33.55,123,0,17.0,1
2021-01-10,Xixia Mushroom (1),39.233,135,0,18.0,1
2021-01-11,Xixia Mushroom (1),20.015,73,0,18.0,1
2021-01-12,Xixia Mushroom (1),20.751,72,0,18.0,1
2021-01-13,Xixia Mushroom (1),23.714,90,0,14.0,1
2021-01-14,Xixia Mushroom (1),27.805,88,0,14.0,1
2021-01-15,Xixia Mushroom (1),32.044,107,0,14.0,1
2021-01-16,Xixia Mushroom (1),39.637,142,0,17.8,1
2021-01-17,Xixia Mushroom (1),28.837,117,0,18.0,1
2021-01-18,Xixia Mushroom (1),15.404,62,0,18.0,1
2021-01-19,Xixia Mushroom (1),11.349,56,0,18.0,1
2021-01-20,Xixia Mushroom (1),18.13,80,0,18.0,1
2021-01-21,Xixia Mushroom (1),9.834999999999999,42,0,18.0,1
2021-01-22,Xixia Mushroom (1),0.511,2,0,18.0,1
2021-01-24,Xixia Mushroom (1),4.067,18,0,18.0,1
2021-01-25,Xixia Mushroom (1),4.1370000000000005,14,0,18.0,1
2021-01-26,Xixia Mushroom (1),36.048,109,0,14.0,1
2021-01-27,Xixia Mushroom (1),35.615,114,0,14.0,1
2021-01-28,Xixia Mushroom (1),0.215,1,0,14.0,1
2021-02-02,Xixia Mushroom (1),0.05,1,0,18.0,2
2021-02-04,Xixia Mushroom (1),0.239,1,0,18.0,2
2021-02-05,Xixia Mushroom (1),0.345,2,0,18.0,2
2021-02-14,Xixia Mushroom (1),0.485,1,0,19.8,2
2021-02-18,Xixia Mushroom (1),25.094,83,0,18.0,2
2021-02-20,Xixia Mushroom (1),0.234,1,0,18.0,2
2021-02-27,Xixia Mushroom (1),3.98,17,0,16.0,2
2021-02-28,Xixia Mushroom (1),16.038,69,0,16.0,2
2021-03-01,Xixia Mushroom (1),17.563,67,0,16.0,3
2021-03-02,Xixia Mushroom (1),16.808,60,0,16.0,3
2021-03-03,Xixia Mushroom (1),10.535,44,0,16.0,3
2021-03-04,Xixia Mushroom (1),9.932,46,0,16.0,3
2021-03-05,Xixia Mushroom (1),16.959,69,0,16.0,3
2021-03-06,Xixia Mushroom (1),33.633,136,0,14.0,3
2021-03-07,Xixia Mushroom (1),24.545,103,0,14.0,3
2021-03-08,Xixia Mushroom (1),20.482,82,0,14.0,3
2021-03-09,Xixia Mushroom (1),17.194,64,0,14.0,3
2021-03-10,Xixia Mushroom (1),13.865,55,0,16.0,3
2021-03-11,Xixia Mushroom (1),0.332,1,0,16.0,3
2021-03-12,Xixia Mushroom (1),0.507,3,0,16.0,3
2021-03-13,Xixia Mushroom (1),18.924,79,0,16.0,3
2021-03-14,Xixia Mushroom (1),12.856,67,0,16.0,3
2021-03-15,Xixia Mushroom (1),5.546,22,0,16.0,3
2021-03-16,Xixia Mushroom (1),7.963,36,0,16.0,3
2021-03-17,Xixia Mushroom (1),11.204,41,0,16.0,3
2021-03-18,Xixia Mushroom (1),10.341,45,0,18.0,3
2021-03-19,Xixia Mushroom (1),20.484,87,0,18.0,3
2021-03-20,Xixia Mushroom (1),16.621,78,0,18.0,3
2021-03-21,Xixia Mushroom (1),14.685,61,0,18.0,3
2021-03-22,Xixia Mushroom (1),11.204,43,1,13.6,3
2021-03-23,Xixia Mushroom (1),10.554,42,0,18.0,3
2021-03-24,Xixia Mushroom (1),8.91,35,0,18.0,3
2021-03-25,Xixia Mushroom (1),9.370000000000001,40,0,18.0,3
2021-03-26,Xixia Mushroom (1),13.383,55,1,14.0,3
2021-03-27,Xixia Mushroom (1),15.061,70,1,14.0,3
2021-03-28,Xixia Mushroom (1),10.408,48,0,16.0,3
2021-03-29,Xixia Mushroom (1),10.886,47,0,16.0,3
2021-03-30,Xixia Mushroom (1),10.966,42,0,16.0,3
2021-03-31,Xixia Mushroom (1),9.11,44,0,16.0,3
2021-04-01,Xixia Mushroom (1),11.47,46,0,16.0,4
2021-04-02,Xixia Mushroom (1),16.922,65,0,16.0,4
2021-04-03,Xixia Mushroom (1),19.481,78,0,18.0,4
2021-04-04,Xixia Mushroom (1),14.863,64,0,18.0,4
2021-04-05,Xixia Mushroom (1),14.772,61,0,18.0,4
2021-04-06,Xixia Mushroom (1),4.222,19,0,18.0,4
2021-04-07,Xixia Mushroom (1),7.432,37,0,18.0,4
2021-04-08,Xixia Mushroom (1),8.431000000000001,36,0,18.0,4
2021-04-09,Xixia Mushroom (1),11.128,42,0,18.0,4
2021-04-10,Xixia Mushroom (1),17.048000000000002,73,0,18.0,4
2021-04-11,Xixia Mushroom (1),13.088000000000001,59,0,18.0,4
2021-04-12,Xixia Mushroom (1),4.951,25,0,18.0,4
2021-04-13,Xixia Mushroom (1),5.784,32,0,18.0,4
2021-04-14,Xixia Mushroom (1),6.654,31,0,18.0,4
2021-04-15,Xixia Mushroom (1),8.043,35,0,18.0,4
2021-04-16,Xixia Mushroom (1),8.185,38,1,16.0,4
2021-04-17,Xixia Mushroom (1),17.188,65,0,16.0,4
2021-04-18,Xixia Mushroom (1),11.905,62,0,16.0,4
2021-04-19,Xixia Mushroom (1),10.859,46,0,18.0,4
2021-04-20,Xixia Mushroom (1),10.962,50,0,16.0,4
2021-04-21,Xixia Mushroom (1),6.741,29,0,16.0,4
2021-04-22,Xixia Mushroom (1),5.295,26,0,16.0,4
2021-04-23,Xixia Mushroom (1),9.455,41,0,18.0,4
2021-04-24,Xixia Mushroom (1),18.148,69,0,18.0,4
2021-04-25,Xixia Mushroom (1),6.926,27,0,18.0,4
2021-04-26,Xixia Mushroom (1),6.525,28,0,18.0,4
2021-04-27,Xixia Mushroom (1),6.564,32,0,18.0,4
2021-04-28,Xixia Mushroom (1),8.253,34,0,18.0,4
2021-04-29,Xixia Mushroom (1),6.146,32,0,18.0,4
2021-04-30,Xixia Mushroom (1),7.355,27,0,18.0,4
2021-05-01,Xixia Mushroom (1),14.534,61,0,18.0,5
2021-05-02,Xixia Mushroom (1),13.765,54,0,18.0,5
2021-05-03,Xixia Mushroom (1),10.95,48,0,18.0,5
2021-05-04,Xixia Mushroom (1),10.866,44,0,18.0,5
2021-05-05,Xixia Mushroom (1),28.895,104,0,18.0,5
2021-05-06,Xixia Mushroom (1),9.94,46,0,18.0,5
2021-05-07,Xixia Mushroom (1),5.443,28,1,16.0,5
2021-05-08,Xixia Mushroom (1),8.228,39,0,16.0,5
2021-05-09,Xixia Mushroom (1),11.757,54,0,18.0,5
2021-05-10,Xixia Mushroom (1),8.621,40,0,18.0,5
2021-05-11,Xixia Mushroom (1),5.439,30,0,18.0,5
2021-05-12,Xixia Mushroom (1),5.741,30,0,18.0,5
2021-05-13,Xixia Mushroom (1),10.01,43,0,18.0,5
2021-05-14,Xixia Mushroom (1),7.37,40,0,18.0,5
2021-05-15,Xixia Mushroom (1),13.864,66,0,18.0,5
2021-05-16,Xixia Mushroom (1),12.649,62,0,18.0,5
2021-05-17,Xixia Mushroom (1),6.022,33,0,18.0,5
2021-05-18,Xixia Mushroom (1),7.475,36,0,18.0,5
2021-05-19,Xixia Mushroom (1),7.394,36,0,18.0,5
2021-05-20,Xixia Mushroom (1),7.64,41,0,18.0,5
2021-05-21,Xixia Mushroom (1),13.343,60,0,18.0,5
2021-05-22,Xixia Mushroom (1),12.468,56,0,18.0,5
2021-05-23,Xixia Mushroom (1),12.906,59,0,18.0,5
2021-05-24,Xixia Mushroom (1),8.031,41,0,18.0,5
2021-05-25,Xixia Mushroom (1),7.118,37,0,18.0,5
2021-05-26,Xixia Mushroom (1),2.911,15,0,18.0,5
2021-05-28,Xixia Mushroom (1),4.569,26,0,18.0,5
2021-05-29,Xixia Mushroom (1),3.804,19,0,18.0,5
2021-05-30,Xixia Mushroom (1),11.177,52,0,18.0,5
2021-05-31,Xixia Mushroom (1),9.546,42,0,18.0,5
2021-06-01,Xixia Mushroom (1),9.285,39,0,18.0,6
2021-06-02,Xixia Mushroom (1),10.655,46,0,18.0,6
2021-06-03,Xixia Mushroom (1),9.961,43,0,18.0,6
2021-06-04,Xixia Mushroom (1),14.239,21,0,18.0,6
2021-06-05,Xixia Mushroom (1),0.351,2,0,18.0,6
2021-06-06,Xixia Mushroom (1),1.558,9,0,18.0,6
2021-06-07,Xixia Mushroom (1),7.639,41,0,18.0,6
2021-06-08,Xixia Mushroom (1),8.731,43,0,18.0,6
2021-06-09,Xixia Mushroom (1),9.301,39,0,18.0,6
2021-06-10,Xixia Mushroom (1),6.1049999999999995,35,0,18.0,6
2021-06-11,Xixia Mushroom (1),10.376,54,0,16.0,6
2021-06-12,Xixia Mushroom (1),32.429,125,0,16.0,6
2021-06-13,Xixia Mushroom (1),46.743,162,1,13.3,6
2021-06-14,Xixia Mushroom (1),28.331,113,0,16.0,6
2021-06-15,Xixia Mushroom (1),7.9590000000000005,40,0,16.0,6
2021-06-16,Xixia Mushroom (1),6.748,32,0,18.0,6
2021-06-17,Xixia Mushroom (1),9.607,44,0,18.0,6
2021-06-18,Xixia Mushroom (1),9.642,43,0,18.0,6
2021-06-19,Xixia Mushroom (1),7.961,34,0,18.0,6
2021-06-20,Xixia Mushroom (1),12.599,59,0,18.0,6
2021-06-21,Xixia Mushroom (1),9.138,41,0,18.0,6
2021-06-22,Xixia Mushroom (1),6.46,35,0,18.0,6
2021-06-23,Xixia Mushroom (1),10.219,45,0,18.0,6
2021-06-24,Xixia Mushroom (1),6.479,36,0,18.0,6
2021-06-25,Xixia Mushroom (1),9.943,44,0,18.0,6
