model_prepration/daily_sales.csv
Date,Item Name,Quantity Sold (kilo),Sales_count,Discount (Yes/No),Unit Selling Price (RMB/kg),monthOfyear
2021-06-26,Xixia Mushroom (1),15.975,70,0,16.0,6
2021-06-27,Xixia Mushroom (1),22.564,103,0,16.0,6
2021-06-28,Xixia Mushroom (1),9.801,48,0,16.0,6
2021-06-29,Xixia Mushroom (1),6.717,35,0,16.0,6
2021-06-30,Xixia Mushroom (1),10.309,43,0,16.0,6
2021-07-01,Xixia Mushroom (1),8.782,38,0,18.0,7
2021-07-02,Xixia Mushroom (1),8.161999999999999,34,0,18.0,7
2021-07-03,Xixia Mushroom (1),25.644,113,0,18.0,7
2021-07-04,Xixia Mushroom (1),13.892,58,0,18.0,7
2021-07-05,Xixia Mushroom (1),10.983,52,0,18.0,7
2021-07-06,Xixia Mushroom (1),11.983,52,0,19.8,7
2021-07-07,Xixia Mushroom (1),7.079,42,0,18.0,7
2021-07-08,Xixia Mushroom (1),5.093,27,0,18.0,7
2021-07-09,Xixia Mushroom (1),5.693,30,0,19.8,7
2021-07-10,Xixia Mushroom (1),7.841,43,0,19.8,7
2021-07-11,Xixia Mushroom (1),5.948,30,0,19.8,7
2021-07-14,Xixia Mushroom (1),6.773,36,0,19.8,7
2021-07-15,Xixia Mushroom (1),7.045,27,0,19.8,7
2021-07-16,Xixia Mushroom (1),7.6160000000000005,33,0,19.8,7
2021-07-17,Xixia Mushroom (1),12.101,59,0,19.8,7
2021-07-18,Xixia Mushroom (1),11.532,42,0,19.8,7
2021-07-19,Xixia Mushroom (1),10.549,42,0,19.8,7
2021-07-20,Xixia Mushroom (1),8.112,38,0,19.8,7
2021-07-21,Xixia Mushroom (1),9.38,44,0,19.8,7
2021-07-22,Xixia Mushroom (1),7.069,34,0,19.8,7
2021-07-23,Xixia Mushroom (1),8.748,40,0,19.8,7
2021-07-24,Xixia Mushroom (1),8.561,40,0,21.8,7
2021-07-25,Xixia Mushroom (1),14.635,64,0,21.6,7
2021-07-26,Xixia Mushroom (1),10.652,53,0,21.6,7
2021-07-27,Xixia Mushroom (1),8.817,45,0,23.6,7
2021-07-28,Xixia Mushroom (1),8.15,40,0,23.6,7
2021-07-29,Xixia Mushroom (1),6.5,34,0,23.6,7
2021-07-30,Xixia Mushroom (1),8.534,45,0,25.8,7
2021-07-31,Xixia Mushroom (1),6.704,36,1,23.7,7
2021-08-01,Xixia Mushroom (1),10.571,54,0,25.8,8
2021-08-02,Xixia Mushroom (1),11.32,60,0,25.8,8
2021-08-03,Xixia Mushroom (1),15.325,67,0,25.8,8
2021-08-04,Xixia Mushroom (1),12.724,62,0,25.8,8
2021-08-05,Xixia Mushroom (1),11.931000000000001,59,0,25.8,8
2021-08-06,Xixia Mushroom (1),12.529,57,0,25.8,8
2021-08-07,Xixia Mushroom (1),12.463,60,1,23.6,8
2021-08-08,Xixia Mushroom (1),12.668,63,1,23.6,8
2021-08-09,Xixia Mushroom (1),12.084,64,1,23.6,8
2021-08-10,Xixia Mushroom (1),10.799,47,1,23.6,8
2021-08-11,Xixia Mushroom (1),10.765,46,1,23.6,8
2021-08-12,Xixia Mushroom (1),14.868,62,1,23.6,8
2021-08-13,Xixia Mushroom (1),10.073,49,1,23.6,8
2021-08-14,Xixia Mushroom (1),29.351,115,1,23.6,8
2021-08-15,Xixia Mushroom (1),11.291,50,1,23.6,8
2021-08-16,Xixia Mushroom (1),9.039,40,1,23.6,8
2021-08-17,Xixia Mushroom (1),12.463,59,1,23.6,8
2021-08-18,Xixia Mushroom (1),10.957,54,1,23.6,8
2021-08-19,Xixia Mushroom (1),8.826,39,1,23.6,8
2021-08-20,Xixia Mushroom (1),11.326,45,1,23.6,8
2021-08-21,Xixia Mushroom (1),34.37,140,1,23.6,8
2021-08-22,Xixia Mushroom (1),30.446,133,1,23.6,8
2021-08-23,Xixia Mushroom (1),9.215,43,1,23.6,8
2021-08-24,Xixia Mushroom (1),9.232,48,1,23.6,8
2021-08-25,Xixia Mushroom (1),7.959,39,1,23.6,8
2021-08-26,Xixia Mushroom (1),11.372,58,1,23.5,8
2021-08-27,Xixia Mushroom (1),11.186,52,1,21.5,8
2021-08-28,Xixia Mushroom (1),12.308,62,1,21.6,8
2021-08-29,Xixia Mushroom (1),14.71,65,1,21.5,8
2021-08-30,Xixia Mushroom (1),8.817,42,1,21.6,8
2021-08-31,Xixia Mushroom (1),6.936,38,1,21.6,8
2021-09-01,Xixia Mushroom (1),7.875,34,1,21.6,9
2021-09-02,Xixia Mushroom (1),8.285,40,1,21.6,9
2021-09-03,Xixia Mushroom (1),8.683,45,1,21.6,9
2021-09-04,Xixia Mushroom (1),21.935,99,1,21.6,9
2021-09-05,Xixia Mushroom (1),25.725,118,1,21.6,9
2021-09-06,Xixia Mushroom (1),6.056,34,1,21.6,9
2021-09-07,Xixia Mushroom (1),8.383000000000001,43,1,21.5,9
2021-09-08,Xixia Mushroom (1),5.512,28,1,21.6,9
2021-09-09,Xixia Mushroom (1),7.022,39,1,21.5,9
2021-09-10,Xixia Mushroom (1),8.632,43,1,21.6,9
2021-09-11,Xixia Mushroom (1),11.874,59,1,21.6,9
2021-09-12,Xixia Mushroom (1),11.223,55,1,21.5,9
2021-09-13,Xixia Mushroom (1),10.33,46,1,21.5,9
2021-09-14,Xixia Mushroom (1),10.097,43,1,21.6,9
2021-09-15,Xixia Mushroom (1),9.215,39,1,21.6,9
2021-09-16,Xixia Mushroom (1),6.583,31,0,23.6,9
2021-09-17,Xixia Mushroom (1),7.663,38,0,19.8,9
2021-09-18,Xixia Mushroom (1),8.73,40,0,19.8,9
2021-09-19,Xixia Mushroom (1),42.126,174,0,19.8,9
2021-09-20,Xixia Mushroom (1),37.871,149,0,19.8,9
2021-09-21,Xixia Mushroom (1),31.212,108,0,19.8,9
2021-09-22,Xixia Mushroom (1),6.523,34,0,19.8,9
2021-09-23,Xixia Mushroom (1),8.651,44,0,19.8,9
2021-09-24,Xixia Mushroom (1),7.693,36,0,21.6,9
2021-09-25,Xixia Mushroom (1),7.553,39,0,21.6,9
2021-09-26,Xixia Mushroom (1),9.212,45,1,19.8,9
2021-09-27,Xixia Mushroom (1),5.762,32,1,19.8,9
2021-09-28,Xixia Mushroom (1),6.671,37,1,19.7,9
2021-09-29,Xixia Mushroom (1),8.119,36,1,19.8,9
2021-09-30,Xixia Mushroom (1),9.234,40,1,19.8,9
2021-10-01,Xixia Mushroom (1),32.638,130,1,19.8,10
2021-10-02,Xixia Mushroom (1),21.088,84,1,19.8,10
2021-10-03,Xixia Mushroom (1),18.27,72,1,19.8,10
2021-10-04,Xixia Mushroom (1),16.497,76,1,19.8,10
2021-10-05,Xixia Mushroom (1),9.009,49,1,19.8,10
2021-10-06,Xixia Mushroom (1),30.381,135,0,17.6,10
2021-10-07,Xixia Mushroom (1),22.794,98,0,17.6,10
2021-10-08,Xixia Mushroom (1),25.062,120,0,17.6,10
2021-10-09,Xixia Mushroom (1),12.34,64,0,19.8,10
2021-10-10,Xixia Mushroom (1),25.621,134,0,19.8,10
2021-10-11,Xixia Mushroom (1),3.96,18,0,21.6,10
2021-10-12,Xixia Mushroom (1),10.428,46,0,19.8,10
2021-10-13,Xixia Mushroom (1),14.51,59,0,19.8,10
2021-10-14,Xixia Mushroom (1),13.438,64,0,19.8,10
2021-10-15,Xixia Mushroom (1),41.89,97,0,19.8,10
2021-10-16,Xixia Mushroom (1),22.514,98,0,21.6,10
2021-10-17,Xixia Mushroom (1),33.816,130,1,19.8,10
2021-10-18,Xixia Mushroom (1),10.066,46,1,19.8,10
2021-10-19,Xixia Mushroom (1),12.2,55,1,19.8,10
2021-10-20,Xixia Mushroom (1),12.794,61,1,19.8,10
2021-10-21,Xixia Mushroom (1),8.753,35,1,19.8,10
2021-10-22,Xixia Mushroom (1),12.039,54,1,19.8,10
2021-10-23,Xixia Mushroom (1),30.828,122,0,16.0,10
2021-10-24,Xixia Mushroom (1),19.632,80,0,16.0,10
2021-10-25,Xixia Mushroom (1),16.731,68,0,16.0,10
2021-10-26,Xixia Mushroom (1),18.637,84,0,16.0,10
2021-10-27,Xixia Mushroom (1),15.369,70,0,16.0,10
2021-10-28,Xixia Mushroom (1),16.659,72,0,16.0,10
2021-10-29,Xixia Mushroom (1),21.926,89,0,14.0,10
2021-10-30,Xixia Mushroom (1),36.731,125,0,14.0,10
2021-10-31,Xixia Mushroom (1),33.72,133,0,14.0,10
2021-11-01,Xixia Mushroom (1),19.358,64,0,14.0,11
2021-11-02,Xixia Mushroom (1),18.811,71,0,14.0,11
2021-11-03,Xixia Mushroom (1),40.332,120,0,12.0,11
2021-11-04,Xixia Mushroom (1),48.9,145,0,12.0,11
2021-11-05,Xixia Mushroom (1),65.608,201,0,12.0,11
2021-11-06,Xixia Mushroom (1),75.892,247,0,14.0,11
2021-11-07,Xixia Mushroom (1),79.166,260,0,14.0,11
2021-11-08,Xixia Mushroom (1),33.032,115,0,14.0,11
2021-11-09,Xixia Mushroom (1),33.49,108,0,14.0,11
2021-11-10,Xixia Mushroom (1),24.62,86,0,14.0,11
2021-11-11,Xixia Mushroom (1),20.628,71,0,16.0,11
2021-11-12,Xixia Mushroom (1),26.802,100,0,16.0,11
2021-11-13,Xixia Mushroom (1),27.797,105,0,16.0,11
2021-11-14,Xixia Mushroom (1),40.69,131,0,16.0,11
2021-11-15,Xixia Mushroom (1),15.938,68,1,14.0,11
2021-11-16,Xixia Mushroom (1),16.834,73,1,14.0,11
2021-11-17,Xixia Mushroom (1),17.773,62,1,14.0,11
2021-11-18,Xixia Mushroom (1),15.923,57,1,14.0,11
2021-11-19,Xixia Mushroom (1),17.318,60,1,13.9,11
2021-11-20,Xixia Mushroom (1),26.926,113,1,14.0,11
2021-11-21,Xixia Mushroom (1),28.431,110,0,16.0,11
2021-11-22,Xixia Mushroom (1),13.087,50,0,16.0,11
2021-11-23,Xixia Mushroom (1),8.705,36,0,16.0,11
2021-11-24,Xixia Mushroom (1),3.259,13,0,16.0,11
2021-11-25,Xixia Mushroom (1),1.266,4,0,16.0,11
2021-11-26,Xixia Mushroom (1),0.313,1,1,14.0,11
2021-11-27,Xixia Mushroom (1),0.533,2,0,16.0,11
2021-11-28,Xixia Mushroom (1),17.957,63,1,14.0,11
2021-12-01,Xixia Mushroom (1),0.201,1,0,16.0,12
2021-12-02,Xixia Mushroom (1),0.05,1,0,16.0,12
2021-12-03,Xixia Mushroom (1),30.682,103,0,12.0,12
2021-12-04,Xixia Mushroom (1),43.53,153,1,12.0,12
2021-12-05,Xixia Mushroom (1),43.026,133,0,12.0,12
2021-12-06,Xixia Mushroom (1),12.276,47,0,14.0,12
2021-12-07,Xixia Mushroom (1),16.664,66,0,14.0,12
2021-12-08,Xixia Mushroom (1),17.61,57,0,12.0,12
2021-12-09,Xixia Mushroom (1),21.969,73,0,12.0,12
2021-12-10,Xixia Mushroom (1),21.895,73,0,14.0,12
2021-12-11,Xixia Mushroom (1),50.839,160,0,12.0,12
2021-12-12,Xixia Mushroom (1),36.637,116,0,14.0,12
2021-12-13,Xixia Mushroom (1),12.819,43,0,14.0,12
2021-12-14,Xixia Mushroom (1),16.517,54,0,14.0,12
2021-12-15,Xixia Mushroom (1),25.318,87,0,12.0,12
2021-12-16,Xixia Mushroom (1),29.296,92,0,12.0,12
2021-12-17,Xixia Mushroom (1),28.974,91,0,12.0,12
2021-12-18,Xixia Mushroom (1),46.493,145,0,12.0,12
2021-12-19,Xixia Mushroom (1),27.857,108,0,12.0,12
2021-12-20,Xixia Mushroom (1),17.473,70,0,14.0,12
2021-12-21,Xixia Mushroom (1),31.545,98,0,12.0,12
2021-12-22,Xixia Mushroom (1),20.365000000000002,72,0,12.0,12
2021-12-23,Xixia Mushroom (1),30.325,92,0,12.0,12
2021-12-24,Xixia Mushroom (1),34.617,107,0,12.0,12
2021-12-25,Xixia Mushroom (1),63.826,198,1,12.0,12
2021-12-26,Xixia Mushroom (1),46.711,149,0,14.0,12
2021-12-27,Xixia Mushroom (1),5.859,22,0,14.0,12
2021-12-29,Xixia Mushroom (1),0.236,1,0,14.0,12
2021-12-31,Xixia Mushroom (1),33.937,109,0,14.0,12
2022-01-01,Xixia Mushroom (1),37.056,128,0,14.0,1
2022-01-02,Xixia Mushroom (1),0.115,1,0,14.0,1
2022-01-03,Xixia Mushroom (1),21.125,81,0,14.0,1
2022-01-04,Xixia Mushroom (1),25.897,92,0,14.0,1
2022-01-05,Xixia Mushroom (1),15.802,60,0,13.0,1
2022-01-06,Xixia Mushroom (1),16.215,61,0,14.0,1
2022-01-07,Xixia Mushroom (1),45.684,139,0,12.0,1
2022-01-08,Xixia Mushroom (1),53.23,174,0,12.0,1
2022-01-09,Xixia Mushroom (1),48.208,149,0,12.0,1
2022-01-10,Xixia Mushroom (1),26.011,89,0,12.0,1
2022-01-11,Xixia Mushroom (1),9.934,40,0,14.0,1
2022-01-12,Xixia Mushroom (1),11.993,49,0,14.0,1
2022-01-13,Xixia Mushroom (1),11.366999999999999,46,0,14.0,1
2022-01-14,Xixia Mushroom (1),14.064,52,0,14.0,1
2022-01-15,Xixia Mushroom (1),6.928,30,0,14.0,1
2022-01-16,Xixia Mushroom (1),10.036,38,0,14.0,1
2022-01-18,Xixia Mushroom (1),13.594,54,0,16.0,1
2022-01-19,Xixia Mushroom (1),19.014,68,0,16.0,1
2022-01-20,Xixia Mushroom (1),21.443,77,0,16.0,1
2022-01-21,Xixia Mushroom (1),18.742,64,0,16.0,1
2022-01-22,Xixia Mushroom (1),22.249,86,0,18.0,1
2022-01-23,Xixia Mushroom (1),29.311,101,0,18.0,1
2022-01-24,Xixia Mushroom (1),33.837,118,0,18.0,1
2022-01-25,Xixia Mushroom (1),35.911,117,0,18.0,1
2022-01-26,Xixia Mushroom (1),29.326,81,0,18.0,1
2022-01-27,Xixia Mushroom (1),17.944,58,0,19.8,1
2022-01-28,Xixia Mushroom (1),41.917,93,0,19.8,1
2022-01-29,Xixia Mushroom (1),47.05,135,0,19.8,1
2022-01-30,Xixia Mushroom (1),66.092,202,0,21.6,1
2022-02-01,Xixia Mushroom (1),9.054,35,0,21.6,2
2022-02-02,Xixia Mushroom (1),14.549,55,1,17.6,2
2022-02-03,Xixia Mushroom (1),20.149,73,0,17.6,2
2022-02-04,Xixia Mushroom (1),14.566,58,0,19.8,2
2022-02-05,Xixia Mushroom (1),13.158,49,0,19.8,2
2022-02-06,Xixia Mushroom (1),15.038,54,0,19.8,2
2022-02-07,Xixia Mushroom (1),9.407,45,0,19.8,2
2022-02-08,Xixia Mushroom (1),5.78,28,0,19.8,2
2022-02-09,Xixia Mushroom (1),5.514,29,0,19.8,2
2022-02-10,Xixia Mushroom (1),6.478,33,0,18.0,2
2022-02-11,Xixia Mushroom (1),7.35,33,0,18.0,2
2022-02-12,Xixia Mushroom (1),6.628,37,0,18.0,2
2022-02-13,Xixia Mushroom (1),7.0280000000000005,32,0,18.0,2
2022-02-14,Xixia Mushroom (1),9.618,48,0,18.0,2
2020-07-08,Net Lotus Root (1),8.239,17,0,16.0,7
2020-07-10,Net Lotus Root (1),6.45,17,1,15.1,7
2020-07-11,Net Lotus Root (1),7.464,18,1,14.4,7
2020-07-12,Net Lotus Root (1),9.317,22,1,14.0,7
2020-07-13,Net Lotus Root (1),8.507,21,1,13.6,7
2020-07-14,Net Lotus Root (1),7.684,18,1,14.9,7
2020-07-15,Net Lotus Root (1),8.422,17,1,13.1,7
2020-07-16,Net Lotus Root (1),8.467,20,1,14.6,7
2020-07-17,Net Lotus Root (1),7.809,20,0,16.0,7
2020-07-18,Net Lotus Root (1),8.575,18,1,14.0,7
2020-07-19,Net Lotus Root (1),8.667,18,1,13.7,7
2020-07-20,Net Lotus Root (1),7.122,15,1,3.5,7
2020-07-21,Net Lotus Root (1),7.829000000000001,17,1,14.0,7
2020-07-22,Net Lotus Root (1),7.195,20,1,14.4,7
2020-07-23,Net Lotus Root (1),8.103,18,1,14.9,7
2020-07-24,Net Lotus Root (1),8.286,19,1,14.5,7
2020-07-25,Net Lotus Root (1),8.529,18,1,6.0,7
2020-07-26,Net Lotus Root (1),7.672,17,1,14.1,7
2020-07-27,Net Lotus Root (1),13.548,25,1,10.3,7
2020-07-28,Net Lotus Root (1),11.93,28,1,10.4,7
2020-07-29,Net Lotus Root (1),16.53,29,1,11.4,7
2020-07-30,Net Lotus Root (1),10.008000000000001,24,1,10.5,7
2020-07-31,Net Lotus Root (1),17.846,32,0,11.0,7
2020-08-01,Net Lotus Root (1),19.736,39,1,9.7,8
2020-08-02,Net Lotus Root (1),54.01,98,1,9.0,8
2020-08-03,Net Lotus Root (1),12.736,30,0,11.0,8
2020-08-04,Net Lotus Root (1),23.401,40,0,11.0,8
2020-08-05,Net Lotus Root (1),18.915,29,0,11.0,8
2020-08-06,Net Lotus Root (1),18.206,32,0,11.0,8
2020-08-07,Net Lotus Root (1),21.13,33,0,11.0,8
2020-08-08,Net Lotus Root (1),22.267,37,0,11.0,8
2020-08-09,Net Lotus Root (1),22.408,41,0,10.0,8
2020-08-10,Net Lotus Root (1),23.61,43,0,10.0,8
2020-08-11,Net Lotus Root (1),16.016,32,0,10.0,8
2020-08-12,Net Lotus Root (1),22.016,40,0,10.0,8
2020-08-13,Net Lotus Root (1),16.416,34,0,10.0,8
2020-08-14,Net Lotus Root (1),20.886,40,0,10.0,8
2020-08-15,Net Lotus Root (1),22.39,35,0,8.8,8
2020-08-16,Net Lotus Root (1),22.007,44,0,8.8,8
2020-08-17,Net Lotus Root (1),13.327,23,0,8.8,8
2020-08-18,Net Lotus Root (1),20.255,33,0,8.8,8
2020-08-19,Net Lotus Root (1),15.9,29,0,8.8,8
2020-08-20,Net Lotus Root (1),20.891000000000002,40,0,8.8,8
2020-08-21,Net Lotus Root (1),22.791,43,0,8.8,8
2020-08-22,Net Lotus Root (1),21.992,41,0,8.8,8
2020-08-23,Net Lotus Root (1),25.755,40,0,8.8,8
2020-08-24,Net Lotus Root (1),18.214,29,0,8.8,8
2020-08-25,Net Lotus Root (1),16.698,31,0,8.8,8
2020-08-26,Net Lotus Root (1),16.631,31,0,8.8,8
2020-08-27,Net Lotus Root (1),14.24,27,0,10.0,8
2020-08-28,Net Lotus Root (1),14.733,28,0,10.0,8
2020-08-29,Net Lotus Root (1),65.118,108,0,8.0,8
2020-08-30,Net Lotus Root (1),26.934,50,0,8.0,8
2020-08-31,Net Lotus Root (1),50.933,81,0,8.0,8
2020-09-01,Net Lotus Root (1),45.554,69,0,8.0,9
2020-09-02,Net Lotus Root (1),16.304,28,0,8.0,9
2020-09-03,Net Lotus Root (1),14.702,25,0,8.0,9
2020-09-04,Net Lotus Root (1),13.171,24,0,8.0,9
2020-09-05,Net Lotus Root (1),40.809,73,0,7.6,9
2020-09-06,Net Lotus Root (1),46.129,78,1,7.0,9
2020-09-07,Net Lotus Root (1),37.507,59,1,5.6,9
2020-09-08,Net Lotus Root (1),19.127,38,0,8.0,9
2020-09-09,Net Lotus Root (1),11.303,20,0,8.0,9
2020-09-10,Net Lotus Root (1),13.712,25,0,8.0,9
2020-09-11,Net Lotus Root (1),12.72,23,0,8.0,9
2020-09-12,Net Lotus Root (1),16.957,29,0,8.0,9
2020-09-13,Net Lotus Root (1),16.165,30,0,8.0,9
2020-09-14,Net Lotus Root (1),16.217,22,0,8.0,9
2020-09-15,Net Lotus Root (1),14.348,28,0,8.0,9
2020-09-16,Net Lotus Root (1),17.316,31,1,6.0,9
2020-09-17,Net Lotus Root (1),17.437,31,0,7.0,9
2020-09-18,Net Lotus Root (1),10.129999999999999,20,0,7.0,9
2020-09-19,Net Lotus Root (1),38.336,63,0,8.0,9
2020-09-20,Net Lotus Root (1),38.35,60,0,8.0,9
2020-09-21,Net Lotus Root (1),16.289,34,0,8.0,9
2020-09-22,Net Lotus Root (1),36.441,61,0,8.0,9
2020-09-23,Net Lotus Root (1),17.283,30,0,8.0,9
2020-09-24,Net Lotus Root (1),51.106,92,1,6.0,9
2020-09-25,Net Lotus Root (1),20.343,35,0,8.0,9
2020-09-26,Net Lotus Root (1),62.839,105,0,8.0,9
2020-09-27,Net Lotus Root (1),27.116,45,0,8.0,9
2020-09-28,Net Lotus Root (1),10.966,21,0,8.0,9
2020-09-29,Net Lotus Root (1),23.334,33,0,8.0,9
2020-09-30,Net Lotus Root (1),35.629,49,0,8.0,9
2020-10-01,Net Lotus Root (1),53.561,81,0,8.0,10
2020-10-02,Net Lotus Root (1),18.384999999999998,28,0,8.0,10
2020-10-03,Net Lotus Root (1),17.645,24,0,8.0,10
2020-10-04,Net Lotus Root (1),18.41,26,0,8.0,10
2020-10-05,Net Lotus Root (1),76.672,107,0,8.0,10
2020-10-06,Net Lotus Root (1),25.241,39,0,8.0,10
2020-10-07,Net Lotus Root (1),52.156,83,1,6.0,10
2020-10-08,Net Lotus Root (1),30.566,49,0,8.0,10
2020-10-09,Net Lotus Root (1),50.825,75,1,5.0,10
2020-10-10,Net Lotus Root (1),21.803,36,0,8.0,10
2020-10-11,Net Lotus Root (1),56.572,93,0,8.0,10
2020-10-12,Net Lotus Root (1),36.496,55,1,6.0,10
2020-10-13,Net Lotus Root (1),49.701,85,1,6.0,10
2020-10-14,Net Lotus Root (1),46.207,65,0,8.0,10
2020-10-15,Net Lotus Root (1),42.162,65,1,6.0,10
2020-10-16,Net Lotus Root (1),58.973,81,1,6.0,10
2020-10-17,Net Lotus Root (1),87.12,134,1,6.0,10
2020-10-18,Net Lotus Root (1),79.338,122,1,6.0,10
2020-10-19,Net Lotus Root (1),40.6,62,1,6.0,10
2020-10-20,Net Lotus Root (1),49.434,75,1,6.0,10
2020-10-21,Net Lotus Root (1),21.201,30,1,6.0,10
2020-10-22,Net Lotus Root (1),35.917,54,1,6.0,10
2020-10-23,Net Lotus Root (1),30.567,42,1,6.0,10
2020-10-24,Net Lotus Root (1),67.932,98,1,6.0,10
2020-10-25,Net Lotus Root (1),71.16,108,1,6.0,10
2020-10-26,Net Lotus Root (1),20.666,33,0,8.0,10
2020-10-27,Net Lotus Root (1),21.273,34,1,6.0,10
2020-10-28,Net Lotus Root (1),32.418,53,1,6.0,10
2020-10-29,Net Lotus Root (1),15.828,25,0,8.0,10
2020-10-30,Net Lotus Root (1),18.769000000000002,34,1,6.0,10
2020-10-31,Net Lotus Root (1),79.265,111,1,6.0,10
2020-11-01,Net Lotus Root (1),71.332,105,1,6.0,11
2020-11-02,Net Lotus Root (1),15.053,25,0,8.0,11
2020-11-03,Net Lotus Root (1),15.727,29,1,6.0,11
2020-11-04,Net Lotus Root (1),18.183,32,0,8.0,11
2020-11-05,Net Lotus Root (1),8.347,14,0,8.0,11
2020-11-06,Net Lotus Root (1),13.443,26,1,6.0,11
2020-11-07,Net Lotus Root (1),71.413,98,1,6.0,11
2020-11-08,Net Lotus Root (1),58.207,90,1,6.0,11
2020-11-09,Net Lotus Root (1),14.579,22,1,6.0,11
2020-11-10,Net Lotus Root (1),12.103,20,1,6.0,11
2020-11-11,Net Lotus Root (1),14.727,25,1,6.0,11
2020-11-12,Net Lotus Root (1),13.497,20,1,6.0,11
2020-11-13,Net Lotus Root (1),13.053,24,1,6.0,11
2020-11-14,Net Lotus Root (1),58.127,90,1,6.0,11
2020-11-15,Net Lotus Root (1),45.353,64,1,6.0,11
2020-11-16,Net Lotus Root (1),14.450000000000001,23,1,6.0,11
2020-11-17,Net Lotus Root (1),24.762,40,1,6.0,11
2020-11-18,Net Lotus Root (1),19.171,36,1,6.0,11
2020-11-19,Net Lotus Root (1),16.766,31,1,6.0,11
2020-11-20,Net Lotus Root (1),20.751,38,1,6.0,11
2020-11-21,Net Lotus Root (1),91.197,142,1,6.0,11
