model_prepration/daily_sales.csv
Date,Item Name,Quantity Sold (kilo),Sales_count,Discount (Yes/No),Unit Selling Price (RMB/kg),monthOfyear
2020-11-22,Net Lotus Root (1),67.538,98,0,8.0,11
2020-11-23,Net Lotus Root (1),34.987,52,0,8.0,11
2020-11-24,Net Lotus Root (1),44.692,76,1,6.0,11
2020-11-25,Net Lotus Root (1),38.697,57,1,6.0,11
2020-11-26,Net Lotus Root (1),24.099,35,0,8.0,11
2020-11-27,Net Lotus Root (1),23.178,34,1,6.0,11
2020-11-28,Net Lotus Root (1),30.289,45,0,8.0,11
2020-11-29,Net Lotus Root (1),31.494,46,0,8.0,11
2020-11-30,Net Lotus Root (1),18.480999999999998,33,1,6.0,11
2020-12-01,Net Lotus Root (1),25.029,45,0,8.0,12
2020-12-02,Net Lotus Root (1),20.197,34,1,6.0,12
2020-12-03,Net Lotus Root (1),22.818,30,1,6.0,12
2020-12-04,Net Lotus Root (1),23.924,37,0,8.0,12
2020-12-05,Net Lotus Root (1),34.801,53,1,6.0,12
2020-12-06,Net Lotus Root (1),64.56,94,1,6.0,12
2020-12-07,Net Lotus Root (1),45.368,66,1,6.0,12
2020-12-08,Net Lotus Root (1),40.159,68,1,6.0,12
2020-12-09,Net Lotus Root (1),36.39,53,1,6.0,12
2020-12-10,Net Lotus Root (1),43.065,57,1,4.0,12
2020-12-11,Net Lotus Root (1),43.653,62,0,6.0,12
2020-12-12,Net Lotus Root (1),57.082,78,1,6.0,12
2020-12-13,Net Lotus Root (1),51.712,78,0,8.0,12
2020-12-14,Net Lotus Root (1),51.695,84,1,5.0,12
2020-12-15,Net Lotus Root (1),36.313,52,1,6.0,12
2020-12-16,Net Lotus Root (1),32.948,43,1,6.0,12
2020-12-17,Net Lotus Root (1),34.981,56,1,6.0,12
2020-12-18,Net Lotus Root (1),38.543,53,1,6.0,12
2020-12-19,Net Lotus Root (1),48.441,76,0,9.0,12
2020-12-20,Net Lotus Root (1),45.703,65,1,6.0,12
2020-12-21,Net Lotus Root (1),36.636,49,1,6.0,12
2020-12-22,Net Lotus Root (1),30.202,36,1,6.0,12
2020-12-23,Net Lotus Root (1),33.509,43,1,6.0,12
2020-12-24,Net Lotus Root (1),47.073,65,1,6.0,12
2020-12-25,Net Lotus Root (1),32.717,46,1,6.0,12
2020-12-26,Net Lotus Root (1),46.044,64,0,9.0,12
2020-12-27,Net Lotus Root (1),48.028,69,0,9.0,12
2020-12-28,Net Lotus Root (1),40.015,49,1,6.0,12
2020-12-29,Net Lotus Root (1),35.653999999999996,45,1,6.0,12
2020-12-30,Net Lotus Root (1),38.003,53,1,6.0,12
2020-12-31,Net Lotus Root (1),51.652,62,1,6.0,12
2021-01-01,Net Lotus Root (1),66.895,88,0,7.0,1
2021-01-02,Net Lotus Root (1),60.253,81,1,6.0,1
2021-01-03,Net Lotus Root (1),48.053,74,1,6.0,1
2021-01-04,Net Lotus Root (1),28.703,51,0,9.0,1
2021-01-05,Net Lotus Root (1),33.833,47,0,9.0,1
2021-01-06,Net Lotus Root (1),26.38,36,0,9.0,1
2021-01-07,Net Lotus Root (1),37.841,51,0,9.0,1
2021-01-08,Net Lotus Root (1),20.534,30,0,9.0,1
2021-01-09,Net Lotus Root (1),39.814,57,0,9.0,1
2021-01-10,Net Lotus Root (1),39.867,54,0,8.0,1
2021-01-11,Net Lotus Root (1),28.683,36,0,8.0,1
2021-01-12,Net Lotus Root (1),30.226,44,0,8.0,1
2021-01-13,Net Lotus Root (1),26.666,38,0,10.0,1
2021-01-14,Net Lotus Root (1),23.585,32,0,9.0,1
2021-01-15,Net Lotus Root (1),30.471,40,0,9.0,1
2021-01-16,Net Lotus Root (1),41.605,54,0,9.0,1
2021-01-17,Net Lotus Root (1),31.654,37,0,10.0,1
2021-01-18,Net Lotus Root (1),23.469,32,0,10.0,1
2021-01-19,Net Lotus Root (1),23.031,37,0,10.0,1
2021-01-20,Net Lotus Root (1),27.318,41,0,10.0,1
2021-01-21,Net Lotus Root (1),28.117,39,0,10.0,1
2021-01-22,Net Lotus Root (1),24.242,37,0,10.0,1
2021-01-23,Net Lotus Root (1),35.446,55,0,10.0,1
2021-01-24,Net Lotus Root (1),40.665,62,0,10.0,1
2021-01-25,Net Lotus Root (1),42.278,54,0,10.0,1
2021-01-26,Net Lotus Root (1),34.542,47,0,10.0,1
2021-01-27,Net Lotus Root (1),34.14,46,0,10.0,1
2021-01-28,Net Lotus Root (1),42.278,57,0,10.0,1
2021-01-29,Net Lotus Root (1),28.599,39,0,10.0,1
2021-01-30,Net Lotus Root (1),29.941,44,0,10.0,1
2021-01-31,Net Lotus Root (1),28.81,38,0,10.0,1
2021-02-01,Net Lotus Root (1),26.781,37,0,9.0,2
2021-02-02,Net Lotus Root (1),32.206,38,0,9.0,2
2021-02-03,Net Lotus Root (1),24.454,36,0,9.0,2
2021-02-04,Net Lotus Root (1),33.076,42,0,9.0,2
2021-02-05,Net Lotus Root (1),35.416000000000004,46,0,9.0,2
2021-02-06,Net Lotus Root (1),39.891999999999996,49,0,9.0,2
2021-02-07,Net Lotus Root (1),36.685,35,0,9.0,2
2021-02-08,Net Lotus Root (1),72.632,64,0,10.0,2
2021-02-09,Net Lotus Root (1),77.825,67,0,14.0,2
2021-02-10,Net Lotus Root (1),147.342,144,0,16.0,2
2021-02-14,Net Lotus Root (1),52.733,64,1,14.0,2
2021-02-15,Net Lotus Root (1),52.821,64,0,14.0,2
2021-02-16,Net Lotus Root (1),67.819,84,0,14.0,2
2021-02-17,Net Lotus Root (1),53.632,70,0,12.0,2
2021-02-18,Net Lotus Root (1),62.327,83,0,12.0,2
2021-02-19,Net Lotus Root (1),62.583,74,1,3.0,2
2021-02-20,Net Lotus Root (1),42.79,58,0,12.0,2
2021-02-21,Net Lotus Root (1),26.828,41,0,12.0,2
2021-02-22,Net Lotus Root (1),29.742,38,0,10.0,2
2021-02-23,Net Lotus Root (1),18.409,32,0,10.0,2
2021-02-24,Net Lotus Root (1),37.166,60,0,10.0,2
2021-02-25,Net Lotus Root (1),37.611,51,0,10.0,2
2021-02-26,Net Lotus Root (1),33.812,45,0,10.0,2
2021-02-27,Net Lotus Root (1),31.688,49,0,10.0,2
2021-02-28,Net Lotus Root (1),29.552,50,0,10.0,2
2021-03-01,Net Lotus Root (1),24.048,31,0,10.0,3
2021-03-02,Net Lotus Root (1),21.406,34,0,10.0,3
2021-03-03,Net Lotus Root (1),7.757,15,0,10.0,3
2021-03-04,Net Lotus Root (1),18.177,27,0,10.0,3
2021-03-05,Net Lotus Root (1),18.138,30,0,10.0,3
2021-03-06,Net Lotus Root (1),26.735,40,0,10.0,3
2021-03-07,Net Lotus Root (1),26.889,39,0,10.0,3
2021-03-08,Net Lotus Root (1),23.921,39,0,10.0,3
2021-03-09,Net Lotus Root (1),32.608,49,0,8.0,3
2021-03-10,Net Lotus Root (1),24.891000000000002,35,0,8.0,3
2021-03-11,Net Lotus Root (1),26.204,46,0,8.0,3
2021-03-12,Net Lotus Root (1),19.764,28,0,8.0,3
2021-03-13,Net Lotus Root (1),31.086,44,0,10.0,3
2021-03-14,Net Lotus Root (1),21.295,32,0,10.0,3
2021-03-15,Net Lotus Root (1),17.597,24,0,10.0,3
2021-03-16,Net Lotus Root (1),15.772,22,0,10.0,3
2021-03-17,Net Lotus Root (1),14.530000000000001,21,0,10.0,3
2021-03-18,Net Lotus Root (1),15.852,25,0,10.0,3
2021-03-19,Net Lotus Root (1),23.292,30,0,10.0,3
2021-03-20,Net Lotus Root (1),25.584,38,0,10.0,3
2021-03-21,Net Lotus Root (1),29.423000000000002,48,0,10.0,3
2021-03-22,Net Lotus Root (1),6.351999999999999,10,0,10.0,3
2021-03-23,Net Lotus Root (1),10.068999999999999,18,0,10.0,3
2021-03-24,Net Lotus Root (1),10.682,16,0,10.0,3
2021-03-25,Net Lotus Root (1),11.403,18,0,10.0,3
2021-03-26,Net Lotus Root (1),26.647000000000002,36,0,10.0,3
2021-03-27,Net Lotus Root (1),23.569,31,0,10.0,3
2021-03-28,Net Lotus Root (1),24.58,38,0,10.0,3
2021-03-29,Net Lotus Root (1),8.999,16,0,10.0,3
2021-03-30,Net Lotus Root (1),8.619,16,0,10.0,3
2021-03-31,Net Lotus Root (1),6.494,11,0,10.0,3
2021-04-01,Net Lotus Root (1),7.125,6,0,10.0,4
2021-04-02,Net Lotus Root (1),14.721,19,0,10.0,4
2021-04-03,Net Lotus Root (1),24.128,28,0,8.0,4
2021-04-04,Net Lotus Root (1),20.461,29,0,8.0,4
2021-04-05,Net Lotus Root (1),21.845,27,0,8.0,4
2021-04-06,Net Lotus Root (1),3.457,6,0,10.0,4
2021-04-07,Net Lotus Root (1),16.416,28,0,10.0,4
2021-04-08,Net Lotus Root (1),7.355,13,0,10.0,4
2021-04-09,Net Lotus Root (1),19.838,25,1,8.0,4
2021-04-10,Net Lotus Root (1),17.415,28,0,11.0,4
2021-04-11,Net Lotus Root (1),15.993,28,0,11.0,4
2021-04-12,Net Lotus Root (1),3.056,6,0,10.0,4
2021-04-13,Net Lotus Root (1),4.519,8,0,10.0,4
2021-04-14,Net Lotus Root (1),11.253,18,0,10.0,4
2021-04-15,Net Lotus Root (1),11.104,16,0,10.0,4
2021-04-16,Net Lotus Root (1),10.531,16,0,10.0,4
2021-04-17,Net Lotus Root (1),14.89,20,0,10.0,4
2021-04-18,Net Lotus Root (1),11.093,16,0,10.0,4
2021-04-19,Net Lotus Root (1),6.655,12,0,10.0,4
2021-04-20,Net Lotus Root (1),10.332,17,0,10.0,4
2021-04-21,Net Lotus Root (1),12.076,20,0,10.0,4
2021-04-22,Net Lotus Root (1),10.311,13,0,10.0,4
2021-04-23,Net Lotus Root (1),9.17,15,0,10.0,4
2021-04-24,Net Lotus Root (1),15.544,17,0,10.0,4
2021-04-25,Net Lotus Root (1),10.923,14,0,10.0,4
2021-04-26,Net Lotus Root (1),9.751,16,0,10.0,4
2021-04-27,Net Lotus Root (1),8.81,15,0,10.0,4
2021-04-28,Net Lotus Root (1),5.982,11,0,10.0,4
2021-04-29,Net Lotus Root (1),6.564,12,0,10.0,4
2021-04-30,Net Lotus Root (1),12.828000000000001,16,0,10.0,4
2021-05-01,Net Lotus Root (1),16.864,24,0,10.0,5
2021-05-02,Net Lotus Root (1),15.502,19,0,10.0,5
2021-05-03,Net Lotus Root (1),17.666,25,0,10.0,5
2021-05-04,Net Lotus Root (1),7.656,12,0,10.0,5
2021-05-05,Net Lotus Root (1),12.587,19,0,10.0,5
2021-05-06,Net Lotus Root (1),4.789,8,0,10.0,5
2021-05-07,Net Lotus Root (1),4.399,7,0,10.0,5
2021-05-08,Net Lotus Root (1),8.86,16,0,10.0,5
2021-05-09,Net Lotus Root (1),11.465,16,0,10.0,5
2021-05-10,Net Lotus Root (1),3.507,5,0,10.0,5
2021-05-11,Net Lotus Root (1),4.199,8,0,10.0,5
2021-05-12,Net Lotus Root (1),3.327,5,0,10.0,5
2021-05-13,Net Lotus Root (1),6.6850000000000005,12,0,10.0,5
2021-05-14,Net Lotus Root (1),8.277,17,0,10.0,5
2021-05-15,Net Lotus Root (1),10.153,12,0,10.0,5
2021-05-16,Net Lotus Root (1),5.063,12,0,10.0,5
2021-05-17,Net Lotus Root (1),3.778,7,0,10.0,5
2021-05-18,Net Lotus Root (1),6.492,13,0,10.0,5
2021-05-19,Net Lotus Root (1),6.382,10,0,10.0,5
2021-05-20,Net Lotus Root (1),2.507,9,0,10.0,5
2021-05-21,Net Lotus Root (1),3.016,5,0,10.0,5
2021-05-22,Net Lotus Root (1),7.766,14,0,10.0,5
2021-05-23,Net Lotus Root (1),7.196,15,0,10.0,5
2021-05-24,Net Lotus Root (1),3.0570000000000004,4,0,10.0,5
2021-05-25,Net Lotus Root (1),3.9789999999999996,6,0,10.0,5
2021-05-26,Net Lotus Root (1),2.174,4,0,10.0,5
2021-05-27,Net Lotus Root (1),6.424,12,0,10.0,5
2021-05-28,Net Lotus Root (1),3.528,5,0,10.0,5
2021-05-29,Net Lotus Root (1),6.422,11,0,10.0,5
2021-05-30,Net Lotus Root (1),2.825,5,0,10.0,5
2021-05-31,Net Lotus Root (1),1.9740000000000002,3,0,10.0,5
2021-06-01,Net Lotus Root (1),3.208,8,0,10.0,6
2021-06-02,Net Lotus Root (1),2.245,4,0,10.0,6
2021-06-03,Net Lotus Root (1),4.641,8,0,10.0,6
2021-06-04,Net Lotus Root (1),8.048,14,0,12.0,6
2021-06-05,Net Lotus Root (1),10.562,19,0,12.0,6
2021-06-06,Net Lotus Root (1),5.709,12,0,14.0,6
2021-06-07,Net Lotus Root (1),3.385,6,0,14.0,6
2021-06-08,Net Lotus Root (1),2.109,4,0,14.0,6
2021-06-09,Net Lotus Root (1),3.662,6,0,14.0,6
2021-06-10,Net Lotus Root (1),2.3390000000000004,3,0,14.0,6
2021-06-11,Net Lotus Root (1),2.197,5,0,16.0,6
2021-06-12,Net Lotus Root (1),14.351,23,0,16.0,6
2021-06-13,Net Lotus Root (1),4.364,8,0,19.8,6
2021-06-14,Net Lotus Root (1),7.313,13,0,19.8,6
2021-06-15,Net Lotus Root (1),3.537,8,0,19.8,6
2021-06-16,Net Lotus Root (1),0.8280000000000001,2,0,19.8,6
2021-06-17,Net Lotus Root (1),2.439,5,0,19.8,6
2021-06-18,Net Lotus Root (1),3.1870000000000003,7,0,19.8,6
2021-06-19,Net Lotus Root (1),3.4130000000000003,11,0,19.8,6
2021-06-20,Net Lotus Root (1),3.551,9,0,19.8,6
2021-06-21,Net Lotus Root (1),3.6510000000000002,10,0,19.8,6
2021-06-22,Net Lotus Root (1),3.742,10,0,19.8,6
2021-06-23,Net Lotus Root (1),2.126,6,0,19.8,6
2021-06-24,Net Lotus Root (1),2.484,5,0,19.8,6
2021-06-25,Net Lotus Root (1),2.283,6,0,19.8,6
2021-06-26,Net Lotus Root (1),8.106,15,0,16.0,6
2021-06-27,Net Lotus Root (1),9.301,23,0,16.0,6
2021-06-28,Net Lotus Root (1),3.637,7,0,16.0,6
2021-06-29,Net Lotus Root (1),2.291,5,0,16.0,6
2021-06-30,Net Lotus Root (1),2.098,5,0,16.0,6
2021-07-01,Net Lotus Root (1),3.292,8,0,16.0,7
2021-07-02,Net Lotus Root (1),3.286,6,0,16.0,7
2021-07-03,Net Lotus Root (1),7.869,19,0,16.0,7
2021-07-04,Net Lotus Root (1),6.8389999999999995,17,0,16.0,7
2021-07-05,Net Lotus Root (1),3.7039999999999997,9,0,16.0,7
2021-07-06,Net Lotus Root (1),1.7469999999999999,5,0,16.0,7
2021-07-07,Net Lotus Root (1),4.587,13,0,16.0,7
2021-07-08,Net Lotus Root (1),3.993,9,0,16.0,7
2021-07-09,Net Lotus Root (1),3.2159999999999997,7,0,16.0,7
2021-07-10,Net Lotus Root (1),8.899,15,0,16.0,7
2021-07-11,Net Lotus Root (1),7.69,21,0,16.0,7
2021-07-12,Net Lotus Root (1),3.3810000000000002,10,0,16.0,7
2021-07-13,Net Lotus Root (1),2.93,5,0,16.0,7
2021-07-14,Net Lotus Root (1),3.542,8,0,16.0,7
2021-07-15,Net Lotus Root (1),3.191,7,0,16.0,7
2021-07-16,Net Lotus Root (1),7.9239999999999995,19,1,14.0,7
2021-07-17,Net Lotus Root (1),13.548,31,1,14.0,7
2021-07-18,Net Lotus Root (1),14.795,31,1,14.0,7
2021-07-19,Net Lotus Root (1),9.793,20,1,14.0,7
2021-07-20,Net Lotus Root (1),8.781,20,1,14.0,7
2021-07-21,Net Lotus Root (1),10.75,25,1,14.0,7
2021-07-22,Net Lotus Root (1),14.568,21,1,14.0,7
2021-07-23,Net Lotus Root (1),11.554,28,0,12.0,7
2021-07-24,Net Lotus Root (1),26.355,50,0,12.0,7
2021-07-25,Net Lotus Root (1),21.671,43,0,12.0,7
2021-07-26,Net Lotus Root (1),13.166,27,0,11.8,7
2021-07-27,Net Lotus Root (1),26.208,55,0,11.8,7
2021-07-28,Net Lotus Root (1),26.498,48,0,11.8,7
2021-07-29,Net Lotus Root (1),14.468,31,0,11.8,7
2021-07-30,Net Lotus Root (1),16.534,33,0,11.8,7
2021-07-31,Net Lotus Root (1),15.472,31,0,12.0,7
2021-08-01,Net Lotus Root (1),32.243,63,1,8.3,8
2021-08-02,Net Lotus Root (1),20.946,35,1,10.0,8
2021-08-03,Net Lotus Root (1),23.8,45,1,10.0,8
2021-08-04,Net Lotus Root (1),21.12,35,1,10.0,8
2021-08-05,Net Lotus Root (1),13.541,29,1,10.0,8
2021-08-06,Net Lotus Root (1),18.553,32,0,12.0,8
2021-08-07,Net Lotus Root (1),24.206,46,0,12.0,8
2021-08-08,Net Lotus Root (1),21.095,37,1,9.2,8
2021-08-09,Net Lotus Root (1),17.391000000000002,30,0,10.0,8
2021-08-10,Net Lotus Root (1),20.024,41,0,10.0,8
2021-08-11,Net Lotus Root (1),18.739,34,0,10.0,8
2021-08-12,Net Lotus Root (1),26.478,46,1,8.0,8
2021-08-13,Net Lotus Root (1),37.722,67,1,8.0,8
2021-08-14,Net Lotus Root (1),27.112000000000002,41,1,8.0,8
2021-08-15,Net Lotus Root (1),46.018,76,1,8.0,8
2021-08-16,Net Lotus Root (1),48.033,84,1,8.0,8
2021-08-17,Net Lotus Root (1),52.568,96,1,8.0,8
2021-08-18,Net Lotus Root (1),50.778,85,1,8.0,8
2021-08-19,Net Lotus Root (1),26.026,44,1,8.0,8
2021-08-20,Net Lotus Root (1),24.038,40,1,8.0,8
2021-08-21,Net Lotus Root (1),33.284,56,1,8.0,8
2021-08-22,Net Lotus Root (1),46.269,80,0,10.0,8
2021-08-23,Net Lotus Root (1),37.492,53,0,10.0,8
2021-08-24,Net Lotus Root (1),28.054,47,0,10.0,8
2021-08-25,Net Lotus Root (1),33.156,56,0,8.0,8
2021-08-26,Net Lotus Root (1),60.592,108,0,8.0,8
2021-08-27,Net Lotus Root (1),54.271,83,0,8.0,8
2021-08-28,Net Lotus Root (1),45.476,81,0,8.0,8
2021-08-29,Net Lotus Root (1),52.591,81,0,8.0,8
2021-08-30,Net Lotus Root (1),39.724000000000004,62,0,8.0,8
2021-08-31,Net Lotus Root (1),29.864,53,0,8.0,8
2021-09-01,Net Lotus Root (1),45.309,77,0,6.0,9
2021-09-02,Net Lotus Root (1),44.626,71,0,6.0,9
2021-09-03,Net Lotus Root (1),52.492,89,0,6.0,9
2021-09-04,Net Lotus Root (1),65.33,90,0,6.0,9
2021-09-05,Net Lotus Root (1),57.516,86,0,6.0,9
2021-09-06,Net Lotus Root (1),32.852,57,0,8.0,9
2021-09-07,Net Lotus Root (1),33.657,60,0,8.0,9
2021-09-08,Net Lotus Root (1),37.852,60,0,8.0,9
2021-09-09,Net Lotus Root (1),30.618,52,0,8.0,9
2021-09-10,Net Lotus Root (1),34.614,52,0,6.0,9
2021-09-11,Net Lotus Root (1),53.461999999999996,85,0,6.0,9
2021-09-12,Net Lotus Root (1),48.443,76,0,6.0,9
2021-09-13,Net Lotus Root (1),29.502,48,0,6.0,9
2021-09-14,Net Lotus Root (1),33.377,52,0,6.0,9
2021-09-15,Net Lotus Root (1),25.03,39,0,6.6,9
2021-09-16,Net Lotus Root (1),28.371,40,0,6.6,9
2021-09-17,Net Lotus Root (1),25.992,34,0,6.6,9
2021-09-18,Net Lotus Root (1),28.292,44,0,6.6,9
2021-09-19,Net Lotus Root (1),57.488,78,0,6.6,9
2021-09-20,Net Lotus Root (1),64.293,83,0,6.6,9
2021-09-21,Net Lotus Root (1),78.36,106,0,6.6,9
2021-09-22,Net Lotus Root (1),24.542,46,0,6.6,9
2021-09-23,Net Lotus Root (1),12.172,20,0,7.0,9
2021-09-24,Net Lotus Root (1),22.144000000000002,39,1,6.0,9
2021-09-25,Net Lotus Root (1),42.555,71,0,6.0,9
2021-09-26,Net Lotus Root (1),46.718,73,0,6.0,9
2021-09-27,Net Lotus Root (1),42.001,67,0,6.0,9
2021-09-28,Net Lotus Root (1),33.224000000000004,55,0,6.0,9
2021-09-29,Net Lotus Root (1),35.829,54,0,6.6,9
2021-09-30,Net Lotus Root (1),37.14,56,0,6.6,9
2021-10-01,Net Lotus Root (1),66.835,90,0,6.6,10
2021-10-02,Net Lotus Root (1),57.211999999999996,80,0,6.6,10
2021-10-03,Net Lotus Root (1),49.978,75,0,6.6,10
2021-10-04,Net Lotus Root (1),37.196,56,0,6.6,10
2021-10-05,Net Lotus Root (1),48.897,77,0,8.0,10
2021-10-06,Net Lotus Root (1),49.424,80,0,6.6,10
2021-10-07,Net Lotus Root (1),50.918,86,0,6.6,10
2021-10-08,Net Lotus Root (1),36.344,45,0,6.6,10
2021-10-09,Net Lotus Root (1),38.754,62,0,6.6,10
2021-10-10,Net Lotus Root (1),57.264,87,0,6.6,10
2021-10-11,Net Lotus Root (1),43.296,68,1,6.0,10
2021-10-12,Net Lotus Root (1),29.286,46,1,6.0,10
2021-10-13,Net Lotus Root (1),36.526,55,1,6.0,10
2021-10-14,Net Lotus Root (1),37.562,57,1,6.0,10
2021-10-15,Net Lotus Root (1),62.258,72,1,6.0,10
2021-10-16,Net Lotus Root (1),49.105,65,1,6.0,10
2021-10-17,Net Lotus Root (1),53.601,84,1,6.0,10
2021-10-18,Net Lotus Root (1),43.402,67,1,6.0,10
2021-10-19,Net Lotus Root (1),41.287,62,1,6.0,10
2021-10-20,Net Lotus Root (1),39.836999999999996,52,1,6.0,10
2021-10-21,Net Lotus Root (1),46.91,72,1,6.0,10
2021-10-22,Net Lotus Root (1),43.969,57,1,6.0,10
2021-10-23,Net Lotus Root (1),58.754,86,1,6.0,10
2021-10-24,Net Lotus Root (1),47.259,61,1,6.0,10
2021-10-25,Net Lotus Root (1),33.275999999999996,44,1,6.0,10
2021-10-26,Net Lotus Root (1),37.059,57,1,6.0,10
2021-10-27,Net Lotus Root (1),36.161,51,1,6.0,10
2021-10-28,Net Lotus Root (1),37.949,59,1,6.0,10
2021-10-29,Net Lotus Root (1),40.045,50,1,6.0,10
2021-10-30,Net Lotus Root (1),56.756,92,1,6.0,10
2021-10-31,Net Lotus Root (1),55.961,82,1,6.0,10
2021-11-01,Net Lotus Root (1),44.316,67,1,6.0,11
2021-11-02,Net Lotus Root (1),39.893,61,1,6.0,11
2021-11-03,Net Lotus Root (1),39.941,44,1,6.0,11
2021-11-04,Net Lotus Root (1),39.366,55,1,6.0,11
2021-11-05,Net Lotus Root (1),58.696,84,1,6.0,11
2021-11-06,Net Lotus Root (1),63.573,88,1,6.0,11
2021-11-07,Net Lotus Root (1),64.44500000000001,89,1,6.0,11
2021-11-08,Net Lotus Root (1),55.78,76,1,6.0,11
2021-11-09,Net Lotus Root (1),43.289,58,1,6.0,11
2021-11-10,Net Lotus Root (1),49.502,56,1,6.0,11
2021-11-11,Net Lotus Root (1),34.403,49,0,7.0,11
2021-11-12,Net Lotus Root (1),50.347,60,0,7.0,11
2021-11-13,Net Lotus Root (1),52.476,67,0,7.0,11
2021-11-14,Net Lotus Root (1),50.753,76,0,7.0,11
2021-11-15,Net Lotus Root (1),28.879,45,0,7.0,11
2021-11-16,Net Lotus Root (1),19.63,30,0,7.0,11
2021-11-17,Net Lotus Root (1),33.26,46,0,7.0,11
2021-11-18,Net Lotus Root (1),21.426,27,0,7.0,11
2021-11-19,Net Lotus Root (1),28.706,41,0,7.0,11
