model_prepration/daily_sales.csv
Date,Item Name,Quantity Sold (kilo),Sales_count,Discount (Yes/No),Unit Selling Price (RMB/kg),monthOfyear
2021-11-20,Net Lotus Root (1),49.598,73,0,7.0,11
2021-11-21,Net Lotus Root (1),44.486,67,1,6.0,11
2021-11-22,Net Lotus Root (1),29.73,45,1,6.0,11
2021-11-23,Net Lotus Root (1),30.631,46,1,6.0,11
2021-11-24,Net Lotus Root (1),26.466,36,1,6.0,11
2021-11-25,Net Lotus Root (1),26.912,40,1,6.0,11
2021-11-26,Net Lotus Root (1),37.647999999999996,53,1,6.0,11
2021-11-27,Net Lotus Root (1),56.466,76,1,6.0,11
2021-11-28,Net Lotus Root (1),47.269,58,1,6.0,11
2021-11-29,Net Lotus Root (1),26.496,42,1,6.0,11
2021-11-30,Net Lotus Root (1),27.918,41,1,6.0,11
2021-12-01,Net Lotus Root (1),26.523,34,0,7.0,12
2021-12-02,Net Lotus Root (1),18.364,28,0,7.0,12
2021-12-03,Net Lotus Root (1),18.09,27,0,6.0,12
2021-12-04,Net Lotus Root (1),56.198,75,0,6.0,12
2021-12-05,Net Lotus Root (1),46.011,52,0,6.0,12
2021-12-06,Net Lotus Root (1),11.266,17,0,7.0,12
2021-12-07,Net Lotus Root (1),25.907,41,0,7.0,12
2021-12-08,Net Lotus Root (1),22.516000000000002,26,0,7.0,12
2021-12-09,Net Lotus Root (1),19.842,29,0,7.0,12
2021-12-10,Net Lotus Root (1),29.168,40,0,7.0,12
2021-12-11,Net Lotus Root (1),80.848,107,0,6.0,12
2021-12-12,Net Lotus Root (1),56.884,74,0,6.0,12
2021-12-13,Net Lotus Root (1),21.245,30,0,6.0,12
2021-12-14,Net Lotus Root (1),29.013,41,0,6.0,12
2021-12-16,Net Lotus Root (1),35.708,47,0,6.0,12
2021-12-17,Net Lotus Root (1),34.952,51,0,6.0,12
2021-12-18,Net Lotus Root (1),49.03,57,0,6.0,12
2021-12-19,Net Lotus Root (1),56.482,82,1,5.6,12
2021-12-20,Net Lotus Root (1),31.448,42,0,6.0,12
2021-12-21,Net Lotus Root (1),47.2,56,0,6.0,12
2021-12-22,Net Lotus Root (1),27.033,31,0,6.0,12
2021-12-23,Net Lotus Root (1),28.376,36,0,6.0,12
2021-12-24,Net Lotus Root (1),35.441,41,0,6.0,12
2021-12-25,Net Lotus Root (1),62.761,93,0,6.0,12
2021-12-26,Net Lotus Root (1),90.012,112,0,6.0,12
2021-12-27,Net Lotus Root (1),37.892,49,0,6.0,12
2021-12-28,Net Lotus Root (1),31.748,45,0,6.0,12
2021-12-29,Net Lotus Root (1),30.789,41,0,6.0,12
2021-12-30,Net Lotus Root (1),30.64,40,0,6.0,12
2021-12-31,Net Lotus Root (1),57.659,74,0,6.0,12
2022-01-01,Net Lotus Root (1),74.168,74,0,6.0,1
2022-01-02,Net Lotus Root (1),23.006,32,0,6.0,1
2022-01-03,Net Lotus Root (1),58.589,66,0,6.0,1
2022-01-04,Net Lotus Root (1),46.229,57,0,6.0,1
2022-01-05,Net Lotus Root (1),31.197,47,0,6.0,1
2022-01-06,Net Lotus Root (1),31.345,42,0,6.0,1
2022-01-07,Net Lotus Root (1),42.554,60,0,6.0,1
2022-01-08,Net Lotus Root (1),58.58,81,0,6.0,1
2022-01-09,Net Lotus Root (1),49.012,66,0,6.0,1
2022-01-10,Net Lotus Root (1),35.083999999999996,46,0,6.0,1
2022-01-11,Net Lotus Root (1),19.652,26,0,6.0,1
2022-01-12,Net Lotus Root (1),28.544,45,0,6.0,1
2022-01-13,Net Lotus Root (1),16.681,24,0,6.0,1
2022-01-14,Net Lotus Root (1),35.033,45,0,6.0,1
2022-01-15,Net Lotus Root (1),47.338,67,0,6.0,1
2022-01-16,Net Lotus Root (1),41.028,52,0,6.0,1
2022-01-17,Net Lotus Root (1),40.524,53,0,6.0,1
2022-01-18,Net Lotus Root (1),29.633,38,0,6.0,1
2022-01-19,Net Lotus Root (1),48.879,57,0,6.0,1
2022-01-20,Net Lotus Root (1),53.814,64,0,6.0,1
2022-01-21,Net Lotus Root (1),55.275,67,0,7.0,1
2022-01-22,Net Lotus Root (1),60.906,69,0,10.0,1
2022-01-23,Net Lotus Root (1),62.496,74,0,11.0,1
2022-01-24,Net Lotus Root (1),35.996,38,0,12.0,1
2022-01-25,Net Lotus Root (1),63.18,64,0,12.0,1
2022-01-26,Net Lotus Root (1),58.393,53,0,12.0,1
2022-01-27,Net Lotus Root (1),90.101,75,0,12.0,1
2022-01-28,Net Lotus Root (1),112.191,98,0,12.0,1
2022-01-29,Net Lotus Root (1),74.138,70,0,14.0,1
2022-01-30,Net Lotus Root (1),108.55,105,0,14.0,1
2022-02-01,Net Lotus Root (1),20.473,25,0,14.0,2
2022-02-02,Net Lotus Root (1),34.787,39,0,14.0,2
2022-02-03,Net Lotus Root (1),3.662,4,0,12.0,2
2022-02-04,Net Lotus Root (1),54.237,53,0,12.0,2
2022-02-05,Net Lotus Root (1),0.243,1,0,12.0,2
2022-02-06,Net Lotus Root (1),61.176,82,0,12.0,2
2022-02-07,Net Lotus Root (1),40.076,55,0,12.0,2
2022-02-08,Net Lotus Root (1),28.383,32,0,10.0,2
2022-02-09,Net Lotus Root (1),29.227,39,0,10.0,2
2022-02-10,Net Lotus Root (1),28.635,34,0,10.0,2
2022-02-11,Net Lotus Root (1),34.543,45,0,10.0,2
2022-02-12,Net Lotus Root (1),49.085,60,0,8.0,2
2022-02-13,Net Lotus Root (1),31.197,42,0,8.0,2
2022-02-14,Net Lotus Root (1),22.341,29,0,8.0,2
2022-02-15,Net Lotus Root (1),47.492,63,0,8.0,2
2021-12-17,Yunnan Lettuce (Bag),4.0,4,0,4.5,12
2021-12-20,Yunnan Lettuce (Bag),5.0,5,1,2.7,12
2021-12-24,Yunnan Lettuce (Bag),12.0,12,1,2.7,12
2021-12-25,Yunnan Lettuce (Bag),4.0,4,0,4.5,12
2021-12-26,Yunnan Lettuce (Bag),4.0,4,0,4.5,12
2021-12-28,Yunnan Lettuce (Bag),5.0,5,1,2.7,12
2021-12-30,Yunnan Lettuce (Bag),5.0,5,0,4.5,12
2021-12-31,Yunnan Lettuce (Bag),6.0,6,0,4.5,12
2022-01-01,Yunnan Lettuce (Bag),10.0,10,0,4.5,1
2022-01-02,Yunnan Lettuce (Bag),5.0,5,0,4.5,1
2022-01-03,Yunnan Lettuce (Bag),4.0,4,0,4.5,1
2022-01-04,Yunnan Lettuce (Bag),6.0,6,0,4.5,1
2022-01-05,Yunnan Lettuce (Bag),3.0,3,0,4.5,1
2022-01-06,Yunnan Lettuce (Bag),7.0,7,0,4.5,1
2022-01-07,Yunnan Lettuce (Bag),5.0,5,0,4.5,1
2022-01-08,Yunnan Lettuce (Bag),9.0,9,0,4.5,1
2022-01-09,Yunnan Lettuce (Bag),6.0,6,0,4.5,1
2022-01-10,Yunnan Lettuce (Bag),4.0,4,0,4.5,1
2022-01-11,Yunnan Lettuce (Bag),3.0,3,0,4.5,1
2022-01-13,Yunnan Lettuce (Bag),5.0,5,0,4.5,1
2022-01-14,Yunnan Lettuce (Bag),6.0,6,0,4.5,1
2022-01-16,Yunnan Lettuce (Bag),5.0,5,0,4.5,1
2022-01-17,Yunnan Lettuce (Bag),5.0,5,1,3.2,1
2022-01-18,Yunnan Lettuce (Bag),4.0,4,0,4.5,1
2022-01-19,Yunnan Lettuce (Bag),10.0,10,0,4.5,1
2022-01-20,Yunnan Lettuce (Bag),7.0,7,1,3.2,1
2022-01-21,Yunnan Lettuce (Bag),5.0,5,0,4.5,1
2022-01-23,Yunnan Lettuce (Bag),10.0,10,0,4.5,1
2022-01-24,Yunnan Lettuce (Bag),14.0,14,1,3.2,1
2022-01-25,Yunnan Lettuce (Bag),7.0,7,1,3.2,1
2022-01-26,Yunnan Lettuce (Bag),15.0,15,0,4.5,1
2022-01-27,Yunnan Lettuce (Bag),15.0,15,1,3.2,1
2022-01-28,Yunnan Lettuce (Bag),10.0,10,0,4.5,1
2022-01-29,Yunnan Lettuce (Bag),10.0,10,0,4.5,1
2022-02-04,Yunnan Lettuce (Bag),10.0,10,0,4.5,2
2022-02-05,Yunnan Lettuce (Bag),8.0,8,0,4.5,2
2022-02-06,Yunnan Lettuce (Bag),8.0,8,0,4.5,2
2022-02-07,Yunnan Lettuce (Bag),10.0,10,0,3.5,2
2022-02-08,Yunnan Lettuce (Bag),8.0,8,0,2.9,2
2022-02-09,Yunnan Lettuce (Bag),8.0,8,0,2.9,2
2022-02-10,Yunnan Lettuce (Bag),6.0,6,0,2.9,2
2022-02-11,Yunnan Lettuce (Bag),10.0,10,0,2.9,2
2022-02-12,Yunnan Lettuce (Bag),8.0,8,0,2.9,2
2022-02-13,Yunnan Lettuce (Bag),12.0,12,0,2.9,2
2022-02-14,Yunnan Lettuce (Bag),29.0,29,0,2.9,2
2022-01-16,Needle Mushroom (Box),10.0,10,0,3.9,1
2022-01-17,Needle Mushroom (Box),16.0,16,0,3.9,1
2022-01-18,Needle Mushroom (Box),12.0,12,0,3.9,1
2022-01-19,Needle Mushroom (Box),27.0,27,0,3.9,1
2022-01-20,Needle Mushroom (Box),18.0,18,0,3.9,1
2022-01-21,Needle Mushroom (Box),21.0,21,0,3.9,1
2022-01-22,Needle Mushroom (Box),30.0,30,0,3.9,1
2022-01-23,Needle Mushroom (Box),28.0,28,0,5.9,1
2022-01-24,Needle Mushroom (Box),9.0,9,0,6.9,1
2022-01-25,Needle Mushroom (Box),26.0,26,0,6.9,1
2022-01-26,Needle Mushroom (Box),15.0,15,0,6.9,1
2022-01-27,Needle Mushroom (Box),21.0,21,0,6.9,1
2022-01-28,Needle Mushroom (Box),46.0,46,0,6.9,1
2022-01-29,Needle Mushroom (Box),75.0,75,0,6.9,1
2022-01-30,Needle Mushroom (Box),5.0,5,0,6.9,1
2022-02-01,Needle Mushroom (Box),16.0,16,0,6.9,2
2022-02-02,Needle Mushroom (Box),33.0,33,0,6.9,2
2022-02-03,Needle Mushroom (Box),5.0,5,0,6.9,2
2022-02-04,Needle Mushroom (Box),24.0,24,0,6.9,2
2022-02-05,Needle Mushroom (Box),30.0,30,0,6.9,2
2022-02-06,Needle Mushroom (Box),49.0,49,0,6.9,2
2022-02-07,Needle Mushroom (Box),13.0,13,0,6.9,2
2022-02-08,Needle Mushroom (Box),12.0,12,0,6.9,2
2022-02-09,Needle Mushroom (Box),17.0,17,0,6.9,2
2022-02-10,Needle Mushroom (Box),6.0,6,0,5.9,2
2022-02-11,Needle Mushroom (Box),6.0,6,0,5.9,2
2022-02-12,Needle Mushroom (Box),20.0,20,0,5.9,2
2022-02-13,Needle Mushroom (Box),21.0,21,0,5.9,2
2022-02-14,Needle Mushroom (Box),18.0,18,0,5.9,2
2022-02-15,Needle Mushroom (Box),15.0,15,0,5.9,2
